01:16:58 **** Incremental Build of configuration Debug for project ADASWithSDV ****
make -j8 all 
arm-none-eabi-gcc "../Core/code/src/perception/app/app.c" -mcpu=cortex-m4 -std=gnu11 -g3 -DDEBUG -DUSE_HAL_DRIVER -DSTM32F401xC -c -I../Core/Inc -I../Drivers/STM32F4xx_HAL_Driver/Inc -I../Drivers/STM32F4xx_HAL_Driver/Inc/Legacy -I../Drivers/CMSIS/Device/ST/STM32F4xx/Include -I../Drivers/CMSIS/Include -I../Middlewares/Third_Party/FreeRTOS/Source/include -I../Middlewares/Third_Party/FreeRTOS/Source/CMSIS_RTOS_V2 -I../Middlewares/Third_Party/FreeRTOS/Source/portable/GCC/ARM_CM4F -O0 -ffunction-sections -fdata-sections -Wall -fstack-usage -fcyclomatic-complexity -MMD -MP -MF"Core/code/src/perception/app/app.d" -MT"Core/code/src/perception/app/app.o" --specs=nano.specs -mfpu=fpv4-sp-d16 -mfloat-abi=hard -mthumb -o "Core/code/src/perception/app/app.o"
../Core/code/src/perception/app/app.c:34:32: warning: initialization discards 'volatile' qualifier from pointer target type [-Wdiscarded-qualifiers]
   34 |                 .htimTrigger = &htim2,
      |                                ^
../Core/code/src/perception/app/app.c:35:29: warning: initialization discards 'volatile' qualifier from pointer target type [-Wdiscarded-qualifiers]
   35 |                 .htimEcho = &htim3,
      |                             ^
../Core/code/src/perception/app/app.c:49:32: warning: initialization discards 'volatile' qualifier from pointer target type [-Wdiscarded-qualifiers]
   49 |                 .htimTrigger = &htim2,
      |                                ^
../Core/code/src/perception/app/app.c:50:29: warning: initialization discards 'volatile' qualifier from pointer target type [-Wdiscarded-qualifiers]
   50 |                 .htimEcho = &htim4,
      |                             ^
../Core/code/src/perception/app/app.c:64:32: warning: initialization discards 'volatile' qualifier from pointer target type [-Wdiscarded-qualifiers]
   64 |                 .htimTrigger = &htim2,
      |                                ^
../Core/code/src/perception/app/app.c:65:29: warning: initialization discards 'volatile' qualifier from pointer target type [-Wdiscarded-qualifiers]
   65 |                 .htimEcho = &htim5,
      |                             ^
../Core/code/src/perception/app/app.c: In function 'HAL_TIM_IC_CaptureCallback':
../Core/code/src/perception/app/app.c:85:39: warning: passing argument 1 of 'ultraSonicInputCaptureHandler' discards 'volatile' qualifier from pointer target type [-Wdiscarded-qualifiers]
   85 |         ultraSonicInputCaptureHandler(&htim3,&FRONT_firstCap,&FRONT_secondCap,(float*)(&FRONT_sensorData.sensorData),&FRONT_flag);
      |                                       ^~~~~~
In file included from ../Core/code/src/perception/app/app.c:9:
../Core/code/src/perception/app/../HAL/ultraSonic/ultraSonic.h:50:36: note: expected 'TIM_HandleTypeDef *' but argument is of type 'volatile TIM_HandleTypeDef *'
   50 | void ultraSonicInputCaptureHandler(TIM_HandleTypeDef*, uint32_t*, uint32_t*, float*, uint8_t*);
      |                                    ^~~~~~~~~~~~~~~~~~
../Core/code/src/perception/app/app.c:85:46: warning: passing argument 2 of 'ultraSonicInputCaptureHandler' discards 'volatile' qualifier from pointer target type [-Wdiscarded-qualifiers]
   85 |         ultraSonicInputCaptureHandler(&htim3,&FRONT_firstCap,&FRONT_secondCap,(float*)(&FRONT_sensorData.sensorData),&FRONT_flag);
      |                                              ^~~~~~~~~~~~~~~
../Core/code/src/perception/app/../HAL/ultraSonic/ultraSonic.h:50:56: note: expected 'uint32_t *' {aka 'long unsigned int *'} but argument is of type 'volatile uint32_t *' {aka 'volatile long unsigned int *'}
   50 | void ultraSonicInputCaptureHandler(TIM_HandleTypeDef*, uint32_t*, uint32_t*, float*, uint8_t*);
      |                                                        ^~~~~~~~~
../Core/code/src/perception/app/app.c:85:62: warning: passing argument 3 of 'ultraSonicInputCaptureHandler' discards 'volatile' qualifier from pointer target type [-Wdiscarded-qualifiers]
   85 |         ultraSonicInputCaptureHandler(&htim3,&FRONT_firstCap,&FRONT_secondCap,(float*)(&FRONT_sensorData.sensorData),&FRONT_flag);
      |                                                              ^~~~~~~~~~~~~~~~
../Core/code/src/perception/app/../HAL/ultraSonic/ultraSonic.h:50:67: note: expected 'uint32_t *' {aka 'long unsigned int *'} but argument is of type 'volatile uint32_t *' {aka 'volatile long unsigned int *'}
   50 | void ultraSonicInputCaptureHandler(TIM_HandleTypeDef*, uint32_t*, uint32_t*, float*, uint8_t*);
      |                                                                   ^~~~~~~~~
../Core/code/src/perception/app/app.c:85:118: warning: passing argument 5 of 'ultraSonicInputCaptureHandler' discards 'volatile' qualifier from pointer target type [-Wdiscarded-qualifiers]
   85 |         ultraSonicInputCaptureHandler(&htim3,&FRONT_firstCap,&FRONT_secondCap,(float*)(&FRONT_sensorData.sensorData),&FRONT_flag);
      |                                                                                                                      ^~~~~~~~~~~
../Core/code/src/perception/app/../HAL/ultraSonic/ultraSonic.h:50:86: note: expected 'uint8_t *' {aka 'unsigned char *'} but argument is of type 'volatile uint8_t *' {aka 'volatile unsigned char *'}
   50 | void ultraSonicInputCaptureHandler(TIM_HandleTypeDef*, uint32_t*, uint32_t*, float*, uint8_t*);
      |                                                                                      ^~~~~~~~
../Core/code/src/perception/app/app.c:87:39: warning: passing argument 1 of 'ultraSonicInputCaptureHandler' discards 'volatile' qualifier from pointer target type [-Wdiscarded-qualifiers]
   87 |         ultraSonicInputCaptureHandler(&htim4,&LHS_firstCap,&LHS_secondCap,(float*)(&LHS_sensorData.sensorData),&LHS_flag);
      |                                       ^~~~~~
../Core/code/src/perception/app/../HAL/ultraSonic/ultraSonic.h:50:36: note: expected 'TIM_HandleTypeDef *' but argument is of type 'volatile TIM_HandleTypeDef *'
   50 | void ultraSonicInputCaptureHandler(TIM_HandleTypeDef*, uint32_t*, uint32_t*, float*, uint8_t*);
      |                                    ^~~~~~~~~~~~~~~~~~
../Core/code/src/perception/app/app.c:87:46: warning: passing argument 2 of 'ultraSonicInputCaptureHandler' discards 'volatile' qualifier from pointer target type [-Wdiscarded-qualifiers]
   87 |         ultraSonicInputCaptureHandler(&htim4,&LHS_firstCap,&LHS_secondCap,(float*)(&LHS_sensorData.sensorData),&LHS_flag);
      |                                              ^~~~~~~~~~~~~
../Core/code/src/perception/app/../HAL/ultraSonic/ultraSonic.h:50:56: note: expected 'uint32_t *' {aka 'long unsigned int *'} but argument is of type 'volatile uint32_t *' {aka 'volatile long unsigned int *'}
   50 | void ultraSonicInputCaptureHandler(TIM_HandleTypeDef*, uint32_t*, uint32_t*, float*, uint8_t*);
      |                                                        ^~~~~~~~~
../Core/code/src/perception/app/app.c:87:60: warning: passing argument 3 of 'ultraSonicInputCaptureHandler' discards 'volatile' qualifier from pointer target type [-Wdiscarded-qualifiers]
   87 |         ultraSonicInputCaptureHandler(&htim4,&LHS_firstCap,&LHS_secondCap,(float*)(&LHS_sensorData.sensorData),&LHS_flag);
      |                                                            ^~~~~~~~~~~~~~
../Core/code/src/perception/app/../HAL/ultraSonic/ultraSonic.h:50:67: note: expected 'uint32_t *' {aka 'long unsigned int *'} but argument is of type 'volatile uint32_t *' {aka 'volatile long unsigned int *'}
   50 | void ultraSonicInputCaptureHandler(TIM_HandleTypeDef*, uint32_t*, uint32_t*, float*, uint8_t*);
      |                                                                   ^~~~~~~~~
../Core/code/src/perception/app/app.c:87:112: warning: passing argument 5 of 'ultraSonicInputCaptureHandler' discards 'volatile' qualifier from pointer target type [-Wdiscarded-qualifiers]
   87 |         ultraSonicInputCaptureHandler(&htim4,&LHS_firstCap,&LHS_secondCap,(float*)(&LHS_sensorData.sensorData),&LHS_flag);
      |                                                                                                                ^~~~~~~~~
../Core/code/src/perception/app/../HAL/ultraSonic/ultraSonic.h:50:86: note: expected 'uint8_t *' {aka 'unsigned char *'} but argument is of type 'volatile uint8_t *' {aka 'volatile unsigned char *'}
   50 | void ultraSonicInputCaptureHandler(TIM_HandleTypeDef*, uint32_t*, uint32_t*, float*, uint8_t*);
      |                                                                                      ^~~~~~~~
../Core/code/src/perception/app/app.c:89:39: warning: passing argument 1 of 'ultraSonicInputCaptureHandler' discards 'volatile' qualifier from pointer target type [-Wdiscarded-qualifiers]
   89 |         ultraSonicInputCaptureHandler(&htim5,&RHS_firstCap,&RHS_secondCap,(float*)(&RHS_sensorData.sensorData),&RHS_flag);
      |                                       ^~~~~~
../Core/code/src/perception/app/../HAL/ultraSonic/ultraSonic.h:50:36: note: expected 'TIM_HandleTypeDef *' but argument is of type 'volatile TIM_HandleTypeDef *'
   50 | void ultraSonicInputCaptureHandler(TIM_HandleTypeDef*, uint32_t*, uint32_t*, float*, uint8_t*);
      |                                    ^~~~~~~~~~~~~~~~~~
../Core/code/src/perception/app/app.c:89:46: warning: passing argument 2 of 'ultraSonicInputCaptureHandler' discards 'volatile' qualifier from pointer target type [-Wdiscarded-qualifiers]
   89 |         ultraSonicInputCaptureHandler(&htim5,&RHS_firstCap,&RHS_secondCap,(float*)(&RHS_sensorData.sensorData),&RHS_flag);
      |                                              ^~~~~~~~~~~~~
../Core/code/src/perception/app/../HAL/ultraSonic/ultraSonic.h:50:56: note: expected 'uint32_t *' {aka 'long unsigned int *'} but argument is of type 'volatile uint32_t *' {aka 'volatile long unsigned int *'}
   50 | void ultraSonicInputCaptureHandler(TIM_HandleTypeDef*, uint32_t*, uint32_t*, float*, uint8_t*);
      |                                                        ^~~~~~~~~
../Core/code/src/perception/app/app.c:89:60: warning: passing argument 3 of 'ultraSonicInputCaptureHandler' discards 'volatile' qualifier from pointer target type [-Wdiscarded-qualifiers]
   89 |         ultraSonicInputCaptureHandler(&htim5,&RHS_firstCap,&RHS_secondCap,(float*)(&RHS_sensorData.sensorData),&RHS_flag);
      |                                                            ^~~~~~~~~~~~~~
../Core/code/src/perception/app/../HAL/ultraSonic/ultraSonic.h:50:67: note: expected 'uint32_t *' {aka 'long unsigned int *'} but argument is of type 'volatile uint32_t *' {aka 'volatile long unsigned int *'}
   50 | void ultraSonicInputCaptureHandler(TIM_HandleTypeDef*, uint32_t*, uint32_t*, float*, uint8_t*);
      |                                                                   ^~~~~~~~~
../Core/code/src/perception/app/app.c:89:112: warning: passing argument 5 of 'ultraSonicInputCaptureHandler' discards 'volatile' qualifier from pointer target type [-Wdiscarded-qualifiers]
   89 |         ultraSonicInputCaptureHandler(&htim5,&RHS_firstCap,&RHS_secondCap,(float*)(&RHS_sensorData.sensorData),&RHS_flag);
      |                                                                                                                ^~~~~~~~~
../Core/code/src/perception/app/../HAL/ultraSonic/ultraSonic.h:50:86: note: expected 'uint8_t *' {aka 'unsigned char *'} but argument is of type 'volatile uint8_t *' {aka 'volatile unsigned char *'}
   50 | void ultraSonicInputCaptureHandler(TIM_HandleTypeDef*, uint32_t*, uint32_t*, float*, uint8_t*);
      |                                                                                      ^~~~~~~~
../Core/code/src/perception/app/app.c: In function 'perceptionVidCheckOverFlowTask':
../Core/code/src/perception/app/app.c:97:41: warning: passing argument 1 of 'ultraSonicCheckOverFlow' discards 'volatile' qualifier from pointer target type [-Wdiscarded-qualifiers]
   97 |                 ultraSonicCheckOverFlow(&htim3,&FRONT_flag);
      |                                         ^~~~~~
../Core/code/src/perception/app/../HAL/ultraSonic/ultraSonic.h:52:30: note: expected 'TIM_HandleTypeDef *' but argument is of type 'volatile TIM_HandleTypeDef *'
   52 | void ultraSonicCheckOverFlow(TIM_HandleTypeDef*, uint8_t*);
      |                              ^~~~~~~~~~~~~~~~~~
../Core/code/src/perception/app/app.c:97:48: warning: passing argument 2 of 'ultraSonicCheckOverFlow' discards 'volatile' qualifier from pointer target type [-Wdiscarded-qualifiers]
   97 |                 ultraSonicCheckOverFlow(&htim3,&FRONT_flag);
      |                                                ^~~~~~~~~~~
../Core/code/src/perception/app/../HAL/ultraSonic/ultraSonic.h:52:50: note: expected 'uint8_t *' {aka 'unsigned char *'} but argument is of type 'volatile uint8_t *' {aka 'volatile unsigned char *'}
   52 | void ultraSonicCheckOverFlow(TIM_HandleTypeDef*, uint8_t*);
      |                                                  ^~~~~~~~
../Core/code/src/perception/app/app.c:98:41: warning: passing argument 1 of 'ultraSonicCheckOverFlow' discards 'volatile' qualifier from pointer target type [-Wdiscarded-qualifiers]
   98 |                 ultraSonicCheckOverFlow(&htim4,&LHS_flag);
      |                                         ^~~~~~
../Core/code/src/perception/app/../HAL/ultraSonic/ultraSonic.h:52:30: note: expected 'TIM_HandleTypeDef *' but argument is of type 'volatile TIM_HandleTypeDef *'
   52 | void ultraSonicCheckOverFlow(TIM_HandleTypeDef*, uint8_t*);
      |                              ^~~~~~~~~~~~~~~~~~
../Core/code/src/perception/app/app.c:98:48: warning: passing argument 2 of 'ultraSonicCheckOverFlow' discards 'volatile' qualifier from pointer target type [-Wdiscarded-qualifiers]
   98 |                 ultraSonicCheckOverFlow(&htim4,&LHS_flag);
      |                                                ^~~~~~~~~
../Core/code/src/perception/app/../HAL/ultraSonic/ultraSonic.h:52:50: note: expected 'uint8_t *' {aka 'unsigned char *'} but argument is of type 'volatile uint8_t *' {aka 'volatile unsigned char *'}
   52 | void ultraSonicCheckOverFlow(TIM_HandleTypeDef*, uint8_t*);
      |                                                  ^~~~~~~~
../Core/code/src/perception/app/app.c:99:41: warning: passing argument 1 of 'ultraSonicCheckOverFlow' discards 'volatile' qualifier from pointer target type [-Wdiscarded-qualifiers]
   99 |                 ultraSonicCheckOverFlow(&htim5,&RHS_flag);
      |                                         ^~~~~~
../Core/code/src/perception/app/../HAL/ultraSonic/ultraSonic.h:52:30: note: expected 'TIM_HandleTypeDef *' but argument is of type 'volatile TIM_HandleTypeDef *'
   52 | void ultraSonicCheckOverFlow(TIM_HandleTypeDef*, uint8_t*);
      |                              ^~~~~~~~~~~~~~~~~~
../Core/code/src/perception/app/app.c:99:48: warning: passing argument 2 of 'ultraSonicCheckOverFlow' discards 'volatile' qualifier from pointer target type [-Wdiscarded-qualifiers]
   99 |                 ultraSonicCheckOverFlow(&htim5,&RHS_flag);
      |                                                ^~~~~~~~~
../Core/code/src/perception/app/../HAL/ultraSonic/ultraSonic.h:52:50: note: expected 'uint8_t *' {aka 'unsigned char *'} but argument is of type 'volatile uint8_t *' {aka 'volatile unsigned char *'}
   52 | void ultraSonicCheckOverFlow(TIM_HandleTypeDef*, uint8_t*);
      |                                                  ^~~~~~~~
../Core/code/src/perception/app/app.c: In function 'perceptionVidBegin':
../Core/code/src/perception/app/app.c:143:22: warning: variable 'sendDataTaskHandle' set but not used [-Wunused-but-set-variable]
  143 |         osThreadId_t sendDataTaskHandle;
      |                      ^~~~~~~~~~~~~~~~~~
../Core/code/src/perception/app/app.c:137:22: warning: variable 'checkOVFTaskHandle' set but not used [-Wunused-but-set-variable]
  137 |         osThreadId_t checkOVFTaskHandle;
      |                      ^~~~~~~~~~~~~~~~~~
arm-none-eabi-gcc -o "ADASWithSDV.elf" @"objects.list"   -mcpu=cortex-m4 -T"D:\Graduation-Project\Baremetal\ADASWithSDV\STM32F401RCTX_FLASH.ld" --specs=nosys.specs -Wl,-Map="ADASWithSDV.map" -Wl,--gc-sections -static --specs=nano.specs -mfpu=fpv4-sp-d16 -mfloat-abi=hard -mthumb -Wl,--start-group -lc -lm -Wl,--end-group
Finished building target: ADASWithSDV.elf
 
arm-none-eabi-size  ADASWithSDV.elf 
arm-none-eabi-objdump -h -S ADASWithSDV.elf  > "ADASWithSDV.list"
   text	   data	    bss	    dec	    hex	filename
  28836	    344	  21352	  50532	   c564	ADASWithSDV.elf
arm-none-eabi-objcopy  -O ihex ADASWithSDV.elf  "ADASWithSDV.hex"
Finished building: default.size.stdout
 
Finished building: ADASWithSDV.list
Finished building: ADASWithSDV.hex
 
 

01:17:01 Build Finished. 0 errors, 26 warnings. (took 3s.170ms)

