19:56:55 **** Clean-only build of configuration Debug for project ADASWithSDV ****
make -j8 clean 
rm -rf ./Middlewares/Third_Party/FreeRTOS/Source/portable/MemMang/heap_4.cyclo ./Middlewares/Third_Party/FreeRTOS/Source/portable/MemMang/heap_4.d ./Middlewares/Third_Party/FreeRTOS/Source/portable/MemMang/heap_4.o ./Middlewares/Third_Party/FreeRTOS/Source/portable/MemMang/heap_4.su
rm -rf ./Middlewares/Third_Party/FreeRTOS/Source/portable/GCC/ARM_CM4F/port.cyclo ./Middlewares/Third_Party/FreeRTOS/Source/portable/GCC/ARM_CM4F/port.d ./Middlewares/Third_Party/FreeRTOS/Source/portable/GCC/ARM_CM4F/port.o ./Middlewares/Third_Party/FreeRTOS/Source/portable/GCC/ARM_CM4F/port.su
rm -rf ./Middlewares/Third_Party/FreeRTOS/Source/CMSIS_RTOS_V2/cmsis_os2.cyclo ./Middlewares/Third_Party/FreeRTOS/Source/CMSIS_RTOS_V2/cmsis_os2.d ./Middlewares/Third_Party/FreeRTOS/Source/CMSIS_RTOS_V2/cmsis_os2.o ./Middlewares/Third_Party/FreeRTOS/Source/CMSIS_RTOS_V2/cmsis_os2.su
rm -rf ./Middlewares/Third_Party/FreeRTOS/Source/croutine.cyclo ./Middlewares/Third_Party/FreeRTOS/Source/croutine.d ./Middlewares/Third_Party/FreeRTOS/Source/croutine.o ./Middlewares/Third_Party/FreeRTOS/Source/croutine.su ./Middlewares/Third_Party/FreeRTOS/Source/event_groups.cyclo ./Middlewares/Third_Party/FreeRTOS/Source/event_groups.d ./Middlewares/Third_Party/FreeRTOS/Source/event_groups.o ./Middlewares/Third_Party/FreeRTOS/Source/event_groups.su ./Middlewares/Third_Party/FreeRTOS/Source/list.cyclo ./Middlewares/Third_Party/FreeRTOS/Source/list.d ./Middlewares/Third_Party/FreeRTOS/Source/list.o ./Middlewares/Third_Party/FreeRTOS/Source/list.su ./Middlewares/Third_Party/FreeRTOS/Source/queue.cyclo ./Middlewares/Third_Party/FreeRTOS/Source/queue.d ./Middlewares/Third_Party/FreeRTOS/Source/queue.o ./Middlewares/Third_Party/FreeRTOS/Source/queue.su ./Middlewares/Third_Party/FreeRTOS/Source/stream_buffer.cyclo ./Middlewares/Third_Party/FreeRTOS/Source/stream_buffer.d ./Middlewares/Third_Party/FreeRTOS/Source/stream_buffer.o ./Middlewares/Third_Party/FreeRTOS/Source/stream_buffer.su ./Middlewares/Third_Party/FreeRTOS/Source/tasks.cyclo ./Middlewares/Third_Party/FreeRTOS/Source/tasks.d ./Middlewares/Third_Party/FreeRTOS/Source/tasks.o ./Middlewares/Third_Party/FreeRTOS/Source/tasks.su ./Middlewares/Third_Party/FreeRTOS/Source/timers.cyclo ./Middlewares/Third_Party/FreeRTOS/Source/timers.d ./Middlewares/Third_Party/FreeRTOS/Source/timers.o ./Middlewares/Third_Party/FreeRTOS/Source/timers.su
rm -rf ./Drivers/STM32F4xx_HAL_Driver/Src/stm32f4xx_hal.cyclo ./Drivers/STM32F4xx_HAL_Driver/Src/stm32f4xx_hal.d ./Drivers/STM32F4xx_HAL_Driver/Src/stm32f4xx_hal.o ./Drivers/STM32F4xx_HAL_Driver/Src/stm32f4xx_hal.su ./Drivers/STM32F4xx_HAL_Driver/Src/stm32f4xx_hal_cortex.cyclo ./Drivers/STM32F4xx_HAL_Driver/Src/stm32f4xx_hal_cortex.d ./Drivers/STM32F4xx_HAL_Driver/Src/stm32f4xx_hal_cortex.o ./Drivers/STM32F4xx_HAL_Driver/Src/stm32f4xx_hal_cortex.su ./Drivers/STM32F4xx_HAL_Driver/Src/stm32f4xx_hal_dma.cyclo ./Drivers/STM32F4xx_HAL_Driver/Src/stm32f4xx_hal_dma.d ./Drivers/STM32F4xx_HAL_Driver/Src/stm32f4xx_hal_dma.o ./Drivers/STM32F4xx_HAL_Driver/Src/stm32f4xx_hal_dma.su ./Drivers/STM32F4xx_HAL_Driver/Src/stm32f4xx_hal_dma_ex.cyclo ./Drivers/STM32F4xx_HAL_Driver/Src/stm32f4xx_hal_dma_ex.d ./Drivers/STM32F4xx_HAL_Driver/Src/stm32f4xx_hal_dma_ex.o ./Drivers/STM32F4xx_HAL_Driver/Src/stm32f4xx_hal_dma_ex.su ./Drivers/STM32F4xx_HAL_Driver/Src/stm32f4xx_hal_exti.cyclo ./Drivers/STM32F4xx_HAL_Driver/Src/stm32f4xx_hal_exti.d ./Drivers/STM32F4xx_HAL_Driver/Src/stm32f4xx_hal_exti.o ./Drivers/STM32F4xx_HAL_Driver/Src/stm32f4xx_hal_exti.su ./Drivers/STM32F4xx_HAL_Driver/Src/stm32f4xx_hal_flash.cyclo ./Drivers/STM32F4xx_HAL_Driver/Src/stm32f4xx_hal_flash.d ./Drivers/STM32F4xx_HAL_Driver/Src/stm32f4xx_hal_flash.o ./Drivers/STM32F4xx_HAL_Driver/Src/stm32f4xx_hal_flash.su ./Drivers/STM32F4xx_HAL_Driver/Src/stm32f4xx_hal_flash_ex.cyclo ./Drivers/STM32F4xx_HAL_Driver/Src/stm32f4xx_hal_flash_ex.d ./Drivers/STM32F4xx_HAL_Driver/Src/stm32f4xx_hal_flash_ex.o ./Drivers/STM32F4xx_HAL_Driver/Src/stm32f4xx_hal_flash_ex.su ./Drivers/STM32F4xx_HAL_Driver/Src/stm32f4xx_hal_flash_ramfunc.cyclo ./Drivers/STM32F4xx_HAL_Driver/Src/stm32f4xx_hal_flash_ramfunc.d ./Drivers/STM32F4xx_HAL_Driver/Src/stm32f4xx_hal_flash_ramfunc.o ./Drivers/STM32F4xx_HAL_Driver/Src/stm32f4xx_hal_flash_ramfunc.su ./Drivers/STM32F4xx_HAL_Driver/Src/stm32f4xx_hal_gpio.cyclo ./Drivers/STM32F4xx_HAL_Driver/Src/stm32f4xx_hal_gpio.d ./Drivers/STM32F4xx_HAL_Driver/Src/stm32f4xx_hal_gpio.o ./Drivers/STM32F4xx_HAL_Driver/Src/stm32f4xx_hal_gpio.su ./Drivers/STM32F4xx_HAL_Driver/Src/stm32f4xx_hal_pwr.cyclo ./Drivers/STM32F4xx_HAL_Driver/Src/stm32f4xx_hal_pwr.d ./Drivers/STM32F4xx_HAL_Driver/Src/stm32f4xx_hal_pwr.o ./Drivers/STM32F4xx_HAL_Driver/Src/stm32f4xx_hal_pwr.su ./Drivers/STM32F4xx_HAL_Driver/Src/stm32f4xx_hal_pwr_ex.cyclo ./Drivers/STM32F4xx_HAL_Driver/Src/stm32f4xx_hal_pwr_ex.d ./Drivers/STM32F4xx_HAL_Driver/Src/stm32f4xx_hal_pwr_ex.o ./Drivers/STM32F4xx_HAL_Driver/Src/stm32f4xx_hal_pwr_ex.su ./Drivers/STM32F4xx_HAL_Driver/Src/stm32f4xx_hal_rcc.cyclo ./Drivers/STM32F4xx_HAL_Driver/Src/stm32f4xx_hal_rcc.d ./Drivers/STM32F4xx_HAL_Driver/Src/stm32f4xx_hal_rcc.o ./Drivers/STM32F4xx_HAL_Driver/Src/stm32f4xx_hal_rcc.su ./Drivers/STM32F4xx_HAL_Driver/Src/stm32f4xx_hal_rcc_ex.cyclo ./Drivers/STM32F4xx_HAL_Driver/Src/stm32f4xx_hal_rcc_ex.d ./Drivers/STM32F4xx_HAL_Driver/Src/stm32f4xx_hal_rcc_ex.o ./Drivers/STM32F4xx_HAL_Driver/Src/stm32f4xx_hal_rcc_ex.su ./Drivers/STM32F4xx_HAL_Driver/Src/stm32f4xx_hal_tim.cyclo ./Drivers/STM32F4xx_HAL_Driver/Src/stm32f4xx_hal_tim.d ./Drivers/STM32F4xx_HAL_Driver/Src/stm32f4xx_hal_tim.o ./Drivers/STM32F4xx_HAL_Driver/Src/stm32f4xx_hal_tim.su ./Drivers/STM32F4xx_HAL_Driver/Src/stm32f4xx_hal_tim_ex.cyclo ./Drivers/STM32F4xx_HAL_Driver/Src/stm32f4xx_hal_tim_ex.d ./Drivers/STM32F4xx_HAL_Driver/Src/stm32f4xx_hal_tim_ex.o ./Drivers/STM32F4xx_HAL_Driver/Src/stm32f4xx_hal_tim_ex.su
rm -rf ./Core/code/src/utils/utils.cyclo ./Core/code/src/utils/utils.d ./Core/code/src/utils/utils.o ./Core/code/src/utils/utils.su
rm -rf ./Core/code/src/perception/app/app.cyclo ./Core/code/src/perception/app/app.d ./Core/code/src/perception/app/app.o ./Core/code/src/perception/app/app.su
rm -rf ./Core/code/src/perception/HAL/ultraSonic/ultraSonic.cyclo ./Core/code/src/perception/HAL/ultraSonic/ultraSonic.d ./Core/code/src/perception/HAL/ultraSonic/ultraSonic.o ./Core/code/src/perception/HAL/ultraSonic/ultraSonic.su
rm -rf ./Core/code/src/communication/sender/typesdefinition/typesdefinitions.cyclo ./Core/code/src/communication/sender/typesdefinition/typesdefinitions.d ./Core/code/src/communication/sender/typesdefinition/typesdefinitions.o ./Core/code/src/communication/sender/typesdefinition/typesdefinitions.su
rm -rf ./Core/code/src/communication/sender/transmission/transmission.cyclo ./Core/code/src/communication/sender/transmission/transmission.d ./Core/code/src/communication/sender/transmission/transmission.o ./Core/code/src/communication/sender/transmission/transmission.su
rm -rf ./Core/code/src/communication/sender/formatter/serialization.cyclo ./Core/code/src/communication/sender/formatter/serialization.d ./Core/code/src/communication/sender/formatter/serialization.o ./Core/code/src/communication/sender/formatter/serialization.su
rm -rf ./Core/code/src/communication/receiver/reception/reception.cyclo ./Core/code/src/communication/receiver/reception/reception.d ./Core/code/src/communication/receiver/reception/reception.o ./Core/code/src/communication/receiver/reception/reception.su
rm -rf ./Core/code/src/communication/communication.cyclo ./Core/code/src/communication/communication.d ./Core/code/src/communication/communication.o ./Core/code/src/communication/communication.su
rm -rf ./Core/code/src/actuating/app/app.cyclo ./Core/code/src/actuating/app/app.d ./Core/code/src/actuating/app/app.o ./Core/code/src/actuating/app/app.su
rm -rf ./Core/code/src/actuating/HAL/motor/motor.cyclo ./Core/code/src/actuating/HAL/motor/motor.d ./Core/code/src/actuating/HAL/motor/motor.o ./Core/code/src/actuating/HAL/motor/motor.su
rm -rf ./Core/Startup/startup_stm32f401rctx.d ./Core/Startup/startup_stm32f401rctx.o
rm -rf ./Core/Src/freertos.cyclo ./Core/Src/freertos.d ./Core/Src/freertos.o ./Core/Src/freertos.su ./Core/Src/main.cyclo ./Core/Src/main.d ./Core/Src/main.o ./Core/Src/main.su ./Core/Src/stm32f4xx_hal_msp.cyclo ./Core/Src/stm32f4xx_hal_msp.d ./Core/Src/stm32f4xx_hal_msp.o ./Core/Src/stm32f4xx_hal_msp.su ./Core/Src/stm32f4xx_hal_timebase_tim.cyclo ./Core/Src/stm32f4xx_hal_timebase_tim.d ./Core/Src/stm32f4xx_hal_timebase_tim.o ./Core/Src/stm32f4xx_hal_timebase_tim.su ./Core/Src/stm32f4xx_it.cyclo ./Core/Src/stm32f4xx_it.d ./Core/Src/stm32f4xx_it.o ./Core/Src/stm32f4xx_it.su ./Core/Src/syscalls.cyclo ./Core/Src/syscalls.d ./Core/Src/syscalls.o ./Core/Src/syscalls.su ./Core/Src/sysmem.cyclo ./Core/Src/sysmem.d ./Core/Src/sysmem.o ./Core/Src/sysmem.su ./Core/Src/system_stm32f4xx.cyclo ./Core/Src/system_stm32f4xx.d ./Core/Src/system_stm32f4xx.o ./Core/Src/system_stm32f4xx.su
rm -rf ADASWithSDV.elf ADASWithSDV.hex ADASWithSDV.list ADASWithSDV.map default.size.stdout
 
19:57:03 **** Build of configuration Debug for project ADASWithSDV ****
make -j8 all 
arm-none-eabi-gcc "../Middlewares/Third_Party/FreeRTOS/Source/portable/MemMang/heap_4.c" -mcpu=cortex-m4 -std=gnu11 -g3 -DDEBUG -DUSE_HAL_DRIVER -DSTM32F401xC -c -I../Core/Inc -I../Drivers/STM32F4xx_HAL_Driver/Inc -I../Drivers/STM32F4xx_HAL_Driver/Inc/Legacy -I../Drivers/CMSIS/Device/ST/STM32F4xx/Include -I../Drivers/CMSIS/Include -I../Middlewares/Third_Party/FreeRTOS/Source/include -I../Middlewares/Third_Party/FreeRTOS/Source/CMSIS_RTOS_V2 -I../Middlewares/Third_Party/FreeRTOS/Source/portable/GCC/ARM_CM4F -O0 -ffunction-sections -fdata-sections -Wall -fstack-usage -fcyclomatic-complexity -MMD -MP -MF"Middlewares/Third_Party/FreeRTOS/Source/portable/MemMang/heap_4.d" -MT"Middlewares/Third_Party/FreeRTOS/Source/portable/MemMang/heap_4.o" --specs=nano.specs -mfpu=fpv4-sp-d16 -mfloat-abi=hard -mthumb -o "Middlewares/Third_Party/FreeRTOS/Source/portable/MemMang/heap_4.o"
arm-none-eabi-gcc "../Middlewares/Third_Party/FreeRTOS/Source/portable/GCC/ARM_CM4F/port.c" -mcpu=cortex-m4 -std=gnu11 -g3 -DDEBUG -DUSE_HAL_DRIVER -DSTM32F401xC -c -I../Core/Inc -I../Drivers/STM32F4xx_HAL_Driver/Inc -I../Drivers/STM32F4xx_HAL_Driver/Inc/Legacy -I../Drivers/CMSIS/Device/ST/STM32F4xx/Include -I../Drivers/CMSIS/Include -I../Middlewares/Third_Party/FreeRTOS/Source/include -I../Middlewares/Third_Party/FreeRTOS/Source/CMSIS_RTOS_V2 -I../Middlewares/Third_Party/FreeRTOS/Source/portable/GCC/ARM_CM4F -O0 -ffunction-sections -fdata-sections -Wall -fstack-usage -fcyclomatic-complexity -MMD -MP -MF"Middlewares/Third_Party/FreeRTOS/Source/portable/GCC/ARM_CM4F/port.d" -MT"Middlewares/Third_Party/FreeRTOS/Source/portable/GCC/ARM_CM4F/port.o" --specs=nano.specs -mfpu=fpv4-sp-d16 -mfloat-abi=hard -mthumb -o "Middlewares/Third_Party/FreeRTOS/Source/portable/GCC/ARM_CM4F/port.o"
arm-none-eabi-gcc "../Middlewares/Third_Party/FreeRTOS/Source/CMSIS_RTOS_V2/cmsis_os2.c" -mcpu=cortex-m4 -std=gnu11 -g3 -DDEBUG -DUSE_HAL_DRIVER -DSTM32F401xC -c -I../Core/Inc -I../Drivers/STM32F4xx_HAL_Driver/Inc -I../Drivers/STM32F4xx_HAL_Driver/Inc/Legacy -I../Drivers/CMSIS/Device/ST/STM32F4xx/Include -I../Drivers/CMSIS/Include -I../Middlewares/Third_Party/FreeRTOS/Source/include -I../Middlewares/Third_Party/FreeRTOS/Source/CMSIS_RTOS_V2 -I../Middlewares/Third_Party/FreeRTOS/Source/portable/GCC/ARM_CM4F -O0 -ffunction-sections -fdata-sections -Wall -fstack-usage -fcyclomatic-complexity -MMD -MP -MF"Middlewares/Third_Party/FreeRTOS/Source/CMSIS_RTOS_V2/cmsis_os2.d" -MT"Middlewares/Third_Party/FreeRTOS/Source/CMSIS_RTOS_V2/cmsis_os2.o" --specs=nano.specs -mfpu=fpv4-sp-d16 -mfloat-abi=hard -mthumb -o "Middlewares/Third_Party/FreeRTOS/Source/CMSIS_RTOS_V2/cmsis_os2.o"
arm-none-eabi-gcc "../Middlewares/Third_Party/FreeRTOS/Source/croutine.c" -mcpu=cortex-m4 -std=gnu11 -g3 -DDEBUG -DUSE_HAL_DRIVER -DSTM32F401xC -c -I../Core/Inc -I../Drivers/STM32F4xx_HAL_Driver/Inc -I../Drivers/STM32F4xx_HAL_Driver/Inc/Legacy -I../Drivers/CMSIS/Device/ST/STM32F4xx/Include -I../Drivers/CMSIS/Include -I../Middlewares/Third_Party/FreeRTOS/Source/include -I../Middlewares/Third_Party/FreeRTOS/Source/CMSIS_RTOS_V2 -I../Middlewares/Third_Party/FreeRTOS/Source/portable/GCC/ARM_CM4F -O0 -ffunction-sections -fdata-sections -Wall -fstack-usage -fcyclomatic-complexity -MMD -MP -MF"Middlewares/Third_Party/FreeRTOS/Source/croutine.d" -MT"Middlewares/Third_Party/FreeRTOS/Source/croutine.o" --specs=nano.specs -mfpu=fpv4-sp-d16 -mfloat-abi=hard -mthumb -o "Middlewares/Third_Party/FreeRTOS/Source/croutine.o"
arm-none-eabi-gcc "../Middlewares/Third_Party/FreeRTOS/Source/event_groups.c" -mcpu=cortex-m4 -std=gnu11 -g3 -DDEBUG -DUSE_HAL_DRIVER -DSTM32F401xC -c -I../Core/Inc -I../Drivers/STM32F4xx_HAL_Driver/Inc -I../Drivers/STM32F4xx_HAL_Driver/Inc/Legacy -I../Drivers/CMSIS/Device/ST/STM32F4xx/Include -I../Drivers/CMSIS/Include -I../Middlewares/Third_Party/FreeRTOS/Source/include -I../Middlewares/Third_Party/FreeRTOS/Source/CMSIS_RTOS_V2 -I../Middlewares/Third_Party/FreeRTOS/Source/portable/GCC/ARM_CM4F -O0 -ffunction-sections -fdata-sections -Wall -fstack-usage -fcyclomatic-complexity -MMD -MP -MF"Middlewares/Third_Party/FreeRTOS/Source/event_groups.d" -MT"Middlewares/Third_Party/FreeRTOS/Source/event_groups.o" --specs=nano.specs -mfpu=fpv4-sp-d16 -mfloat-abi=hard -mthumb -o "Middlewares/Third_Party/FreeRTOS/Source/event_groups.o"
arm-none-eabi-gcc "../Middlewares/Third_Party/FreeRTOS/Source/list.c" -mcpu=cortex-m4 -std=gnu11 -g3 -DDEBUG -DUSE_HAL_DRIVER -DSTM32F401xC -c -I../Core/Inc -I../Drivers/STM32F4xx_HAL_Driver/Inc -I../Drivers/STM32F4xx_HAL_Driver/Inc/Legacy -I../Drivers/CMSIS/Device/ST/STM32F4xx/Include -I../Drivers/CMSIS/Include -I../Middlewares/Third_Party/FreeRTOS/Source/include -I../Middlewares/Third_Party/FreeRTOS/Source/CMSIS_RTOS_V2 -I../Middlewares/Third_Party/FreeRTOS/Source/portable/GCC/ARM_CM4F -O0 -ffunction-sections -fdata-sections -Wall -fstack-usage -fcyclomatic-complexity -MMD -MP -MF"Middlewares/Third_Party/FreeRTOS/Source/list.d" -MT"Middlewares/Third_Party/FreeRTOS/Source/list.o" --specs=nano.specs -mfpu=fpv4-sp-d16 -mfloat-abi=hard -mthumb -o "Middlewares/Third_Party/FreeRTOS/Source/list.o"
arm-none-eabi-gcc "../Middlewares/Third_Party/FreeRTOS/Source/queue.c" -mcpu=cortex-m4 -std=gnu11 -g3 -DDEBUG -DUSE_HAL_DRIVER -DSTM32F401xC -c -I../Core/Inc -I../Drivers/STM32F4xx_HAL_Driver/Inc -I../Drivers/STM32F4xx_HAL_Driver/Inc/Legacy -I../Drivers/CMSIS/Device/ST/STM32F4xx/Include -I../Drivers/CMSIS/Include -I../Middlewares/Third_Party/FreeRTOS/Source/include -I../Middlewares/Third_Party/FreeRTOS/Source/CMSIS_RTOS_V2 -I../Middlewares/Third_Party/FreeRTOS/Source/portable/GCC/ARM_CM4F -O0 -ffunction-sections -fdata-sections -Wall -fstack-usage -fcyclomatic-complexity -MMD -MP -MF"Middlewares/Third_Party/FreeRTOS/Source/queue.d" -MT"Middlewares/Third_Party/FreeRTOS/Source/queue.o" --specs=nano.specs -mfpu=fpv4-sp-d16 -mfloat-abi=hard -mthumb -o "Middlewares/Third_Party/FreeRTOS/Source/queue.o"
arm-none-eabi-gcc "../Middlewares/Third_Party/FreeRTOS/Source/stream_buffer.c" -mcpu=cortex-m4 -std=gnu11 -g3 -DDEBUG -DUSE_HAL_DRIVER -DSTM32F401xC -c -I../Core/Inc -I../Drivers/STM32F4xx_HAL_Driver/Inc -I../Drivers/STM32F4xx_HAL_Driver/Inc/Legacy -I../Drivers/CMSIS/Device/ST/STM32F4xx/Include -I../Drivers/CMSIS/Include -I../Middlewares/Third_Party/FreeRTOS/Source/include -I../Middlewares/Third_Party/FreeRTOS/Source/CMSIS_RTOS_V2 -I../Middlewares/Third_Party/FreeRTOS/Source/portable/GCC/ARM_CM4F -O0 -ffunction-sections -fdata-sections -Wall -fstack-usage -fcyclomatic-complexity -MMD -MP -MF"Middlewares/Third_Party/FreeRTOS/Source/stream_buffer.d" -MT"Middlewares/Third_Party/FreeRTOS/Source/stream_buffer.o" --specs=nano.specs -mfpu=fpv4-sp-d16 -mfloat-abi=hard -mthumb -o "Middlewares/Third_Party/FreeRTOS/Source/stream_buffer.o"
arm-none-eabi-gcc "../Middlewares/Third_Party/FreeRTOS/Source/tasks.c" -mcpu=cortex-m4 -std=gnu11 -g3 -DDEBUG -DUSE_HAL_DRIVER -DSTM32F401xC -c -I../Core/Inc -I../Drivers/STM32F4xx_HAL_Driver/Inc -I../Drivers/STM32F4xx_HAL_Driver/Inc/Legacy -I../Drivers/CMSIS/Device/ST/STM32F4xx/Include -I../Drivers/CMSIS/Include -I../Middlewares/Third_Party/FreeRTOS/Source/include -I../Middlewares/Third_Party/FreeRTOS/Source/CMSIS_RTOS_V2 -I../Middlewares/Third_Party/FreeRTOS/Source/portable/GCC/ARM_CM4F -O0 -ffunction-sections -fdata-sections -Wall -fstack-usage -fcyclomatic-complexity -MMD -MP -MF"Middlewares/Third_Party/FreeRTOS/Source/tasks.d" -MT"Middlewares/Third_Party/FreeRTOS/Source/tasks.o" --specs=nano.specs -mfpu=fpv4-sp-d16 -mfloat-abi=hard -mthumb -o "Middlewares/Third_Party/FreeRTOS/Source/tasks.o"
arm-none-eabi-gcc "../Middlewares/Third_Party/FreeRTOS/Source/timers.c" -mcpu=cortex-m4 -std=gnu11 -g3 -DDEBUG -DUSE_HAL_DRIVER -DSTM32F401xC -c -I../Core/Inc -I../Drivers/STM32F4xx_HAL_Driver/Inc -I../Drivers/STM32F4xx_HAL_Driver/Inc/Legacy -I../Drivers/CMSIS/Device/ST/STM32F4xx/Include -I../Drivers/CMSIS/Include -I../Middlewares/Third_Party/FreeRTOS/Source/include -I../Middlewares/Third_Party/FreeRTOS/Source/CMSIS_RTOS_V2 -I../Middlewares/Third_Party/FreeRTOS/Source/portable/GCC/ARM_CM4F -O0 -ffunction-sections -fdata-sections -Wall -fstack-usage -fcyclomatic-complexity -MMD -MP -MF"Middlewares/Third_Party/FreeRTOS/Source/timers.d" -MT"Middlewares/Third_Party/FreeRTOS/Source/timers.o" --specs=nano.specs -mfpu=fpv4-sp-d16 -mfloat-abi=hard -mthumb -o "Middlewares/Third_Party/FreeRTOS/Source/timers.o"
arm-none-eabi-gcc "../Drivers/STM32F4xx_HAL_Driver/Src/stm32f4xx_hal.c" -mcpu=cortex-m4 -std=gnu11 -g3 -DDEBUG -DUSE_HAL_DRIVER -DSTM32F401xC -c -I../Core/Inc -I../Drivers/STM32F4xx_HAL_Driver/Inc -I../Drivers/STM32F4xx_HAL_Driver/Inc/Legacy -I../Drivers/CMSIS/Device/ST/STM32F4xx/Include -I../Drivers/CMSIS/Include -I../Middlewares/Third_Party/FreeRTOS/Source/include -I../Middlewares/Third_Party/FreeRTOS/Source/CMSIS_RTOS_V2 -I../Middlewares/Third_Party/FreeRTOS/Source/portable/GCC/ARM_CM4F -O0 -ffunction-sections -fdata-sections -Wall -fstack-usage -fcyclomatic-complexity -MMD -MP -MF"Drivers/STM32F4xx_HAL_Driver/Src/stm32f4xx_hal.d" -MT"Drivers/STM32F4xx_HAL_Driver/Src/stm32f4xx_hal.o" --specs=nano.specs -mfpu=fpv4-sp-d16 -mfloat-abi=hard -mthumb -o "Drivers/STM32F4xx_HAL_Driver/Src/stm32f4xx_hal.o"
arm-none-eabi-gcc "../Drivers/STM32F4xx_HAL_Driver/Src/stm32f4xx_hal_cortex.c" -mcpu=cortex-m4 -std=gnu11 -g3 -DDEBUG -DUSE_HAL_DRIVER -DSTM32F401xC -c -I../Core/Inc -I../Drivers/STM32F4xx_HAL_Driver/Inc -I../Drivers/STM32F4xx_HAL_Driver/Inc/Legacy -I../Drivers/CMSIS/Device/ST/STM32F4xx/Include -I../Drivers/CMSIS/Include -I../Middlewares/Third_Party/FreeRTOS/Source/include -I../Middlewares/Third_Party/FreeRTOS/Source/CMSIS_RTOS_V2 -I../Middlewares/Third_Party/FreeRTOS/Source/portable/GCC/ARM_CM4F -O0 -ffunction-sections -fdata-sections -Wall -fstack-usage -fcyclomatic-complexity -MMD -MP -MF"Drivers/STM32F4xx_HAL_Driver/Src/stm32f4xx_hal_cortex.d" -MT"Drivers/STM32F4xx_HAL_Driver/Src/stm32f4xx_hal_cortex.o" --specs=nano.specs -mfpu=fpv4-sp-d16 -mfloat-abi=hard -mthumb -o "Drivers/STM32F4xx_HAL_Driver/Src/stm32f4xx_hal_cortex.o"
arm-none-eabi-gcc "../Drivers/STM32F4xx_HAL_Driver/Src/stm32f4xx_hal_dma.c" -mcpu=cortex-m4 -std=gnu11 -g3 -DDEBUG -DUSE_HAL_DRIVER -DSTM32F401xC -c -I../Core/Inc -I../Drivers/STM32F4xx_HAL_Driver/Inc -I../Drivers/STM32F4xx_HAL_Driver/Inc/Legacy -I../Drivers/CMSIS/Device/ST/STM32F4xx/Include -I../Drivers/CMSIS/Include -I../Middlewares/Third_Party/FreeRTOS/Source/include -I../Middlewares/Third_Party/FreeRTOS/Source/CMSIS_RTOS_V2 -I../Middlewares/Third_Party/FreeRTOS/Source/portable/GCC/ARM_CM4F -O0 -ffunction-sections -fdata-sections -Wall -fstack-usage -fcyclomatic-complexity -MMD -MP -MF"Drivers/STM32F4xx_HAL_Driver/Src/stm32f4xx_hal_dma.d" -MT"Drivers/STM32F4xx_HAL_Driver/Src/stm32f4xx_hal_dma.o" --specs=nano.specs -mfpu=fpv4-sp-d16 -mfloat-abi=hard -mthumb -o "Drivers/STM32F4xx_HAL_Driver/Src/stm32f4xx_hal_dma.o"
arm-none-eabi-gcc "../Drivers/STM32F4xx_HAL_Driver/Src/stm32f4xx_hal_dma_ex.c" -mcpu=cortex-m4 -std=gnu11 -g3 -DDEBUG -DUSE_HAL_DRIVER -DSTM32F401xC -c -I../Core/Inc -I../Drivers/STM32F4xx_HAL_Driver/Inc -I../Drivers/STM32F4xx_HAL_Driver/Inc/Legacy -I../Drivers/CMSIS/Device/ST/STM32F4xx/Include -I../Drivers/CMSIS/Include -I../Middlewares/Third_Party/FreeRTOS/Source/include -I../Middlewares/Third_Party/FreeRTOS/Source/CMSIS_RTOS_V2 -I../Middlewares/Third_Party/FreeRTOS/Source/portable/GCC/ARM_CM4F -O0 -ffunction-sections -fdata-sections -Wall -fstack-usage -fcyclomatic-complexity -MMD -MP -MF"Drivers/STM32F4xx_HAL_Driver/Src/stm32f4xx_hal_dma_ex.d" -MT"Drivers/STM32F4xx_HAL_Driver/Src/stm32f4xx_hal_dma_ex.o" --specs=nano.specs -mfpu=fpv4-sp-d16 -mfloat-abi=hard -mthumb -o "Drivers/STM32F4xx_HAL_Driver/Src/stm32f4xx_hal_dma_ex.o"
arm-none-eabi-gcc "../Drivers/STM32F4xx_HAL_Driver/Src/stm32f4xx_hal_exti.c" -mcpu=cortex-m4 -std=gnu11 -g3 -DDEBUG -DUSE_HAL_DRIVER -DSTM32F401xC -c -I../Core/Inc -I../Drivers/STM32F4xx_HAL_Driver/Inc -I../Drivers/STM32F4xx_HAL_Driver/Inc/Legacy -I../Drivers/CMSIS/Device/ST/STM32F4xx/Include -I../Drivers/CMSIS/Include -I../Middlewares/Third_Party/FreeRTOS/Source/include -I../Middlewares/Third_Party/FreeRTOS/Source/CMSIS_RTOS_V2 -I../Middlewares/Third_Party/FreeRTOS/Source/portable/GCC/ARM_CM4F -O0 -ffunction-sections -fdata-sections -Wall -fstack-usage -fcyclomatic-complexity -MMD -MP -MF"Drivers/STM32F4xx_HAL_Driver/Src/stm32f4xx_hal_exti.d" -MT"Drivers/STM32F4xx_HAL_Driver/Src/stm32f4xx_hal_exti.o" --specs=nano.specs -mfpu=fpv4-sp-d16 -mfloat-abi=hard -mthumb -o "Drivers/STM32F4xx_HAL_Driver/Src/stm32f4xx_hal_exti.o"
arm-none-eabi-gcc "../Drivers/STM32F4xx_HAL_Driver/Src/stm32f4xx_hal_flash.c" -mcpu=cortex-m4 -std=gnu11 -g3 -DDEBUG -DUSE_HAL_DRIVER -DSTM32F401xC -c -I../Core/Inc -I../Drivers/STM32F4xx_HAL_Driver/Inc -I../Drivers/STM32F4xx_HAL_Driver/Inc/Legacy -I../Drivers/CMSIS/Device/ST/STM32F4xx/Include -I../Drivers/CMSIS/Include -I../Middlewares/Third_Party/FreeRTOS/Source/include -I../Middlewares/Third_Party/FreeRTOS/Source/CMSIS_RTOS_V2 -I../Middlewares/Third_Party/FreeRTOS/Source/portable/GCC/ARM_CM4F -O0 -ffunction-sections -fdata-sections -Wall -fstack-usage -fcyclomatic-complexity -MMD -MP -MF"Drivers/STM32F4xx_HAL_Driver/Src/stm32f4xx_hal_flash.d" -MT"Drivers/STM32F4xx_HAL_Driver/Src/stm32f4xx_hal_flash.o" --specs=nano.specs -mfpu=fpv4-sp-d16 -mfloat-abi=hard -mthumb -o "Drivers/STM32F4xx_HAL_Driver/Src/stm32f4xx_hal_flash.o"
arm-none-eabi-gcc "../Drivers/STM32F4xx_HAL_Driver/Src/stm32f4xx_hal_flash_ex.c" -mcpu=cortex-m4 -std=gnu11 -g3 -DDEBUG -DUSE_HAL_DRIVER -DSTM32F401xC -c -I../Core/Inc -I../Drivers/STM32F4xx_HAL_Driver/Inc -I../Drivers/STM32F4xx_HAL_Driver/Inc/Legacy -I../Drivers/CMSIS/Device/ST/STM32F4xx/Include -I../Drivers/CMSIS/Include -I../Middlewares/Third_Party/FreeRTOS/Source/include -I../Middlewares/Third_Party/FreeRTOS/Source/CMSIS_RTOS_V2 -I../Middlewares/Third_Party/FreeRTOS/Source/portable/GCC/ARM_CM4F -O0 -ffunction-sections -fdata-sections -Wall -fstack-usage -fcyclomatic-complexity -MMD -MP -MF"Drivers/STM32F4xx_HAL_Driver/Src/stm32f4xx_hal_flash_ex.d" -MT"Drivers/STM32F4xx_HAL_Driver/Src/stm32f4xx_hal_flash_ex.o" --specs=nano.specs -mfpu=fpv4-sp-d16 -mfloat-abi=hard -mthumb -o "Drivers/STM32F4xx_HAL_Driver/Src/stm32f4xx_hal_flash_ex.o"
arm-none-eabi-gcc "../Drivers/STM32F4xx_HAL_Driver/Src/stm32f4xx_hal_flash_ramfunc.c" -mcpu=cortex-m4 -std=gnu11 -g3 -DDEBUG -DUSE_HAL_DRIVER -DSTM32F401xC -c -I../Core/Inc -I../Drivers/STM32F4xx_HAL_Driver/Inc -I../Drivers/STM32F4xx_HAL_Driver/Inc/Legacy -I../Drivers/CMSIS/Device/ST/STM32F4xx/Include -I../Drivers/CMSIS/Include -I../Middlewares/Third_Party/FreeRTOS/Source/include -I../Middlewares/Third_Party/FreeRTOS/Source/CMSIS_RTOS_V2 -I../Middlewares/Third_Party/FreeRTOS/Source/portable/GCC/ARM_CM4F -O0 -ffunction-sections -fdata-sections -Wall -fstack-usage -fcyclomatic-complexity -MMD -MP -MF"Drivers/STM32F4xx_HAL_Driver/Src/stm32f4xx_hal_flash_ramfunc.d" -MT"Drivers/STM32F4xx_HAL_Driver/Src/stm32f4xx_hal_flash_ramfunc.o" --specs=nano.specs -mfpu=fpv4-sp-d16 -mfloat-abi=hard -mthumb -o "Drivers/STM32F4xx_HAL_Driver/Src/stm32f4xx_hal_flash_ramfunc.o"
arm-none-eabi-gcc "../Drivers/STM32F4xx_HAL_Driver/Src/stm32f4xx_hal_gpio.c" -mcpu=cortex-m4 -std=gnu11 -g3 -DDEBUG -DUSE_HAL_DRIVER -DSTM32F401xC -c -I../Core/Inc -I../Drivers/STM32F4xx_HAL_Driver/Inc -I../Drivers/STM32F4xx_HAL_Driver/Inc/Legacy -I../Drivers/CMSIS/Device/ST/STM32F4xx/Include -I../Drivers/CMSIS/Include -I../Middlewares/Third_Party/FreeRTOS/Source/include -I../Middlewares/Third_Party/FreeRTOS/Source/CMSIS_RTOS_V2 -I../Middlewares/Third_Party/FreeRTOS/Source/portable/GCC/ARM_CM4F -O0 -ffunction-sections -fdata-sections -Wall -fstack-usage -fcyclomatic-complexity -MMD -MP -MF"Drivers/STM32F4xx_HAL_Driver/Src/stm32f4xx_hal_gpio.d" -MT"Drivers/STM32F4xx_HAL_Driver/Src/stm32f4xx_hal_gpio.o" --specs=nano.specs -mfpu=fpv4-sp-d16 -mfloat-abi=hard -mthumb -o "Drivers/STM32F4xx_HAL_Driver/Src/stm32f4xx_hal_gpio.o"
arm-none-eabi-gcc "../Drivers/STM32F4xx_HAL_Driver/Src/stm32f4xx_hal_pwr.c" -mcpu=cortex-m4 -std=gnu11 -g3 -DDEBUG -DUSE_HAL_DRIVER -DSTM32F401xC -c -I../Core/Inc -I../Drivers/STM32F4xx_HAL_Driver/Inc -I../Drivers/STM32F4xx_HAL_Driver/Inc/Legacy -I../Drivers/CMSIS/Device/ST/STM32F4xx/Include -I../Drivers/CMSIS/Include -I../Middlewares/Third_Party/FreeRTOS/Source/include -I../Middlewares/Third_Party/FreeRTOS/Source/CMSIS_RTOS_V2 -I../Middlewares/Third_Party/FreeRTOS/Source/portable/GCC/ARM_CM4F -O0 -ffunction-sections -fdata-sections -Wall -fstack-usage -fcyclomatic-complexity -MMD -MP -MF"Drivers/STM32F4xx_HAL_Driver/Src/stm32f4xx_hal_pwr.d" -MT"Drivers/STM32F4xx_HAL_Driver/Src/stm32f4xx_hal_pwr.o" --specs=nano.specs -mfpu=fpv4-sp-d16 -mfloat-abi=hard -mthumb -o "Drivers/STM32F4xx_HAL_Driver/Src/stm32f4xx_hal_pwr.o"
arm-none-eabi-gcc "../Drivers/STM32F4xx_HAL_Driver/Src/stm32f4xx_hal_pwr_ex.c" -mcpu=cortex-m4 -std=gnu11 -g3 -DDEBUG -DUSE_HAL_DRIVER -DSTM32F401xC -c -I../Core/Inc -I../Drivers/STM32F4xx_HAL_Driver/Inc -I../Drivers/STM32F4xx_HAL_Driver/Inc/Legacy -I../Drivers/CMSIS/Device/ST/STM32F4xx/Include -I../Drivers/CMSIS/Include -I../Middlewares/Third_Party/FreeRTOS/Source/include -I../Middlewares/Third_Party/FreeRTOS/Source/CMSIS_RTOS_V2 -I../Middlewares/Third_Party/FreeRTOS/Source/portable/GCC/ARM_CM4F -O0 -ffunction-sections -fdata-sections -Wall -fstack-usage -fcyclomatic-complexity -MMD -MP -MF"Drivers/STM32F4xx_HAL_Driver/Src/stm32f4xx_hal_pwr_ex.d" -MT"Drivers/STM32F4xx_HAL_Driver/Src/stm32f4xx_hal_pwr_ex.o" --specs=nano.specs -mfpu=fpv4-sp-d16 -mfloat-abi=hard -mthumb -o "Drivers/STM32F4xx_HAL_Driver/Src/stm32f4xx_hal_pwr_ex.o"
arm-none-eabi-gcc "../Drivers/STM32F4xx_HAL_Driver/Src/stm32f4xx_hal_rcc.c" -mcpu=cortex-m4 -std=gnu11 -g3 -DDEBUG -DUSE_HAL_DRIVER -DSTM32F401xC -c -I../Core/Inc -I../Drivers/STM32F4xx_HAL_Driver/Inc -I../Drivers/STM32F4xx_HAL_Driver/Inc/Legacy -I../Drivers/CMSIS/Device/ST/STM32F4xx/Include -I../Drivers/CMSIS/Include -I../Middlewares/Third_Party/FreeRTOS/Source/include -I../Middlewares/Third_Party/FreeRTOS/Source/CMSIS_RTOS_V2 -I../Middlewares/Third_Party/FreeRTOS/Source/portable/GCC/ARM_CM4F -O0 -ffunction-sections -fdata-sections -Wall -fstack-usage -fcyclomatic-complexity -MMD -MP -MF"Drivers/STM32F4xx_HAL_Driver/Src/stm32f4xx_hal_rcc.d" -MT"Drivers/STM32F4xx_HAL_Driver/Src/stm32f4xx_hal_rcc.o" --specs=nano.specs -mfpu=fpv4-sp-d16 -mfloat-abi=hard -mthumb -o "Drivers/STM32F4xx_HAL_Driver/Src/stm32f4xx_hal_rcc.o"
arm-none-eabi-gcc "../Drivers/STM32F4xx_HAL_Driver/Src/stm32f4xx_hal_rcc_ex.c" -mcpu=cortex-m4 -std=gnu11 -g3 -DDEBUG -DUSE_HAL_DRIVER -DSTM32F401xC -c -I../Core/Inc -I../Drivers/STM32F4xx_HAL_Driver/Inc -I../Drivers/STM32F4xx_HAL_Driver/Inc/Legacy -I../Drivers/CMSIS/Device/ST/STM32F4xx/Include -I../Drivers/CMSIS/Include -I../Middlewares/Third_Party/FreeRTOS/Source/include -I../Middlewares/Third_Party/FreeRTOS/Source/CMSIS_RTOS_V2 -I../Middlewares/Third_Party/FreeRTOS/Source/portable/GCC/ARM_CM4F -O0 -ffunction-sections -fdata-sections -Wall -fstack-usage -fcyclomatic-complexity -MMD -MP -MF"Drivers/STM32F4xx_HAL_Driver/Src/stm32f4xx_hal_rcc_ex.d" -MT"Drivers/STM32F4xx_HAL_Driver/Src/stm32f4xx_hal_rcc_ex.o" --specs=nano.specs -mfpu=fpv4-sp-d16 -mfloat-abi=hard -mthumb -o "Drivers/STM32F4xx_HAL_Driver/Src/stm32f4xx_hal_rcc_ex.o"
arm-none-eabi-gcc "../Drivers/STM32F4xx_HAL_Driver/Src/stm32f4xx_hal_tim.c" -mcpu=cortex-m4 -std=gnu11 -g3 -DDEBUG -DUSE_HAL_DRIVER -DSTM32F401xC -c -I../Core/Inc -I../Drivers/STM32F4xx_HAL_Driver/Inc -I../Drivers/STM32F4xx_HAL_Driver/Inc/Legacy -I../Drivers/CMSIS/Device/ST/STM32F4xx/Include -I../Drivers/CMSIS/Include -I../Middlewares/Third_Party/FreeRTOS/Source/include -I../Middlewares/Third_Party/FreeRTOS/Source/CMSIS_RTOS_V2 -I../Middlewares/Third_Party/FreeRTOS/Source/portable/GCC/ARM_CM4F -O0 -ffunction-sections -fdata-sections -Wall -fstack-usage -fcyclomatic-complexity -MMD -MP -MF"Drivers/STM32F4xx_HAL_Driver/Src/stm32f4xx_hal_tim.d" -MT"Drivers/STM32F4xx_HAL_Driver/Src/stm32f4xx_hal_tim.o" --specs=nano.specs -mfpu=fpv4-sp-d16 -mfloat-abi=hard -mthumb -o "Drivers/STM32F4xx_HAL_Driver/Src/stm32f4xx_hal_tim.o"
arm-none-eabi-gcc "../Drivers/STM32F4xx_HAL_Driver/Src/stm32f4xx_hal_tim_ex.c" -mcpu=cortex-m4 -std=gnu11 -g3 -DDEBUG -DUSE_HAL_DRIVER -DSTM32F401xC -c -I../Core/Inc -I../Drivers/STM32F4xx_HAL_Driver/Inc -I../Drivers/STM32F4xx_HAL_Driver/Inc/Legacy -I../Drivers/CMSIS/Device/ST/STM32F4xx/Include -I../Drivers/CMSIS/Include -I../Middlewares/Third_Party/FreeRTOS/Source/include -I../Middlewares/Third_Party/FreeRTOS/Source/CMSIS_RTOS_V2 -I../Middlewares/Third_Party/FreeRTOS/Source/portable/GCC/ARM_CM4F -O0 -ffunction-sections -fdata-sections -Wall -fstack-usage -fcyclomatic-complexity -MMD -MP -MF"Drivers/STM32F4xx_HAL_Driver/Src/stm32f4xx_hal_tim_ex.d" -MT"Drivers/STM32F4xx_HAL_Driver/Src/stm32f4xx_hal_tim_ex.o" --specs=nano.specs -mfpu=fpv4-sp-d16 -mfloat-abi=hard -mthumb -o "Drivers/STM32F4xx_HAL_Driver/Src/stm32f4xx_hal_tim_ex.o"
arm-none-eabi-gcc "../Core/code/src/utils/utils.c" -mcpu=cortex-m4 -std=gnu11 -g3 -DDEBUG -DUSE_HAL_DRIVER -DSTM32F401xC -c -I../Core/Inc -I../Drivers/STM32F4xx_HAL_Driver/Inc -I../Drivers/STM32F4xx_HAL_Driver/Inc/Legacy -I../Drivers/CMSIS/Device/ST/STM32F4xx/Include -I../Drivers/CMSIS/Include -I../Middlewares/Third_Party/FreeRTOS/Source/include -I../Middlewares/Third_Party/FreeRTOS/Source/CMSIS_RTOS_V2 -I../Middlewares/Third_Party/FreeRTOS/Source/portable/GCC/ARM_CM4F -O0 -ffunction-sections -fdata-sections -Wall -fstack-usage -fcyclomatic-complexity -MMD -MP -MF"Core/code/src/utils/utils.d" -MT"Core/code/src/utils/utils.o" --specs=nano.specs -mfpu=fpv4-sp-d16 -mfloat-abi=hard -mthumb -o "Core/code/src/utils/utils.o"
arm-none-eabi-gcc "../Core/code/src/perception/app/app.c" -mcpu=cortex-m4 -std=gnu11 -g3 -DDEBUG -DUSE_HAL_DRIVER -DSTM32F401xC -c -I../Core/Inc -I../Drivers/STM32F4xx_HAL_Driver/Inc -I../Drivers/STM32F4xx_HAL_Driver/Inc/Legacy -I../Drivers/CMSIS/Device/ST/STM32F4xx/Include -I../Drivers/CMSIS/Include -I../Middlewares/Third_Party/FreeRTOS/Source/include -I../Middlewares/Third_Party/FreeRTOS/Source/CMSIS_RTOS_V2 -I../Middlewares/Third_Party/FreeRTOS/Source/portable/GCC/ARM_CM4F -O0 -ffunction-sections -fdata-sections -Wall -fstack-usage -fcyclomatic-complexity -MMD -MP -MF"Core/code/src/perception/app/app.d" -MT"Core/code/src/perception/app/app.o" --specs=nano.specs -mfpu=fpv4-sp-d16 -mfloat-abi=hard -mthumb -o "Core/code/src/perception/app/app.o"
arm-none-eabi-gcc "../Core/code/src/perception/HAL/ultraSonic/ultraSonic.c" -mcpu=cortex-m4 -std=gnu11 -g3 -DDEBUG -DUSE_HAL_DRIVER -DSTM32F401xC -c -I../Core/Inc -I../Drivers/STM32F4xx_HAL_Driver/Inc -I../Drivers/STM32F4xx_HAL_Driver/Inc/Legacy -I../Drivers/CMSIS/Device/ST/STM32F4xx/Include -I../Drivers/CMSIS/Include -I../Middlewares/Third_Party/FreeRTOS/Source/include -I../Middlewares/Third_Party/FreeRTOS/Source/CMSIS_RTOS_V2 -I../Middlewares/Third_Party/FreeRTOS/Source/portable/GCC/ARM_CM4F -O0 -ffunction-sections -fdata-sections -Wall -fstack-usage -fcyclomatic-complexity -MMD -MP -MF"Core/code/src/perception/HAL/ultraSonic/ultraSonic.d" -MT"Core/code/src/perception/HAL/ultraSonic/ultraSonic.o" --specs=nano.specs -mfpu=fpv4-sp-d16 -mfloat-abi=hard -mthumb -o "Core/code/src/perception/HAL/ultraSonic/ultraSonic.o"
arm-none-eabi-gcc "../Core/code/src/communication/sender/typesdefinition/typesdefinitions.c" -mcpu=cortex-m4 -std=gnu11 -g3 -DDEBUG -DUSE_HAL_DRIVER -DSTM32F401xC -c -I../Core/Inc -I../Drivers/STM32F4xx_HAL_Driver/Inc -I../Drivers/STM32F4xx_HAL_Driver/Inc/Legacy -I../Drivers/CMSIS/Device/ST/STM32F4xx/Include -I../Drivers/CMSIS/Include -I../Middlewares/Third_Party/FreeRTOS/Source/include -I../Middlewares/Third_Party/FreeRTOS/Source/CMSIS_RTOS_V2 -I../Middlewares/Third_Party/FreeRTOS/Source/portable/GCC/ARM_CM4F -O0 -ffunction-sections -fdata-sections -Wall -fstack-usage -fcyclomatic-complexity -MMD -MP -MF"Core/code/src/communication/sender/typesdefinition/typesdefinitions.d" -MT"Core/code/src/communication/sender/typesdefinition/typesdefinitions.o" --specs=nano.specs -mfpu=fpv4-sp-d16 -mfloat-abi=hard -mthumb -o "Core/code/src/communication/sender/typesdefinition/typesdefinitions.o"
arm-none-eabi-gcc "../Core/code/src/communication/sender/transmission/transmission.c" -mcpu=cortex-m4 -std=gnu11 -g3 -DDEBUG -DUSE_HAL_DRIVER -DSTM32F401xC -c -I../Core/Inc -I../Drivers/STM32F4xx_HAL_Driver/Inc -I../Drivers/STM32F4xx_HAL_Driver/Inc/Legacy -I../Drivers/CMSIS/Device/ST/STM32F4xx/Include -I../Drivers/CMSIS/Include -I../Middlewares/Third_Party/FreeRTOS/Source/include -I../Middlewares/Third_Party/FreeRTOS/Source/CMSIS_RTOS_V2 -I../Middlewares/Third_Party/FreeRTOS/Source/portable/GCC/ARM_CM4F -O0 -ffunction-sections -fdata-sections -Wall -fstack-usage -fcyclomatic-complexity -MMD -MP -MF"Core/code/src/communication/sender/transmission/transmission.d" -MT"Core/code/src/communication/sender/transmission/transmission.o" --specs=nano.specs -mfpu=fpv4-sp-d16 -mfloat-abi=hard -mthumb -o "Core/code/src/communication/sender/transmission/transmission.o"
arm-none-eabi-gcc "../Core/code/src/communication/sender/formatter/serialization.c" -mcpu=cortex-m4 -std=gnu11 -g3 -DDEBUG -DUSE_HAL_DRIVER -DSTM32F401xC -c -I../Core/Inc -I../Drivers/STM32F4xx_HAL_Driver/Inc -I../Drivers/STM32F4xx_HAL_Driver/Inc/Legacy -I../Drivers/CMSIS/Device/ST/STM32F4xx/Include -I../Drivers/CMSIS/Include -I../Middlewares/Third_Party/FreeRTOS/Source/include -I../Middlewares/Third_Party/FreeRTOS/Source/CMSIS_RTOS_V2 -I../Middlewares/Third_Party/FreeRTOS/Source/portable/GCC/ARM_CM4F -O0 -ffunction-sections -fdata-sections -Wall -fstack-usage -fcyclomatic-complexity -MMD -MP -MF"Core/code/src/communication/sender/formatter/serialization.d" -MT"Core/code/src/communication/sender/formatter/serialization.o" --specs=nano.specs -mfpu=fpv4-sp-d16 -mfloat-abi=hard -mthumb -o "Core/code/src/communication/sender/formatter/serialization.o"
arm-none-eabi-gcc "../Core/code/src/communication/receiver/reception/reception.c" -mcpu=cortex-m4 -std=gnu11 -g3 -DDEBUG -DUSE_HAL_DRIVER -DSTM32F401xC -c -I../Core/Inc -I../Drivers/STM32F4xx_HAL_Driver/Inc -I../Drivers/STM32F4xx_HAL_Driver/Inc/Legacy -I../Drivers/CMSIS/Device/ST/STM32F4xx/Include -I../Drivers/CMSIS/Include -I../Middlewares/Third_Party/FreeRTOS/Source/include -I../Middlewares/Third_Party/FreeRTOS/Source/CMSIS_RTOS_V2 -I../Middlewares/Third_Party/FreeRTOS/Source/portable/GCC/ARM_CM4F -O0 -ffunction-sections -fdata-sections -Wall -fstack-usage -fcyclomatic-complexity -MMD -MP -MF"Core/code/src/communication/receiver/reception/reception.d" -MT"Core/code/src/communication/receiver/reception/reception.o" --specs=nano.specs -mfpu=fpv4-sp-d16 -mfloat-abi=hard -mthumb -o "Core/code/src/communication/receiver/reception/reception.o"
arm-none-eabi-gcc "../Core/code/src/communication/communication.c" -mcpu=cortex-m4 -std=gnu11 -g3 -DDEBUG -DUSE_HAL_DRIVER -DSTM32F401xC -c -I../Core/Inc -I../Drivers/STM32F4xx_HAL_Driver/Inc -I../Drivers/STM32F4xx_HAL_Driver/Inc/Legacy -I../Drivers/CMSIS/Device/ST/STM32F4xx/Include -I../Drivers/CMSIS/Include -I../Middlewares/Third_Party/FreeRTOS/Source/include -I../Middlewares/Third_Party/FreeRTOS/Source/CMSIS_RTOS_V2 -I../Middlewares/Third_Party/FreeRTOS/Source/portable/GCC/ARM_CM4F -O0 -ffunction-sections -fdata-sections -Wall -fstack-usage -fcyclomatic-complexity -MMD -MP -MF"Core/code/src/communication/communication.d" -MT"Core/code/src/communication/communication.o" --specs=nano.specs -mfpu=fpv4-sp-d16 -mfloat-abi=hard -mthumb -o "Core/code/src/communication/communication.o"
arm-none-eabi-gcc "../Core/code/src/actuating/app/app.c" -mcpu=cortex-m4 -std=gnu11 -g3 -DDEBUG -DUSE_HAL_DRIVER -DSTM32F401xC -c -I../Core/Inc -I../Drivers/STM32F4xx_HAL_Driver/Inc -I../Drivers/STM32F4xx_HAL_Driver/Inc/Legacy -I../Drivers/CMSIS/Device/ST/STM32F4xx/Include -I../Drivers/CMSIS/Include -I../Middlewares/Third_Party/FreeRTOS/Source/include -I../Middlewares/Third_Party/FreeRTOS/Source/CMSIS_RTOS_V2 -I../Middlewares/Third_Party/FreeRTOS/Source/portable/GCC/ARM_CM4F -O0 -ffunction-sections -fdata-sections -Wall -fstack-usage -fcyclomatic-complexity -MMD -MP -MF"Core/code/src/actuating/app/app.d" -MT"Core/code/src/actuating/app/app.o" --specs=nano.specs -mfpu=fpv4-sp-d16 -mfloat-abi=hard -mthumb -o "Core/code/src/actuating/app/app.o"
arm-none-eabi-gcc "../Core/code/src/actuating/HAL/motor/motor.c" -mcpu=cortex-m4 -std=gnu11 -g3 -DDEBUG -DUSE_HAL_DRIVER -DSTM32F401xC -c -I../Core/Inc -I../Drivers/STM32F4xx_HAL_Driver/Inc -I../Drivers/STM32F4xx_HAL_Driver/Inc/Legacy -I../Drivers/CMSIS/Device/ST/STM32F4xx/Include -I../Drivers/CMSIS/Include -I../Middlewares/Third_Party/FreeRTOS/Source/include -I../Middlewares/Third_Party/FreeRTOS/Source/CMSIS_RTOS_V2 -I../Middlewares/Third_Party/FreeRTOS/Source/portable/GCC/ARM_CM4F -O0 -ffunction-sections -fdata-sections -Wall -fstack-usage -fcyclomatic-complexity -MMD -MP -MF"Core/code/src/actuating/HAL/motor/motor.d" -MT"Core/code/src/actuating/HAL/motor/motor.o" --specs=nano.specs -mfpu=fpv4-sp-d16 -mfloat-abi=hard -mthumb -o "Core/code/src/actuating/HAL/motor/motor.o"
arm-none-eabi-gcc -mcpu=cortex-m4 -g3 -DDEBUG -c -x assembler-with-cpp -MMD -MP -MF"Core/Startup/startup_stm32f401rctx.d" -MT"Core/Startup/startup_stm32f401rctx.o" --specs=nano.specs -mfpu=fpv4-sp-d16 -mfloat-abi=hard -mthumb -o "Core/Startup/startup_stm32f401rctx.o" "../Core/Startup/startup_stm32f401rctx.s"
arm-none-eabi-gcc "../Core/Src/freertos.c" -mcpu=cortex-m4 -std=gnu11 -g3 -DDEBUG -DUSE_HAL_DRIVER -DSTM32F401xC -c -I../Core/Inc -I../Drivers/STM32F4xx_HAL_Driver/Inc -I../Drivers/STM32F4xx_HAL_Driver/Inc/Legacy -I../Drivers/CMSIS/Device/ST/STM32F4xx/Include -I../Drivers/CMSIS/Include -I../Middlewares/Third_Party/FreeRTOS/Source/include -I../Middlewares/Third_Party/FreeRTOS/Source/CMSIS_RTOS_V2 -I../Middlewares/Third_Party/FreeRTOS/Source/portable/GCC/ARM_CM4F -O0 -ffunction-sections -fdata-sections -Wall -fstack-usage -fcyclomatic-complexity -MMD -MP -MF"Core/Src/freertos.d" -MT"Core/Src/freertos.o" --specs=nano.specs -mfpu=fpv4-sp-d16 -mfloat-abi=hard -mthumb -o "Core/Src/freertos.o"
arm-none-eabi-gcc "../Core/Src/main.c" -mcpu=cortex-m4 -std=gnu11 -g3 -DDEBUG -DUSE_HAL_DRIVER -DSTM32F401xC -c -I../Core/Inc -I../Drivers/STM32F4xx_HAL_Driver/Inc -I../Drivers/STM32F4xx_HAL_Driver/Inc/Legacy -I../Drivers/CMSIS/Device/ST/STM32F4xx/Include -I../Drivers/CMSIS/Include -I../Middlewares/Third_Party/FreeRTOS/Source/include -I../Middlewares/Third_Party/FreeRTOS/Source/CMSIS_RTOS_V2 -I../Middlewares/Third_Party/FreeRTOS/Source/portable/GCC/ARM_CM4F -O0 -ffunction-sections -fdata-sections -Wall -fstack-usage -fcyclomatic-complexity -MMD -MP -MF"Core/Src/main.d" -MT"Core/Src/main.o" --specs=nano.specs -mfpu=fpv4-sp-d16 -mfloat-abi=hard -mthumb -o "Core/Src/main.o"
arm-none-eabi-gcc "../Core/Src/stm32f4xx_hal_msp.c" -mcpu=cortex-m4 -std=gnu11 -g3 -DDEBUG -DUSE_HAL_DRIVER -DSTM32F401xC -c -I../Core/Inc -I../Drivers/STM32F4xx_HAL_Driver/Inc -I../Drivers/STM32F4xx_HAL_Driver/Inc/Legacy -I../Drivers/CMSIS/Device/ST/STM32F4xx/Include -I../Drivers/CMSIS/Include -I../Middlewares/Third_Party/FreeRTOS/Source/include -I../Middlewares/Third_Party/FreeRTOS/Source/CMSIS_RTOS_V2 -I../Middlewares/Third_Party/FreeRTOS/Source/portable/GCC/ARM_CM4F -O0 -ffunction-sections -fdata-sections -Wall -fstack-usage -fcyclomatic-complexity -MMD -MP -MF"Core/Src/stm32f4xx_hal_msp.d" -MT"Core/Src/stm32f4xx_hal_msp.o" --specs=nano.specs -mfpu=fpv4-sp-d16 -mfloat-abi=hard -mthumb -o "Core/Src/stm32f4xx_hal_msp.o"
arm-none-eabi-gcc "../Core/Src/stm32f4xx_hal_timebase_tim.c" -mcpu=cortex-m4 -std=gnu11 -g3 -DDEBUG -DUSE_HAL_DRIVER -DSTM32F401xC -c -I../Core/Inc -I../Drivers/STM32F4xx_HAL_Driver/Inc -I../Drivers/STM32F4xx_HAL_Driver/Inc/Legacy -I../Drivers/CMSIS/Device/ST/STM32F4xx/Include -I../Drivers/CMSIS/Include -I../Middlewares/Third_Party/FreeRTOS/Source/include -I../Middlewares/Third_Party/FreeRTOS/Source/CMSIS_RTOS_V2 -I../Middlewares/Third_Party/FreeRTOS/Source/portable/GCC/ARM_CM4F -O0 -ffunction-sections -fdata-sections -Wall -fstack-usage -fcyclomatic-complexity -MMD -MP -MF"Core/Src/stm32f4xx_hal_timebase_tim.d" -MT"Core/Src/stm32f4xx_hal_timebase_tim.o" --specs=nano.specs -mfpu=fpv4-sp-d16 -mfloat-abi=hard -mthumb -o "Core/Src/stm32f4xx_hal_timebase_tim.o"
arm-none-eabi-gcc "../Core/Src/stm32f4xx_it.c" -mcpu=cortex-m4 -std=gnu11 -g3 -DDEBUG -DUSE_HAL_DRIVER -DSTM32F401xC -c -I../Core/Inc -I../Drivers/STM32F4xx_HAL_Driver/Inc -I../Drivers/STM32F4xx_HAL_Driver/Inc/Legacy -I../Drivers/CMSIS/Device/ST/STM32F4xx/Include -I../Drivers/CMSIS/Include -I../Middlewares/Third_Party/FreeRTOS/Source/include -I../Middlewares/Third_Party/FreeRTOS/Source/CMSIS_RTOS_V2 -I../Middlewares/Third_Party/FreeRTOS/Source/portable/GCC/ARM_CM4F -O0 -ffunction-sections -fdata-sections -Wall -fstack-usage -fcyclomatic-complexity -MMD -MP -MF"Core/Src/stm32f4xx_it.d" -MT"Core/Src/stm32f4xx_it.o" --specs=nano.specs -mfpu=fpv4-sp-d16 -mfloat-abi=hard -mthumb -o "Core/Src/stm32f4xx_it.o"
arm-none-eabi-gcc "../Core/Src/syscalls.c" -mcpu=cortex-m4 -std=gnu11 -g3 -DDEBUG -DUSE_HAL_DRIVER -DSTM32F401xC -c -I../Core/Inc -I../Drivers/STM32F4xx_HAL_Driver/Inc -I../Drivers/STM32F4xx_HAL_Driver/Inc/Legacy -I../Drivers/CMSIS/Device/ST/STM32F4xx/Include -I../Drivers/CMSIS/Include -I../Middlewares/Third_Party/FreeRTOS/Source/include -I../Middlewares/Third_Party/FreeRTOS/Source/CMSIS_RTOS_V2 -I../Middlewares/Third_Party/FreeRTOS/Source/portable/GCC/ARM_CM4F -O0 -ffunction-sections -fdata-sections -Wall -fstack-usage -fcyclomatic-complexity -MMD -MP -MF"Core/Src/syscalls.d" -MT"Core/Src/syscalls.o" --specs=nano.specs -mfpu=fpv4-sp-d16 -mfloat-abi=hard -mthumb -o "Core/Src/syscalls.o"
arm-none-eabi-gcc "../Core/Src/sysmem.c" -mcpu=cortex-m4 -std=gnu11 -g3 -DDEBUG -DUSE_HAL_DRIVER -DSTM32F401xC -c -I../Core/Inc -I../Drivers/STM32F4xx_HAL_Driver/Inc -I../Drivers/STM32F4xx_HAL_Driver/Inc/Legacy -I../Drivers/CMSIS/Device/ST/STM32F4xx/Include -I../Drivers/CMSIS/Include -I../Middlewares/Third_Party/FreeRTOS/Source/include -I../Middlewares/Third_Party/FreeRTOS/Source/CMSIS_RTOS_V2 -I../Middlewares/Third_Party/FreeRTOS/Source/portable/GCC/ARM_CM4F -O0 -ffunction-sections -fdata-sections -Wall -fstack-usage -fcyclomatic-complexity -MMD -MP -MF"Core/Src/sysmem.d" -MT"Core/Src/sysmem.o" --specs=nano.specs -mfpu=fpv4-sp-d16 -mfloat-abi=hard -mthumb -o "Core/Src/sysmem.o"
arm-none-eabi-gcc "../Core/Src/system_stm32f4xx.c" -mcpu=cortex-m4 -std=gnu11 -g3 -DDEBUG -DUSE_HAL_DRIVER -DSTM32F401xC -c -I../Core/Inc -I../Drivers/STM32F4xx_HAL_Driver/Inc -I../Drivers/STM32F4xx_HAL_Driver/Inc/Legacy -I../Drivers/CMSIS/Device/ST/STM32F4xx/Include -I../Drivers/CMSIS/Include -I../Middlewares/Third_Party/FreeRTOS/Source/include -I../Middlewares/Third_Party/FreeRTOS/Source/CMSIS_RTOS_V2 -I../Middlewares/Third_Party/FreeRTOS/Source/portable/GCC/ARM_CM4F -O0 -ffunction-sections -fdata-sections -Wall -fstack-usage -fcyclomatic-complexity -MMD -MP -MF"Core/Src/system_stm32f4xx.d" -MT"Core/Src/system_stm32f4xx.o" --specs=nano.specs -mfpu=fpv4-sp-d16 -mfloat-abi=hard -mthumb -o "Core/Src/system_stm32f4xx.o"
arm-none-eabi-gcc -o "ADASWithSDV.elf" @"objects.list"   -mcpu=cortex-m4 -T"D:\Graduation-Project\Baremetal\ADASWithSDV\STM32F401RCTX_FLASH.ld" --specs=nosys.specs -Wl,-Map="ADASWithSDV.map" -Wl,--gc-sections -static --specs=nano.specs -mfpu=fpv4-sp-d16 -mfloat-abi=hard -mthumb -Wl,--start-group -lc -lm -Wl,--end-group
Finished building target: ADASWithSDV.elf
 
arm-none-eabi-size  ADASWithSDV.elf 
arm-none-eabi-objdump -h -S ADASWithSDV.elf  > "ADASWithSDV.list"
   text	   data	    bss	    dec	    hex	filename
  12088	     92	   3116	  15296	   3bc0	ADASWithSDV.elf
arm-none-eabi-objcopy  -O ihex ADASWithSDV.elf  "ADASWithSDV.hex"
Finished building: default.size.stdout
 
Finished building: ADASWithSDV.list
Finished building: ADASWithSDV.hex
 
 
19:59:58 **** Incremental Build of configuration Debug for project ADASWithSDV ****
make -j8 all 
arm-none-eabi-gcc "../Core/Src/main.c" -mcpu=cortex-m4 -std=gnu11 -g3 -DDEBUG -DUSE_HAL_DRIVER -DSTM32F401xC -c -I../Core/Inc -I../Drivers/STM32F4xx_HAL_Driver/Inc -I../Drivers/STM32F4xx_HAL_Driver/Inc/Legacy -I../Drivers/CMSIS/Device/ST/STM32F4xx/Include -I../Drivers/CMSIS/Include -I../Middlewares/Third_Party/FreeRTOS/Source/include -I../Middlewares/Third_Party/FreeRTOS/Source/CMSIS_RTOS_V2 -I../Middlewares/Third_Party/FreeRTOS/Source/portable/GCC/ARM_CM4F -O0 -ffunction-sections -fdata-sections -Wall -fstack-usage -fcyclomatic-complexity -MMD -MP -MF"Core/Src/main.d" -MT"Core/Src/main.o" --specs=nano.specs -mfpu=fpv4-sp-d16 -mfloat-abi=hard -mthumb -o "Core/Src/main.o"
../Core/Src/main.c:237:13: warning: 'MX_GPIO_Init' defined but not used [-Wunused-function]
  237 | static void MX_GPIO_Init(void)
      |             ^~~~~~~~~~~~
arm-none-eabi-gcc -o "ADASWithSDV.elf" @"objects.list"   -mcpu=cortex-m4 -T"D:\Graduation-Project\Baremetal\ADASWithSDV\STM32F401RCTX_FLASH.ld" --specs=nosys.specs -Wl,-Map="ADASWithSDV.map" -Wl,--gc-sections -static --specs=nano.specs -mfpu=fpv4-sp-d16 -mfloat-abi=hard -mthumb -Wl,--start-group -lc -lm -Wl,--end-group
Finished building target: ADASWithSDV.elf
 
arm-none-eabi-size  ADASWithSDV.elf 
arm-none-eabi-objdump -h -S ADASWithSDV.elf  > "ADASWithSDV.list"
   text	   data	    bss	    dec	    hex	filename
  12152	     92	   3116	  15360	   3c00	ADASWithSDV.elf
arm-none-eabi-objcopy  -O ihex ADASWithSDV.elf  "ADASWithSDV.hex"
Finished building: default.size.stdout
 
Finished building: ADASWithSDV.list
Finished building: ADASWithSDV.hex
 
 
20:02:19 **** Incremental Build of configuration Debug for project ADASWithSDV ****
make -j8 all 
arm-none-eabi-size  ADASWithSDV.elf 
   text	   data	    bss	    dec	    hex	filename
  12152	     92	   3116	  15360	   3c00	ADASWithSDV.elf
Finished building: default.size.stdout
 
20:03:02 **** Incremental Build of configuration Debug for project ADASWithSDV ****
make -j8 all 
arm-none-eabi-size  ADASWithSDV.elf 
   text	   data	    bss	    dec	    hex	filename
  12152	     92	   3116	  15360	   3c00	ADASWithSDV.elf
Finished building: default.size.stdout
 
20:04:13 **** Incremental Build of configuration Debug for project ADASWithSDV ****
make -j8 all 
arm-none-eabi-gcc "../Core/Src/main.c" -mcpu=cortex-m4 -std=gnu11 -g3 -DDEBUG -DUSE_HAL_DRIVER -DSTM32F401xC -c -I../Core/Inc -I../Drivers/STM32F4xx_HAL_Driver/Inc -I../Drivers/STM32F4xx_HAL_Driver/Inc/Legacy -I../Drivers/CMSIS/Device/ST/STM32F4xx/Include -I../Drivers/CMSIS/Include -I../Middlewares/Third_Party/FreeRTOS/Source/include -I../Middlewares/Third_Party/FreeRTOS/Source/CMSIS_RTOS_V2 -I../Middlewares/Third_Party/FreeRTOS/Source/portable/GCC/ARM_CM4F -O0 -ffunction-sections -fdata-sections -Wall -fstack-usage -fcyclomatic-complexity -MMD -MP -MF"Core/Src/main.d" -MT"Core/Src/main.o" --specs=nano.specs -mfpu=fpv4-sp-d16 -mfloat-abi=hard -mthumb -o "Core/Src/main.o"
arm-none-eabi-gcc -o "ADASWithSDV.elf" @"objects.list"   -mcpu=cortex-m4 -T"D:\Graduation-Project\Baremetal\ADASWithSDV\STM32F401RCTX_FLASH.ld" --specs=nosys.specs -Wl,-Map="ADASWithSDV.map" -Wl,--gc-sections -static --specs=nano.specs -mfpu=fpv4-sp-d16 -mfloat-abi=hard -mthumb -Wl,--start-group -lc -lm -Wl,--end-group
Finished building target: ADASWithSDV.elf
 
arm-none-eabi-size  ADASWithSDV.elf 
arm-none-eabi-objdump -h -S ADASWithSDV.elf  > "ADASWithSDV.list"
   text	   data	    bss	    dec	    hex	filename
  12344	     92	   3116	  15552	   3cc0	ADASWithSDV.elf
arm-none-eabi-objcopy  -O ihex ADASWithSDV.elf  "ADASWithSDV.hex"
Finished building: default.size.stdout
 
Finished building: ADASWithSDV.list
Finished building: ADASWithSDV.hex
 
 
20:04:28 **** Incremental Build of configuration Debug for project ADASWithSDV ****
make -j8 all 
arm-none-eabi-size  ADASWithSDV.elf 
   text	   data	    bss	    dec	    hex	filename
  12344	     92	   3116	  15552	   3cc0	ADASWithSDV.elf
Finished building: default.size.stdout
 
20:17:57 **** Incremental Build of configuration Debug for project ADASWithSDV ****
make -j8 all 
arm-none-eabi-gcc "../Core/Src/main.c" -mcpu=cortex-m4 -std=gnu11 -g3 -DDEBUG -DUSE_HAL_DRIVER -DSTM32F401xC -c -I../Core/Inc -I../Drivers/STM32F4xx_HAL_Driver/Inc -I../Drivers/STM32F4xx_HAL_Driver/Inc/Legacy -I../Drivers/CMSIS/Device/ST/STM32F4xx/Include -I../Drivers/CMSIS/Include -I../Middlewares/Third_Party/FreeRTOS/Source/include -I../Middlewares/Third_Party/FreeRTOS/Source/CMSIS_RTOS_V2 -I../Middlewares/Third_Party/FreeRTOS/Source/portable/GCC/ARM_CM4F -O0 -ffunction-sections -fdata-sections -Wall -fstack-usage -fcyclomatic-complexity -MMD -MP -MF"Core/Src/main.d" -MT"Core/Src/main.o" --specs=nano.specs -mfpu=fpv4-sp-d16 -mfloat-abi=hard -mthumb -o "Core/Src/main.o"
arm-none-eabi-gcc -o "ADASWithSDV.elf" @"objects.list"   -mcpu=cortex-m4 -T"D:\Graduation-Project\Baremetal\ADASWithSDV\STM32F401RCTX_FLASH.ld" --specs=nosys.specs -Wl,-Map="ADASWithSDV.map" -Wl,--gc-sections -static --specs=nano.specs -mfpu=fpv4-sp-d16 -mfloat-abi=hard -mthumb -Wl,--start-group -lc -lm -Wl,--end-group
Finished building target: ADASWithSDV.elf
 
arm-none-eabi-size  ADASWithSDV.elf 
arm-none-eabi-objdump -h -S ADASWithSDV.elf  > "ADASWithSDV.list"
   text	   data	    bss	    dec	    hex	filename
  12344	     92	   3116	  15552	   3cc0	ADASWithSDV.elf
arm-none-eabi-objcopy  -O ihex ADASWithSDV.elf  "ADASWithSDV.hex"
Finished building: default.size.stdout
 
Finished building: ADASWithSDV.list
Finished building: ADASWithSDV.hex
 
 
20:18:14 **** Incremental Build of configuration Debug for project ADASWithSDV ****
make -j8 all 
arm-none-eabi-size  ADASWithSDV.elf 
   text	   data	    bss	    dec	    hex	filename
  12344	     92	   3116	  15552	   3cc0	ADASWithSDV.elf
Finished building: default.size.stdout
 
20:20:35 **** Incremental Build of configuration Debug for project ADASWithSDV ****
make -j8 all 
arm-none-eabi-size  ADASWithSDV.elf 
   text	   data	    bss	    dec	    hex	filename
  12344	     92	   3116	  15552	   3cc0	ADASWithSDV.elf
Finished building: default.size.stdout
 
20:22:19 **** Incremental Build of configuration Debug for project ADASWithSDV ****
make -j8 all 
arm-none-eabi-gcc "../Core/Src/main.c" -mcpu=cortex-m4 -std=gnu11 -g3 -DDEBUG -DUSE_HAL_DRIVER -DSTM32F401xC -c -I../Core/Inc -I../Drivers/STM32F4xx_HAL_Driver/Inc -I../Drivers/STM32F4xx_HAL_Driver/Inc/Legacy -I../Drivers/CMSIS/Device/ST/STM32F4xx/Include -I../Drivers/CMSIS/Include -I../Middlewares/Third_Party/FreeRTOS/Source/include -I../Middlewares/Third_Party/FreeRTOS/Source/CMSIS_RTOS_V2 -I../Middlewares/Third_Party/FreeRTOS/Source/portable/GCC/ARM_CM4F -O0 -ffunction-sections -fdata-sections -Wall -fstack-usage -fcyclomatic-complexity -MMD -MP -MF"Core/Src/main.d" -MT"Core/Src/main.o" --specs=nano.specs -mfpu=fpv4-sp-d16 -mfloat-abi=hard -mthumb -o "Core/Src/main.o"
arm-none-eabi-gcc -o "ADASWithSDV.elf" @"objects.list"   -mcpu=cortex-m4 -T"D:\Graduation-Project\Baremetal\ADASWithSDV\STM32F401RCTX_FLASH.ld" --specs=nosys.specs -Wl,-Map="ADASWithSDV.map" -Wl,--gc-sections -static --specs=nano.specs -mfpu=fpv4-sp-d16 -mfloat-abi=hard -mthumb -Wl,--start-group -lc -lm -Wl,--end-group
Finished building target: ADASWithSDV.elf
 
arm-none-eabi-size  ADASWithSDV.elf 
arm-none-eabi-objdump -h -S ADASWithSDV.elf  > "ADASWithSDV.list"
   text	   data	    bss	    dec	    hex	filename
  12344	     92	   3116	  15552	   3cc0	ADASWithSDV.elf
arm-none-eabi-objcopy  -O ihex ADASWithSDV.elf  "ADASWithSDV.hex"
Finished building: default.size.stdout
 
Finished building: ADASWithSDV.list
Finished building: ADASWithSDV.hex
 
 
20:22:24 **** Incremental Build of configuration Debug for project ADASWithSDV ****
make -j8 all 
arm-none-eabi-size  ADASWithSDV.elf 
   text	   data	    bss	    dec	    hex	filename
  12344	     92	   3116	  15552	   3cc0	ADASWithSDV.elf
Finished building: default.size.stdout
 
20:24:25 **** Incremental Build of configuration Debug for project ADASWithSDV ****
make -j8 all 
arm-none-eabi-size  ADASWithSDV.elf 
   text	   data	    bss	    dec	    hex	filename
  12344	     92	   3116	  15552	   3cc0	ADASWithSDV.elf
Finished building: default.size.stdout
 
20:25:33 **** Incremental Build of configuration Debug for project ADASWithSDV ****
make -j8 all 
arm-none-eabi-size  ADASWithSDV.elf 
   text	   data	    bss	    dec	    hex	filename
  12344	     92	   3116	  15552	   3cc0	ADASWithSDV.elf
Finished building: default.size.stdout
 
20:37:21 **** Incremental Build of configuration Debug for project ADASWithSDV ****
make -j8 all 
arm-none-eabi-gcc "../Core/code/src/perception/HAL/ultraSonic/ultraSonic.c" -mcpu=cortex-m4 -std=gnu11 -g3 -DDEBUG -DUSE_HAL_DRIVER -DSTM32F401xC -c -I../Core/Inc -I../Drivers/STM32F4xx_HAL_Driver/Inc -I../Drivers/STM32F4xx_HAL_Driver/Inc/Legacy -I../Drivers/CMSIS/Device/ST/STM32F4xx/Include -I../Drivers/CMSIS/Include -I../Middlewares/Third_Party/FreeRTOS/Source/include -I../Middlewares/Third_Party/FreeRTOS/Source/CMSIS_RTOS_V2 -I../Middlewares/Third_Party/FreeRTOS/Source/portable/GCC/ARM_CM4F -O0 -ffunction-sections -fdata-sections -Wall -fstack-usage -fcyclomatic-complexity -MMD -MP -MF"Core/code/src/perception/HAL/ultraSonic/ultraSonic.d" -MT"Core/code/src/perception/HAL/ultraSonic/ultraSonic.o" --specs=nano.specs -mfpu=fpv4-sp-d16 -mfloat-abi=hard -mthumb -o "Core/code/src/perception/HAL/ultraSonic/ultraSonic.o"
arm-none-eabi-gcc -o "ADASWithSDV.elf" @"objects.list"   -mcpu=cortex-m4 -T"D:\Graduation-Project\Baremetal\ADASWithSDV\STM32F401RCTX_FLASH.ld" --specs=nosys.specs -Wl,-Map="ADASWithSDV.map" -Wl,--gc-sections -static --specs=nano.specs -mfpu=fpv4-sp-d16 -mfloat-abi=hard -mthumb -Wl,--start-group -lc -lm -Wl,--end-group
Finished building target: ADASWithSDV.elf
 
arm-none-eabi-size  ADASWithSDV.elf 
arm-none-eabi-objdump -h -S ADASWithSDV.elf  > "ADASWithSDV.list"
   text	   data	    bss	    dec	    hex	filename
  12392	     92	   3116	  15600	   3cf0	ADASWithSDV.elf
arm-none-eabi-objcopy  -O ihex ADASWithSDV.elf  "ADASWithSDV.hex"
Finished building: default.size.stdout
 
Finished building: ADASWithSDV.list
Finished building: ADASWithSDV.hex
 
 
20:37:32 **** Incremental Build of configuration Debug for project ADASWithSDV ****
make -j8 all 
arm-none-eabi-size  ADASWithSDV.elf 
   text	   data	    bss	    dec	    hex	filename
  12392	     92	   3116	  15600	   3cf0	ADASWithSDV.elf
Finished building: default.size.stdout
 
20:38:17 **** Incremental Build of configuration Debug for project ADASWithSDV ****
make -j8 all 
arm-none-eabi-gcc "../Core/Src/main.c" -mcpu=cortex-m4 -std=gnu11 -g3 -DDEBUG -DUSE_HAL_DRIVER -DSTM32F401xC -c -I../Core/Inc -I../Drivers/STM32F4xx_HAL_Driver/Inc -I../Drivers/STM32F4xx_HAL_Driver/Inc/Legacy -I../Drivers/CMSIS/Device/ST/STM32F4xx/Include -I../Drivers/CMSIS/Include -I../Middlewares/Third_Party/FreeRTOS/Source/include -I../Middlewares/Third_Party/FreeRTOS/Source/CMSIS_RTOS_V2 -I../Middlewares/Third_Party/FreeRTOS/Source/portable/GCC/ARM_CM4F -O0 -ffunction-sections -fdata-sections -Wall -fstack-usage -fcyclomatic-complexity -MMD -MP -MF"Core/Src/main.d" -MT"Core/Src/main.o" --specs=nano.specs -mfpu=fpv4-sp-d16 -mfloat-abi=hard -mthumb -o "Core/Src/main.o"
arm-none-eabi-gcc -o "ADASWithSDV.elf" @"objects.list"   -mcpu=cortex-m4 -T"D:\Graduation-Project\Baremetal\ADASWithSDV\STM32F401RCTX_FLASH.ld" --specs=nosys.specs -Wl,-Map="ADASWithSDV.map" -Wl,--gc-sections -static --specs=nano.specs -mfpu=fpv4-sp-d16 -mfloat-abi=hard -mthumb -Wl,--start-group -lc -lm -Wl,--end-group
Finished building target: ADASWithSDV.elf
 
arm-none-eabi-size  ADASWithSDV.elf 
arm-none-eabi-objdump -h -S ADASWithSDV.elf  > "ADASWithSDV.list"
   text	   data	    bss	    dec	    hex	filename
  12392	     92	   3116	  15600	   3cf0	ADASWithSDV.elf
arm-none-eabi-objcopy  -O ihex ADASWithSDV.elf  "ADASWithSDV.hex"
Finished building: default.size.stdout
 
Finished building: ADASWithSDV.list
Finished building: ADASWithSDV.hex
 
 
20:38:29 **** Incremental Build of configuration Debug for project ADASWithSDV ****
make -j8 all 
arm-none-eabi-size  ADASWithSDV.elf 
   text	   data	    bss	    dec	    hex	filename
  12392	     92	   3116	  15600	   3cf0	ADASWithSDV.elf
Finished building: default.size.stdout
 
20:40:56 **** Incremental Build of configuration Debug for project ADASWithSDV ****
make -j8 all 
arm-none-eabi-size  ADASWithSDV.elf 
   text	   data	    bss	    dec	    hex	filename
  12392	     92	   3116	  15600	   3cf0	ADASWithSDV.elf
Finished building: default.size.stdout
 
20:41:54 **** Incremental Build of configuration Debug for project ADASWithSDV ****
make -j8 all 
arm-none-eabi-size  ADASWithSDV.elf 
   text	   data	    bss	    dec	    hex	filename
  12392	     92	   3116	  15600	   3cf0	ADASWithSDV.elf
Finished building: default.size.stdout
 
20:48:31 **** Incremental Build of configuration Debug for project ADASWithSDV ****
make -j8 all 
arm-none-eabi-gcc "../Core/code/src/perception/HAL/ultraSonic/ultraSonic.c" -mcpu=cortex-m4 -std=gnu11 -g3 -DDEBUG -DUSE_HAL_DRIVER -DSTM32F401xC -c -I../Core/Inc -I../Drivers/STM32F4xx_HAL_Driver/Inc -I../Drivers/STM32F4xx_HAL_Driver/Inc/Legacy -I../Drivers/CMSIS/Device/ST/STM32F4xx/Include -I../Drivers/CMSIS/Include -I../Middlewares/Third_Party/FreeRTOS/Source/include -I../Middlewares/Third_Party/FreeRTOS/Source/CMSIS_RTOS_V2 -I../Middlewares/Third_Party/FreeRTOS/Source/portable/GCC/ARM_CM4F -O0 -ffunction-sections -fdata-sections -Wall -fstack-usage -fcyclomatic-complexity -MMD -MP -MF"Core/code/src/perception/HAL/ultraSonic/ultraSonic.d" -MT"Core/code/src/perception/HAL/ultraSonic/ultraSonic.o" --specs=nano.specs -mfpu=fpv4-sp-d16 -mfloat-abi=hard -mthumb -o "Core/code/src/perception/HAL/ultraSonic/ultraSonic.o"
arm-none-eabi-gcc -o "ADASWithSDV.elf" @"objects.list"   -mcpu=cortex-m4 -T"D:\Graduation-Project\Baremetal\ADASWithSDV\STM32F401RCTX_FLASH.ld" --specs=nosys.specs -Wl,-Map="ADASWithSDV.map" -Wl,--gc-sections -static --specs=nano.specs -mfpu=fpv4-sp-d16 -mfloat-abi=hard -mthumb -Wl,--start-group -lc -lm -Wl,--end-group
Finished building target: ADASWithSDV.elf
 
arm-none-eabi-size  ADASWithSDV.elf 
arm-none-eabi-objdump -h -S ADASWithSDV.elf  > "ADASWithSDV.list"
   text	   data	    bss	    dec	    hex	filename
  12392	     92	   3116	  15600	   3cf0	ADASWithSDV.elf
arm-none-eabi-objcopy  -O ihex ADASWithSDV.elf  "ADASWithSDV.hex"
Finished building: default.size.stdout
 
Finished building: ADASWithSDV.list
Finished building: ADASWithSDV.hex
 
 
20:48:44 **** Incremental Build of configuration Debug for project ADASWithSDV ****
make -j8 all 
arm-none-eabi-size  ADASWithSDV.elf 
   text	   data	    bss	    dec	    hex	filename
  12392	     92	   3116	  15600	   3cf0	ADASWithSDV.elf
Finished building: default.size.stdout
 
20:52:02 **** Incremental Build of configuration Debug for project ADASWithSDV ****
make -j8 all 
arm-none-eabi-gcc "../Core/Src/stm32f4xx_it.c" -mcpu=cortex-m4 -std=gnu11 -g3 -DDEBUG -DUSE_HAL_DRIVER -DSTM32F401xC -c -I../Core/Inc -I../Drivers/STM32F4xx_HAL_Driver/Inc -I../Drivers/STM32F4xx_HAL_Driver/Inc/Legacy -I../Drivers/CMSIS/Device/ST/STM32F4xx/Include -I../Drivers/CMSIS/Include -I../Middlewares/Third_Party/FreeRTOS/Source/include -I../Middlewares/Third_Party/FreeRTOS/Source/CMSIS_RTOS_V2 -I../Middlewares/Third_Party/FreeRTOS/Source/portable/GCC/ARM_CM4F -O0 -ffunction-sections -fdata-sections -Wall -fstack-usage -fcyclomatic-complexity -MMD -MP -MF"Core/Src/stm32f4xx_it.d" -MT"Core/Src/stm32f4xx_it.o" --specs=nano.specs -mfpu=fpv4-sp-d16 -mfloat-abi=hard -mthumb -o "Core/Src/stm32f4xx_it.o"
../Core/Src/stm32f4xx_it.c: In function 'TIM3_IRQHandler':
../Core/Src/stm32f4xx_it.c:179:25: error: 'htim3' undeclared (first use in this function); did you mean 'htim10'?
  179 |     HAL_TIM_IRQHandler(&htim3);  // Call HAL to handle update/IC/OC
      |                         ^~~~~
      |                         htim10
../Core/Src/stm32f4xx_it.c:179:25: note: each undeclared identifier is reported only once for each function it appears in
make: *** [Core/Src/subdir.mk:40: Core/Src/stm32f4xx_it.o] Error 1
"make -j8 all" terminated with exit code 2. Build might be incomplete.
20:52:30 **** Incremental Build of configuration Debug for project ADASWithSDV ****
make -j8 all 
arm-none-eabi-gcc "../Core/Src/stm32f4xx_it.c" -mcpu=cortex-m4 -std=gnu11 -g3 -DDEBUG -DUSE_HAL_DRIVER -DSTM32F401xC -c -I../Core/Inc -I../Drivers/STM32F4xx_HAL_Driver/Inc -I../Drivers/STM32F4xx_HAL_Driver/Inc/Legacy -I../Drivers/CMSIS/Device/ST/STM32F4xx/Include -I../Drivers/CMSIS/Include -I../Middlewares/Third_Party/FreeRTOS/Source/include -I../Middlewares/Third_Party/FreeRTOS/Source/CMSIS_RTOS_V2 -I../Middlewares/Third_Party/FreeRTOS/Source/portable/GCC/ARM_CM4F -O0 -ffunction-sections -fdata-sections -Wall -fstack-usage -fcyclomatic-complexity -MMD -MP -MF"Core/Src/stm32f4xx_it.d" -MT"Core/Src/stm32f4xx_it.o" --specs=nano.specs -mfpu=fpv4-sp-d16 -mfloat-abi=hard -mthumb -o "Core/Src/stm32f4xx_it.o"
arm-none-eabi-gcc -o "ADASWithSDV.elf" @"objects.list"   -mcpu=cortex-m4 -T"D:\Graduation-Project\Baremetal\ADASWithSDV\STM32F401RCTX_FLASH.ld" --specs=nosys.specs -Wl,-Map="ADASWithSDV.map" -Wl,--gc-sections -static --specs=nano.specs -mfpu=fpv4-sp-d16 -mfloat-abi=hard -mthumb -Wl,--start-group -lc -lm -Wl,--end-group
D:\Program Files\en.st-stm32cubeide_1.16.1_22882_20240916_0822_x86_64.exe\STM32CubeIDE_1.16.1\STM32CubeIDE\plugins\com.st.stm32cube.ide.mcu.externaltools.gnu-tools-for-stm32.12.3.rel1.win32_1.0.200.202406191623\tools\arm-none-eabi\bin\ld.exe: ./Core/Src/stm32f4xx_it.o: in function `TIM3_IRQHandler':
D:/Graduation-Project/Baremetal/ADASWithSDV/Debug/../Core/Src/stm32f4xx_it.c:178: multiple definition of `TIM3_IRQHandler'; ./Core/Src/main.o:D:/Graduation-Project/Baremetal/ADASWithSDV/Debug/../Core/Src/main.c:86: first defined here
collect2.exe: error: ld returned 1 exit status
make: *** [makefile:81: ADASWithSDV.elf] Error 1
"make -j8 all" terminated with exit code 2. Build might be incomplete.
20:53:52 **** Incremental Build of configuration Debug for project ADASWithSDV ****
make -j8 all 
arm-none-eabi-gcc "../Core/Src/main.c" -mcpu=cortex-m4 -std=gnu11 -g3 -DDEBUG -DUSE_HAL_DRIVER -DSTM32F401xC -c -I../Core/Inc -I../Drivers/STM32F4xx_HAL_Driver/Inc -I../Drivers/STM32F4xx_HAL_Driver/Inc/Legacy -I../Drivers/CMSIS/Device/ST/STM32F4xx/Include -I../Drivers/CMSIS/Include -I../Middlewares/Third_Party/FreeRTOS/Source/include -I../Middlewares/Third_Party/FreeRTOS/Source/CMSIS_RTOS_V2 -I../Middlewares/Third_Party/FreeRTOS/Source/portable/GCC/ARM_CM4F -O0 -ffunction-sections -fdata-sections -Wall -fstack-usage -fcyclomatic-complexity -MMD -MP -MF"Core/Src/main.d" -MT"Core/Src/main.o" --specs=nano.specs -mfpu=fpv4-sp-d16 -mfloat-abi=hard -mthumb -o "Core/Src/main.o"
arm-none-eabi-gcc "../Core/Src/stm32f4xx_it.c" -mcpu=cortex-m4 -std=gnu11 -g3 -DDEBUG -DUSE_HAL_DRIVER -DSTM32F401xC -c -I../Core/Inc -I../Drivers/STM32F4xx_HAL_Driver/Inc -I../Drivers/STM32F4xx_HAL_Driver/Inc/Legacy -I../Drivers/CMSIS/Device/ST/STM32F4xx/Include -I../Drivers/CMSIS/Include -I../Middlewares/Third_Party/FreeRTOS/Source/include -I../Middlewares/Third_Party/FreeRTOS/Source/CMSIS_RTOS_V2 -I../Middlewares/Third_Party/FreeRTOS/Source/portable/GCC/ARM_CM4F -O0 -ffunction-sections -fdata-sections -Wall -fstack-usage -fcyclomatic-complexity -MMD -MP -MF"Core/Src/stm32f4xx_it.d" -MT"Core/Src/stm32f4xx_it.o" --specs=nano.specs -mfpu=fpv4-sp-d16 -mfloat-abi=hard -mthumb -o "Core/Src/stm32f4xx_it.o"
arm-none-eabi-gcc -o "ADASWithSDV.elf" @"objects.list"   -mcpu=cortex-m4 -T"D:\Graduation-Project\Baremetal\ADASWithSDV\STM32F401RCTX_FLASH.ld" --specs=nosys.specs -Wl,-Map="ADASWithSDV.map" -Wl,--gc-sections -static --specs=nano.specs -mfpu=fpv4-sp-d16 -mfloat-abi=hard -mthumb -Wl,--start-group -lc -lm -Wl,--end-group
Finished building target: ADASWithSDV.elf
 
arm-none-eabi-size  ADASWithSDV.elf 
arm-none-eabi-objdump -h -S ADASWithSDV.elf  > "ADASWithSDV.list"
   text	   data	    bss	    dec	    hex	filename
  12392	     92	   3260	  15744	   3d80	ADASWithSDV.elf
arm-none-eabi-objcopy  -O ihex ADASWithSDV.elf  "ADASWithSDV.hex"
Finished building: default.size.stdout
 
Finished building: ADASWithSDV.list
Finished building: ADASWithSDV.hex
 
 
20:53:58 **** Incremental Build of configuration Debug for project ADASWithSDV ****
make -j8 all 
arm-none-eabi-size  ADASWithSDV.elf 
   text	   data	    bss	    dec	    hex	filename
  12392	     92	   3260	  15744	   3d80	ADASWithSDV.elf
Finished building: default.size.stdout
 
21:07:58 **** Incremental Build of configuration Debug for project ADASWithSDV ****
make -j8 all 
arm-none-eabi-gcc "../Core/code/src/perception/HAL/ultraSonic/ultraSonic.c" -mcpu=cortex-m4 -std=gnu11 -g3 -DDEBUG -DUSE_HAL_DRIVER -DSTM32F401xC -c -I../Core/Inc -I../Drivers/STM32F4xx_HAL_Driver/Inc -I../Drivers/STM32F4xx_HAL_Driver/Inc/Legacy -I../Drivers/CMSIS/Device/ST/STM32F4xx/Include -I../Drivers/CMSIS/Include -I../Middlewares/Third_Party/FreeRTOS/Source/include -I../Middlewares/Third_Party/FreeRTOS/Source/CMSIS_RTOS_V2 -I../Middlewares/Third_Party/FreeRTOS/Source/portable/GCC/ARM_CM4F -O0 -ffunction-sections -fdata-sections -Wall -fstack-usage -fcyclomatic-complexity -MMD -MP -MF"Core/code/src/perception/HAL/ultraSonic/ultraSonic.d" -MT"Core/code/src/perception/HAL/ultraSonic/ultraSonic.o" --specs=nano.specs -mfpu=fpv4-sp-d16 -mfloat-abi=hard -mthumb -o "Core/code/src/perception/HAL/ultraSonic/ultraSonic.o"
arm-none-eabi-gcc "../Core/Src/main.c" -mcpu=cortex-m4 -std=gnu11 -g3 -DDEBUG -DUSE_HAL_DRIVER -DSTM32F401xC -c -I../Core/Inc -I../Drivers/STM32F4xx_HAL_Driver/Inc -I../Drivers/STM32F4xx_HAL_Driver/Inc/Legacy -I../Drivers/CMSIS/Device/ST/STM32F4xx/Include -I../Drivers/CMSIS/Include -I../Middlewares/Third_Party/FreeRTOS/Source/include -I../Middlewares/Third_Party/FreeRTOS/Source/CMSIS_RTOS_V2 -I../Middlewares/Third_Party/FreeRTOS/Source/portable/GCC/ARM_CM4F -O0 -ffunction-sections -fdata-sections -Wall -fstack-usage -fcyclomatic-complexity -MMD -MP -MF"Core/Src/main.d" -MT"Core/Src/main.o" --specs=nano.specs -mfpu=fpv4-sp-d16 -mfloat-abi=hard -mthumb -o "Core/Src/main.o"
arm-none-eabi-gcc -o "ADASWithSDV.elf" @"objects.list"   -mcpu=cortex-m4 -T"D:\Graduation-Project\Baremetal\ADASWithSDV\STM32F401RCTX_FLASH.ld" --specs=nosys.specs -Wl,-Map="ADASWithSDV.map" -Wl,--gc-sections -static --specs=nano.specs -mfpu=fpv4-sp-d16 -mfloat-abi=hard -mthumb -Wl,--start-group -lc -lm -Wl,--end-group
Finished building target: ADASWithSDV.elf
 
arm-none-eabi-size  ADASWithSDV.elf 
arm-none-eabi-objdump -h -S ADASWithSDV.elf  > "ADASWithSDV.list"
   text	   data	    bss	    dec	    hex	filename
  12728	     92	   3276	  16096	   3ee0	ADASWithSDV.elf
arm-none-eabi-objcopy  -O ihex ADASWithSDV.elf  "ADASWithSDV.hex"
Finished building: default.size.stdout
 
Finished building: ADASWithSDV.list
Finished building: ADASWithSDV.hex
 
 
21:08:07 **** Incremental Build of configuration Debug for project ADASWithSDV ****
make -j8 all 
arm-none-eabi-size  ADASWithSDV.elf 
   text	   data	    bss	    dec	    hex	filename
  12728	     92	   3276	  16096	   3ee0	ADASWithSDV.elf
Finished building: default.size.stdout
 
21:09:09 **** Incremental Build of configuration Debug for project ADASWithSDV ****
make -j8 all 
arm-none-eabi-gcc "../Core/Src/main.c" -mcpu=cortex-m4 -std=gnu11 -g3 -DDEBUG -DUSE_HAL_DRIVER -DSTM32F401xC -c -I../Core/Inc -I../Drivers/STM32F4xx_HAL_Driver/Inc -I../Drivers/STM32F4xx_HAL_Driver/Inc/Legacy -I../Drivers/CMSIS/Device/ST/STM32F4xx/Include -I../Drivers/CMSIS/Include -I../Middlewares/Third_Party/FreeRTOS/Source/include -I../Middlewares/Third_Party/FreeRTOS/Source/CMSIS_RTOS_V2 -I../Middlewares/Third_Party/FreeRTOS/Source/portable/GCC/ARM_CM4F -O0 -ffunction-sections -fdata-sections -Wall -fstack-usage -fcyclomatic-complexity -MMD -MP -MF"Core/Src/main.d" -MT"Core/Src/main.o" --specs=nano.specs -mfpu=fpv4-sp-d16 -mfloat-abi=hard -mthumb -o "Core/Src/main.o"
arm-none-eabi-gcc -o "ADASWithSDV.elf" @"objects.list"   -mcpu=cortex-m4 -T"D:\Graduation-Project\Baremetal\ADASWithSDV\STM32F401RCTX_FLASH.ld" --specs=nosys.specs -Wl,-Map="ADASWithSDV.map" -Wl,--gc-sections -static --specs=nano.specs -mfpu=fpv4-sp-d16 -mfloat-abi=hard -mthumb -Wl,--start-group -lc -lm -Wl,--end-group
Finished building target: ADASWithSDV.elf
 
arm-none-eabi-size  ADASWithSDV.elf 
arm-none-eabi-objdump -h -S ADASWithSDV.elf  > "ADASWithSDV.list"
   text	   data	    bss	    dec	    hex	filename
  12664	     92	   3276	  16032	   3ea0	ADASWithSDV.elf
arm-none-eabi-objcopy  -O ihex ADASWithSDV.elf  "ADASWithSDV.hex"
Finished building: default.size.stdout
 
Finished building: ADASWithSDV.list
Finished building: ADASWithSDV.hex
 
 
21:09:15 **** Incremental Build of configuration Debug for project ADASWithSDV ****
make -j8 all 
arm-none-eabi-size  ADASWithSDV.elf 
   text	   data	    bss	    dec	    hex	filename
  12664	     92	   3276	  16032	   3ea0	ADASWithSDV.elf
Finished building: default.size.stdout
 
21:15:56 **** Incremental Build of configuration Debug for project ADASWithSDV ****
make -j8 all 
arm-none-eabi-size  ADASWithSDV.elf 
   text	   data	    bss	    dec	    hex	filename
  12664	     92	   3276	  16032	   3ea0	ADASWithSDV.elf
Finished building: default.size.stdout
 
21:16:13 **** Incremental Build of configuration Debug for project ADASWithSDV ****
make -j8 all 
arm-none-eabi-size  ADASWithSDV.elf 
   text	   data	    bss	    dec	    hex	filename
  12664	     92	   3276	  16032	   3ea0	ADASWithSDV.elf
Finished building: default.size.stdout
 
21:16:29 **** Incremental Build of configuration Debug for project ADASWithSDV ****
make -j8 all 
arm-none-eabi-size  ADASWithSDV.elf 
   text	   data	    bss	    dec	    hex	filename
  12664	     92	   3276	  16032	   3ea0	ADASWithSDV.elf
Finished building: default.size.stdout
 
21:16:46 **** Incremental Build of configuration Debug for project ADASWithSDV ****
make -j8 all 
arm-none-eabi-size  ADASWithSDV.elf 
   text	   data	    bss	    dec	    hex	filename
  12664	     92	   3276	  16032	   3ea0	ADASWithSDV.elf
Finished building: default.size.stdout
 
21:17:04 **** Incremental Build of configuration Debug for project ADASWithSDV ****
make -j8 all 
arm-none-eabi-size  ADASWithSDV.elf 
   text	   data	    bss	    dec	    hex	filename
  12664	     92	   3276	  16032	   3ea0	ADASWithSDV.elf
Finished building: default.size.stdout
 
21:17:41 **** Incremental Build of configuration Debug for project ADASWithSDV ****
make -j8 all 
arm-none-eabi-size  ADASWithSDV.elf 
   text	   data	    bss	    dec	    hex	filename
  12664	     92	   3276	  16032	   3ea0	ADASWithSDV.elf
Finished building: default.size.stdout
 
21:19:01 **** Incremental Build of configuration Debug for project ADASWithSDV ****
make -j8 all 
arm-none-eabi-size  ADASWithSDV.elf 
   text	   data	    bss	    dec	    hex	filename
  12664	     92	   3276	  16032	   3ea0	ADASWithSDV.elf
Finished building: default.size.stdout
 
21:19:39 **** Incremental Build of configuration Debug for project ADASWithSDV ****
make -j8 all 
arm-none-eabi-size  ADASWithSDV.elf 
   text	   data	    bss	    dec	    hex	filename
  12664	     92	   3276	  16032	   3ea0	ADASWithSDV.elf
Finished building: default.size.stdout
 
21:19:46 **** Incremental Build of configuration Debug for project ADASWithSDV ****
make -j8 all 
arm-none-eabi-size  ADASWithSDV.elf 
   text	   data	    bss	    dec	    hex	filename
  12664	     92	   3276	  16032	   3ea0	ADASWithSDV.elf
Finished building: default.size.stdout
 
21:19:58 **** Incremental Build of configuration Debug for project ADASWithSDV ****
make -j8 all 
arm-none-eabi-size  ADASWithSDV.elf 
   text	   data	    bss	    dec	    hex	filename
  12664	     92	   3276	  16032	   3ea0	ADASWithSDV.elf
Finished building: default.size.stdout
 
21:20:27 **** Incremental Build of configuration Debug for project ADASWithSDV ****
make -j8 all 
arm-none-eabi-size  ADASWithSDV.elf 
   text	   data	    bss	    dec	    hex	filename
  12664	     92	   3276	  16032	   3ea0	ADASWithSDV.elf
Finished building: default.size.stdout
 
21:20:57 **** Incremental Build of configuration Debug for project ADASWithSDV ****
make -j8 all 
arm-none-eabi-size  ADASWithSDV.elf 
   text	   data	    bss	    dec	    hex	filename
  12664	     92	   3276	  16032	   3ea0	ADASWithSDV.elf
Finished building: default.size.stdout
 
21:21:21 **** Incremental Build of configuration Debug for project ADASWithSDV ****
make -j8 all 
arm-none-eabi-size  ADASWithSDV.elf 
   text	   data	    bss	    dec	    hex	filename
  12664	     92	   3276	  16032	   3ea0	ADASWithSDV.elf
Finished building: default.size.stdout
 
21:21:34 **** Incremental Build of configuration Debug for project ADASWithSDV ****
make -j8 all 
arm-none-eabi-size  ADASWithSDV.elf 
   text	   data	    bss	    dec	    hex	filename
  12664	     92	   3276	  16032	   3ea0	ADASWithSDV.elf
Finished building: default.size.stdout
 
21:21:43 **** Incremental Build of configuration Debug for project ADASWithSDV ****
make -j8 all 
arm-none-eabi-size  ADASWithSDV.elf 
   text	   data	    bss	    dec	    hex	filename
  12664	     92	   3276	  16032	   3ea0	ADASWithSDV.elf
Finished building: default.size.stdout
 
٢١:٢٧:٤١ **** Incremental Build of configuration Debug for project ADASWithSDV ****
make -j8 all 
arm-none-eabi-size  ADASWithSDV.elf 
   text	   data	    bss	    dec	    hex	filename
  12664	     92	   3276	  16032	   3ea0	ADASWithSDV.elf
Finished building: default.size.stdout
 
21:28:22 **** Incremental Build of configuration Debug for project ADASWithSDV ****
make -j8 all 
arm-none-eabi-size  ADASWithSDV.elf 
   text	   data	    bss	    dec	    hex	filename
  12664	     92	   3276	  16032	   3ea0	ADASWithSDV.elf
Finished building: default.size.stdout
 
21:28:34 **** Incremental Build of configuration Debug for project ADASWithSDV ****
make -j8 all 
arm-none-eabi-size  ADASWithSDV.elf 
   text	   data	    bss	    dec	    hex	filename
  12664	     92	   3276	  16032	   3ea0	ADASWithSDV.elf
Finished building: default.size.stdout
 
21:29:35 **** Incremental Build of configuration Debug for project ADASWithSDV ****
make -j8 all 
arm-none-eabi-size  ADASWithSDV.elf 
   text	   data	    bss	    dec	    hex	filename
  12664	     92	   3276	  16032	   3ea0	ADASWithSDV.elf
Finished building: default.size.stdout
 
21:32:16 **** Incremental Build of configuration Debug for project ADASWithSDV ****
make -j8 all 
arm-none-eabi-size  ADASWithSDV.elf 
   text	   data	    bss	    dec	    hex	filename
  12664	     92	   3276	  16032	   3ea0	ADASWithSDV.elf
Finished building: default.size.stdout
 
21:33:36 **** Incremental Build of configuration Debug for project ADASWithSDV ****
make -j8 all 
arm-none-eabi-size  ADASWithSDV.elf 
   text	   data	    bss	    dec	    hex	filename
  12664	     92	   3276	  16032	   3ea0	ADASWithSDV.elf
Finished building: default.size.stdout
 
21:34:07 **** Incremental Build of configuration Debug for project ADASWithSDV ****
make -j8 all 
arm-none-eabi-gcc "../Core/code/src/perception/HAL/ultraSonic/ultraSonic.c" -mcpu=cortex-m4 -std=gnu11 -g3 -DDEBUG -DUSE_HAL_DRIVER -DSTM32F401xC -c -I../Core/Inc -I../Drivers/STM32F4xx_HAL_Driver/Inc -I../Drivers/STM32F4xx_HAL_Driver/Inc/Legacy -I../Drivers/CMSIS/Device/ST/STM32F4xx/Include -I../Drivers/CMSIS/Include -I../Middlewares/Third_Party/FreeRTOS/Source/include -I../Middlewares/Third_Party/FreeRTOS/Source/CMSIS_RTOS_V2 -I../Middlewares/Third_Party/FreeRTOS/Source/portable/GCC/ARM_CM4F -O0 -ffunction-sections -fdata-sections -Wall -fstack-usage -fcyclomatic-complexity -MMD -MP -MF"Core/code/src/perception/HAL/ultraSonic/ultraSonic.d" -MT"Core/code/src/perception/HAL/ultraSonic/ultraSonic.o" --specs=nano.specs -mfpu=fpv4-sp-d16 -mfloat-abi=hard -mthumb -o "Core/code/src/perception/HAL/ultraSonic/ultraSonic.o"
arm-none-eabi-gcc -o "ADASWithSDV.elf" @"objects.list"   -mcpu=cortex-m4 -T"D:\Graduation-Project\Baremetal\ADASWithSDV\STM32F401RCTX_FLASH.ld" --specs=nosys.specs -Wl,-Map="ADASWithSDV.map" -Wl,--gc-sections -static --specs=nano.specs -mfpu=fpv4-sp-d16 -mfloat-abi=hard -mthumb -Wl,--start-group -lc -lm -Wl,--end-group
Finished building target: ADASWithSDV.elf
 
arm-none-eabi-size  ADASWithSDV.elf 
arm-none-eabi-objdump -h -S ADASWithSDV.elf  > "ADASWithSDV.list"
   text	   data	    bss	    dec	    hex	filename
  12664	     92	   3276	  16032	   3ea0	ADASWithSDV.elf
arm-none-eabi-objcopy  -O ihex ADASWithSDV.elf  "ADASWithSDV.hex"
Finished building: default.size.stdout
 
Finished building: ADASWithSDV.list
Finished building: ADASWithSDV.hex
 
 
21:34:15 **** Incremental Build of configuration Debug for project ADASWithSDV ****
make -j8 all 
arm-none-eabi-size  ADASWithSDV.elf 
   text	   data	    bss	    dec	    hex	filename
  12664	     92	   3276	  16032	   3ea0	ADASWithSDV.elf
Finished building: default.size.stdout
 
21:36:08 **** Incremental Build of configuration Debug for project ADASWithSDV ****
make -j8 all 
arm-none-eabi-size  ADASWithSDV.elf 
   text	   data	    bss	    dec	    hex	filename
  12664	     92	   3276	  16032	   3ea0	ADASWithSDV.elf
Finished building: default.size.stdout
 
21:36:48 **** Incremental Build of configuration Debug for project ADASWithSDV ****
make -j8 all 
arm-none-eabi-gcc "../Core/code/src/perception/HAL/ultraSonic/ultraSonic.c" -mcpu=cortex-m4 -std=gnu11 -g3 -DDEBUG -DUSE_HAL_DRIVER -DSTM32F401xC -c -I../Core/Inc -I../Drivers/STM32F4xx_HAL_Driver/Inc -I../Drivers/STM32F4xx_HAL_Driver/Inc/Legacy -I../Drivers/CMSIS/Device/ST/STM32F4xx/Include -I../Drivers/CMSIS/Include -I../Middlewares/Third_Party/FreeRTOS/Source/include -I../Middlewares/Third_Party/FreeRTOS/Source/CMSIS_RTOS_V2 -I../Middlewares/Third_Party/FreeRTOS/Source/portable/GCC/ARM_CM4F -O0 -ffunction-sections -fdata-sections -Wall -fstack-usage -fcyclomatic-complexity -MMD -MP -MF"Core/code/src/perception/HAL/ultraSonic/ultraSonic.d" -MT"Core/code/src/perception/HAL/ultraSonic/ultraSonic.o" --specs=nano.specs -mfpu=fpv4-sp-d16 -mfloat-abi=hard -mthumb -o "Core/code/src/perception/HAL/ultraSonic/ultraSonic.o"
arm-none-eabi-gcc "../Core/Src/main.c" -mcpu=cortex-m4 -std=gnu11 -g3 -DDEBUG -DUSE_HAL_DRIVER -DSTM32F401xC -c -I../Core/Inc -I../Drivers/STM32F4xx_HAL_Driver/Inc -I../Drivers/STM32F4xx_HAL_Driver/Inc/Legacy -I../Drivers/CMSIS/Device/ST/STM32F4xx/Include -I../Drivers/CMSIS/Include -I../Middlewares/Third_Party/FreeRTOS/Source/include -I../Middlewares/Third_Party/FreeRTOS/Source/CMSIS_RTOS_V2 -I../Middlewares/Third_Party/FreeRTOS/Source/portable/GCC/ARM_CM4F -O0 -ffunction-sections -fdata-sections -Wall -fstack-usage -fcyclomatic-complexity -MMD -MP -MF"Core/Src/main.d" -MT"Core/Src/main.o" --specs=nano.specs -mfpu=fpv4-sp-d16 -mfloat-abi=hard -mthumb -o "Core/Src/main.o"
[...]
arm-none-eabi-gcc -o "ADASWithSDV.elf" @"objects.list"   -mcpu=cortex-m4 -T"D:\Graduation-Project\Baremetal\ADASWithSDV\STM32F401RCTX_FLASH.ld" --specs=nosys.specs -Wl,-Map="ADASWithSDV.map" -Wl,--gc-sections -static --specs=nano.specs -mfpu=fpv4-sp-d16 -mfloat-abi=hard -mthumb -Wl,--start-group -lc -lm -Wl,--end-group
Finished building target: ADASWithSDV.elf
 
arm-none-eabi-size  ADASWithSDV.elf 
arm-none-eabi-objdump -h -S ADASWithSDV.elf  > "ADASWithSDV.list"
   text	   data	    bss	    dec	    hex	filename
  26856	    380	  21356	  48592	   bdd0	ADASWithSDV.elf
arm-none-eabi-objcopy  -O ihex ADASWithSDV.elf  "ADASWithSDV.hex"
Finished building: default.size.stdout
 
Finished building: ADASWithSDV.list
Finished building: ADASWithSDV.hex
 
 
20:04:54 **** Incremental Build of configuration Debug for project ADASWithSDV ****
make -j8 all 
arm-none-eabi-size  ADASWithSDV.elf 
   text	   data	    bss	    dec	    hex	filename
  26856	    380	  21356	  48592	   bdd0	ADASWithSDV.elf
Finished building: default.size.stdout
 
20:07:09 **** Incremental Build of configuration Debug for project ADASWithSDV ****
make -j8 all 
arm-none-eabi-size  ADASWithSDV.elf 
   text	   data	    bss	    dec	    hex	filename
  26856	    380	  21356	  48592	   bdd0	ADASWithSDV.elf
Finished building: default.size.stdout
 
20:07:24 **** Incremental Build of configuration Debug for project ADASWithSDV ****
make -j8 all 
arm-none-eabi-size  ADASWithSDV.elf 
   text	   data	    bss	    dec	    hex	filename
  26856	    380	  21356	  48592	   bdd0	ADASWithSDV.elf
Finished building: default.size.stdout
 
20:10:10 **** Incremental Build of configuration Debug for project ADASWithSDV ****
make -j8 all 
arm-none-eabi-size  ADASWithSDV.elf 
   text	   data	    bss	    dec	    hex	filename
  26856	    380	  21356	  48592	   bdd0	ADASWithSDV.elf
Finished building: default.size.stdout
 
20:11:18 **** Incremental Build of configuration Debug for project ADASWithSDV ****
make -j8 all 
arm-none-eabi-gcc "../Core/Src/main.c" -mcpu=cortex-m4 -std=gnu11 -g3 -DDEBUG -DUSE_HAL_DRIVER -DSTM32F401xC -c -I../Core/Inc -I../Drivers/STM32F4xx_HAL_Driver/Inc -I../Drivers/STM32F4xx_HAL_Driver/Inc/Legacy -I../Drivers/CMSIS/Device/ST/STM32F4xx/Include -I../Drivers/CMSIS/Include -I../Middlewares/Third_Party/FreeRTOS/Source/include -I../Middlewares/Third_Party/FreeRTOS/Source/CMSIS_RTOS_V2 -I../Middlewares/Third_Party/FreeRTOS/Source/portable/GCC/ARM_CM4F -O0 -ffunction-sections -fdata-sections -Wall -fstack-usage -fcyclomatic-complexity -MMD -MP -MF"Core/Src/main.d" -MT"Core/Src/main.o" --specs=nano.specs -mfpu=fpv4-sp-d16 -mfloat-abi=hard -mthumb -o "Core/Src/main.o"
arm-none-eabi-gcc -o "ADASWithSDV.elf" @"objects.list"   -mcpu=cortex-m4 -T"D:\Graduation-Project\Baremetal\ADASWithSDV\STM32F401RCTX_FLASH.ld" --specs=nosys.specs -Wl,-Map="ADASWithSDV.map" -Wl,--gc-sections -static --specs=nano.specs -mfpu=fpv4-sp-d16 -mfloat-abi=hard -mthumb -Wl,--start-group -lc -lm -Wl,--end-group
Finished building target: ADASWithSDV.elf
 
arm-none-eabi-size  ADASWithSDV.elf 
arm-none-eabi-objdump -h -S ADASWithSDV.elf  > "ADASWithSDV.list"
   text	   data	    bss	    dec	    hex	filename
  26856	    380	  21356	  48592	   bdd0	ADASWithSDV.elf
arm-none-eabi-objcopy  -O ihex ADASWithSDV.elf  "ADASWithSDV.hex"
Finished building: default.size.stdout
 
Finished building: ADASWithSDV.list
Finished building: ADASWithSDV.hex
 
 
20:11:23 **** Incremental Build of configuration Debug for project ADASWithSDV ****
make -j8 all 
arm-none-eabi-size  ADASWithSDV.elf 
   text	   data	    bss	    dec	    hex	filename
  26856	    380	  21356	  48592	   bdd0	ADASWithSDV.elf
Finished building: default.size.stdout
 
20:16:40 **** Incremental Build of configuration Debug for project ADASWithSDV ****
make -j8 all 
arm-none-eabi-gcc "../Core/code/src/perception/app/app.c" -mcpu=cortex-m4 -std=gnu11 -g3 -DDEBUG -DUSE_HAL_DRIVER -DSTM32F401xC -c -I../Core/Inc -I../Drivers/STM32F4xx_HAL_Driver/Inc -I../Drivers/STM32F4xx_HAL_Driver/Inc/Legacy -I../Drivers/CMSIS/Device/ST/STM32F4xx/Include -I../Drivers/CMSIS/Include -I../Middlewares/Third_Party/FreeRTOS/Source/include -I../Middlewares/Third_Party/FreeRTOS/Source/CMSIS_RTOS_V2 -I../Middlewares/Third_Party/FreeRTOS/Source/portable/GCC/ARM_CM4F -O0 -ffunction-sections -fdata-sections -Wall -fstack-usage -fcyclomatic-complexity -MMD -MP -MF"Core/code/src/perception/app/app.d" -MT"Core/code/src/perception/app/app.o" --specs=nano.specs -mfpu=fpv4-sp-d16 -mfloat-abi=hard -mthumb -o "Core/code/src/perception/app/app.o"
../Core/code/src/perception/app/app.c: In function 'perceptionVidBegin':
../Core/code/src/perception/app/app.c:126:22: warning: variable 'sendDataTaskHandle' set but not used [-Wunused-but-set-variable]
  126 |         osThreadId_t sendDataTaskHandle;
      |                      ^~~~~~~~~~~~~~~~~~
../Core/code/src/perception/app/app.c:120:22: warning: variable 'checkOVFTaskHandle' set but not used [-Wunused-but-set-variable]
  120 |         osThreadId_t checkOVFTaskHandle;
      |                      ^~~~~~~~~~~~~~~~~~
arm-none-eabi-gcc -o "ADASWithSDV.elf" @"objects.list"   -mcpu=cortex-m4 -T"D:\Graduation-Project\Baremetal\ADASWithSDV\STM32F401RCTX_FLASH.ld" --specs=nosys.specs -Wl,-Map="ADASWithSDV.map" -Wl,--gc-sections -static --specs=nano.specs -mfpu=fpv4-sp-d16 -mfloat-abi=hard -mthumb -Wl,--start-group -lc -lm -Wl,--end-group
Finished building target: ADASWithSDV.elf
 
arm-none-eabi-size  ADASWithSDV.elf 
arm-none-eabi-objdump -h -S ADASWithSDV.elf  > "ADASWithSDV.list"
   text	   data	    bss	    dec	    hex	filename
  26872	    380	  21356	  48608	   bde0	ADASWithSDV.elf
arm-none-eabi-objcopy  -O ihex ADASWithSDV.elf  "ADASWithSDV.hex"
Finished building: default.size.stdout
 
Finished building: ADASWithSDV.list
Finished building: ADASWithSDV.hex
 
 
20:16:44 **** Incremental Build of configuration Debug for project ADASWithSDV ****
make -j8 all 
arm-none-eabi-size  ADASWithSDV.elf 
   text	   data	    bss	    dec	    hex	filename
  26872	    380	  21356	  48608	   bde0	ADASWithSDV.elf
Finished building: default.size.stdout
 
20:18:33 **** Incremental Build of configuration Debug for project ADASWithSDV ****
make -j8 all 
arm-none-eabi-gcc "../Core/code/src/perception/app/app.c" -mcpu=cortex-m4 -std=gnu11 -g3 -DDEBUG -DUSE_HAL_DRIVER -DSTM32F401xC -c -I../Core/Inc -I../Drivers/STM32F4xx_HAL_Driver/Inc -I../Drivers/STM32F4xx_HAL_Driver/Inc/Legacy -I../Drivers/CMSIS/Device/ST/STM32F4xx/Include -I../Drivers/CMSIS/Include -I../Middlewares/Third_Party/FreeRTOS/Source/include -I../Middlewares/Third_Party/FreeRTOS/Source/CMSIS_RTOS_V2 -I../Middlewares/Third_Party/FreeRTOS/Source/portable/GCC/ARM_CM4F -O0 -ffunction-sections -fdata-sections -Wall -fstack-usage -fcyclomatic-complexity -MMD -MP -MF"Core/code/src/perception/app/app.d" -MT"Core/code/src/perception/app/app.o" --specs=nano.specs -mfpu=fpv4-sp-d16 -mfloat-abi=hard -mthumb -o "Core/code/src/perception/app/app.o"
arm-none-eabi-gcc "../Core/Src/main.c" -mcpu=cortex-m4 -std=gnu11 -g3 -DDEBUG -DUSE_HAL_DRIVER -DSTM32F401xC -c -I../Core/Inc -I../Drivers/STM32F4xx_HAL_Driver/Inc -I../Drivers/STM32F4xx_HAL_Driver/Inc/Legacy -I../Drivers/CMSIS/Device/ST/STM32F4xx/Include -I../Drivers/CMSIS/Include -I../Middlewares/Third_Party/FreeRTOS/Source/include -I../Middlewares/Third_Party/FreeRTOS/Source/CMSIS_RTOS_V2 -I../Middlewares/Third_Party/FreeRTOS/Source/portable/GCC/ARM_CM4F -O0 -ffunction-sections -fdata-sections -Wall -fstack-usage -fcyclomatic-complexity -MMD -MP -MF"Core/Src/main.d" -MT"Core/Src/main.o" --specs=nano.specs -mfpu=fpv4-sp-d16 -mfloat-abi=hard -mthumb -o "Core/Src/main.o"
../Core/code/src/perception/app/app.c: In function 'perceptionVidBegin':
../Core/code/src/perception/app/app.c:125:22: warning: variable 'sendDataTaskHandle' set but not used [-Wunused-but-set-variable]
  125 |         osThreadId_t sendDataTaskHandle;
      |                      ^~~~~~~~~~~~~~~~~~
../Core/code/src/perception/app/app.c:119:22: warning: variable 'checkOVFTaskHandle' set but not used [-Wunused-but-set-variable]
  119 |         osThreadId_t checkOVFTaskHandle;
      |                      ^~~~~~~~~~~~~~~~~~
arm-none-eabi-gcc -o "ADASWithSDV.elf" @"objects.list"   -mcpu=cortex-m4 -T"D:\Graduation-Project\Baremetal\ADASWithSDV\STM32F401RCTX_FLASH.ld" --specs=nosys.specs -Wl,-Map="ADASWithSDV.map" -Wl,--gc-sections -static --specs=nano.specs -mfpu=fpv4-sp-d16 -mfloat-abi=hard -mthumb -Wl,--start-group -lc -lm -Wl,--end-group
Finished building target: ADASWithSDV.elf
 
arm-none-eabi-size  ADASWithSDV.elf 
arm-none-eabi-objdump -h -S ADASWithSDV.elf  > "ADASWithSDV.list"
   text	   data	    bss	    dec	    hex	filename
  26856	    380	  21356	  48592	   bdd0	ADASWithSDV.elf
arm-none-eabi-objcopy  -O ihex ADASWithSDV.elf  "ADASWithSDV.hex"
Finished building: default.size.stdout
 
Finished building: ADASWithSDV.list
Finished building: ADASWithSDV.hex
 
 
20:18:39 **** Incremental Build of configuration Debug for project ADASWithSDV ****
make -j8 all 
arm-none-eabi-size  ADASWithSDV.elf 
   text	   data	    bss	    dec	    hex	filename
  26856	    380	  21356	  48592	   bdd0	ADASWithSDV.elf
Finished building: default.size.stdout
 
20:18:57 **** Incremental Build of configuration Debug for project ADASWithSDV ****
make -j8 all 
arm-none-eabi-size  ADASWithSDV.elf 
   text	   data	    bss	    dec	    hex	filename
  26856	    380	  21356	  48592	   bdd0	ADASWithSDV.elf
Finished building: default.size.stdout
 
20:21:43 **** Incremental Build of configuration Debug for project ADASWithSDV ****
make -j8 all 
arm-none-eabi-gcc "../Core/code/src/communication/receiver/reception/reception.c" -mcpu=cortex-m4 -std=gnu11 -g3 -DDEBUG -DUSE_HAL_DRIVER -DSTM32F401xC -c -I../Core/Inc -I../Drivers/STM32F4xx_HAL_Driver/Inc -I../Drivers/STM32F4xx_HAL_Driver/Inc/Legacy -I../Drivers/CMSIS/Device/ST/STM32F4xx/Include -I../Drivers/CMSIS/Include -I../Middlewares/Third_Party/FreeRTOS/Source/include -I../Middlewares/Third_Party/FreeRTOS/Source/CMSIS_RTOS_V2 -I../Middlewares/Third_Party/FreeRTOS/Source/portable/GCC/ARM_CM4F -O0 -ffunction-sections -fdata-sections -Wall -fstack-usage -fcyclomatic-complexity -MMD -MP -MF"Core/code/src/communication/receiver/reception/reception.d" -MT"Core/code/src/communication/receiver/reception/reception.o" --specs=nano.specs -mfpu=fpv4-sp-d16 -mfloat-abi=hard -mthumb -o "Core/code/src/communication/receiver/reception/reception.o"
arm-none-eabi-gcc "../Core/code/src/actuating/app/app.c" -mcpu=cortex-m4 -std=gnu11 -g3 -DDEBUG -DUSE_HAL_DRIVER -DSTM32F401xC -c -I../Core/Inc -I../Drivers/STM32F4xx_HAL_Driver/Inc -I../Drivers/STM32F4xx_HAL_Driver/Inc/Legacy -I../Drivers/CMSIS/Device/ST/STM32F4xx/Include -I../Drivers/CMSIS/Include -I../Middlewares/Third_Party/FreeRTOS/Source/include -I../Middlewares/Third_Party/FreeRTOS/Source/CMSIS_RTOS_V2 -I../Middlewares/Third_Party/FreeRTOS/Source/portable/GCC/ARM_CM4F -O0 -ffunction-sections -fdata-sections -Wall -fstack-usage -fcyclomatic-complexity -MMD -MP -MF"Core/code/src/actuating/app/app.d" -MT"Core/code/src/actuating/app/app.o" --specs=nano.specs -mfpu=fpv4-sp-d16 -mfloat-abi=hard -mthumb -o "Core/code/src/actuating/app/app.o"
../Core/code/src/actuating/app/app.c: In function 'actuatingVidBegin':
../Core/code/src/actuating/app/app.c:88:22: warning: variable 'executeCommandTaskHandle' set but not used [-Wunused-but-set-variable]
   88 |         osThreadId_t executeCommandTaskHandle;
      |                      ^~~~~~~~~~~~~~~~~~~~~~~~
arm-none-eabi-gcc -o "ADASWithSDV.elf" @"objects.list"   -mcpu=cortex-m4 -T"D:\Graduation-Project\Baremetal\ADASWithSDV\STM32F401RCTX_FLASH.ld" --specs=nosys.specs -Wl,-Map="ADASWithSDV.map" -Wl,--gc-sections -static --specs=nano.specs -mfpu=fpv4-sp-d16 -mfloat-abi=hard -mthumb -Wl,--start-group -lc -lm -Wl,--end-group
Finished building target: ADASWithSDV.elf
 
arm-none-eabi-size  ADASWithSDV.elf 
arm-none-eabi-objdump -h -S ADASWithSDV.elf  > "ADASWithSDV.list"
   text	   data	    bss	    dec	    hex	filename
  26872	    380	  21356	  48608	   bde0	ADASWithSDV.elf
arm-none-eabi-objcopy  -O ihex ADASWithSDV.elf  "ADASWithSDV.hex"
Finished building: default.size.stdout
 
Finished building: ADASWithSDV.list
Finished building: ADASWithSDV.hex
 
 
20:21:50 **** Incremental Build of configuration Debug for project ADASWithSDV ****
make -j8 all 
arm-none-eabi-size  ADASWithSDV.elf 
   text	   data	    bss	    dec	    hex	filename
  26872	    380	  21356	  48608	   bde0	ADASWithSDV.elf
Finished building: default.size.stdout
 
20:25:21 **** Incremental Build of configuration Debug for project ADASWithSDV ****
make -j8 all 
arm-none-eabi-gcc "../Core/code/src/perception/app/app.c" -mcpu=cortex-m4 -std=gnu11 -g3 -DDEBUG -DUSE_HAL_DRIVER -DSTM32F401xC -c -I../Core/Inc -I../Drivers/STM32F4xx_HAL_Driver/Inc -I../Drivers/STM32F4xx_HAL_Driver/Inc/Legacy -I../Drivers/CMSIS/Device/ST/STM32F4xx/Include -I../Drivers/CMSIS/Include -I../Middlewares/Third_Party/FreeRTOS/Source/include -I../Middlewares/Third_Party/FreeRTOS/Source/CMSIS_RTOS_V2 -I../Middlewares/Third_Party/FreeRTOS/Source/portable/GCC/ARM_CM4F -O0 -ffunction-sections -fdata-sections -Wall -fstack-usage -fcyclomatic-complexity -MMD -MP -MF"Core/code/src/perception/app/app.d" -MT"Core/code/src/perception/app/app.o" --specs=nano.specs -mfpu=fpv4-sp-d16 -mfloat-abi=hard -mthumb -o "Core/code/src/perception/app/app.o"
../Core/code/src/perception/app/app.c: In function 'perceptionVidBegin':
../Core/code/src/perception/app/app.c:126:22: warning: variable 'sendDataTaskHandle' set but not used [-Wunused-but-set-variable]
  126 |         osThreadId_t sendDataTaskHandle;
      |                      ^~~~~~~~~~~~~~~~~~
../Core/code/src/perception/app/app.c:120:22: warning: variable 'checkOVFTaskHandle' set but not used [-Wunused-but-set-variable]
  120 |         osThreadId_t checkOVFTaskHandle;
      |                      ^~~~~~~~~~~~~~~~~~
arm-none-eabi-gcc -o "ADASWithSDV.elf" @"objects.list"   -mcpu=cortex-m4 -T"D:\Graduation-Project\Baremetal\ADASWithSDV\STM32F401RCTX_FLASH.ld" --specs=nosys.specs -Wl,-Map="ADASWithSDV.map" -Wl,--gc-sections -static --specs=nano.specs -mfpu=fpv4-sp-d16 -mfloat-abi=hard -mthumb -Wl,--start-group -lc -lm -Wl,--end-group
Finished building target: ADASWithSDV.elf
 
arm-none-eabi-size  ADASWithSDV.elf 
arm-none-eabi-objdump -h -S ADASWithSDV.elf  > "ADASWithSDV.list"
   text	   data	    bss	    dec	    hex	filename
  26888	    380	  21356	  48624	   bdf0	ADASWithSDV.elf
arm-none-eabi-objcopy  -O ihex ADASWithSDV.elf  "ADASWithSDV.hex"
Finished building: default.size.stdout
 
Finished building: ADASWithSDV.list
Finished building: ADASWithSDV.hex
 
 
20:25:28 **** Incremental Build of configuration Debug for project ADASWithSDV ****
make -j8 all 
arm-none-eabi-size  ADASWithSDV.elf 
   text	   data	    bss	    dec	    hex	filename
  26888	    380	  21356	  48624	   bdf0	ADASWithSDV.elf
Finished building: default.size.stdout
 
20:29:36 **** Incremental Build of configuration Debug for project ADASWithSDV ****
make -j8 all 
arm-none-eabi-gcc "../Core/code/src/perception/app/app.c" -mcpu=cortex-m4 -std=gnu11 -g3 -DDEBUG -DUSE_HAL_DRIVER -DSTM32F401xC -c -I../Core/Inc -I../Drivers/STM32F4xx_HAL_Driver/Inc -I../Drivers/STM32F4xx_HAL_Driver/Inc/Legacy -I../Drivers/CMSIS/Device/ST/STM32F4xx/Include -I../Drivers/CMSIS/Include -I../Middlewares/Third_Party/FreeRTOS/Source/include -I../Middlewares/Third_Party/FreeRTOS/Source/CMSIS_RTOS_V2 -I../Middlewares/Third_Party/FreeRTOS/Source/portable/GCC/ARM_CM4F -O0 -ffunction-sections -fdata-sections -Wall -fstack-usage -fcyclomatic-complexity -MMD -MP -MF"Core/code/src/perception/app/app.d" -MT"Core/code/src/perception/app/app.o" --specs=nano.specs -mfpu=fpv4-sp-d16 -mfloat-abi=hard -mthumb -o "Core/code/src/perception/app/app.o"
arm-none-eabi-gcc "../Core/Src/main.c" -mcpu=cortex-m4 -std=gnu11 -g3 -DDEBUG -DUSE_HAL_DRIVER -DSTM32F401xC -c -I../Core/Inc -I../Drivers/STM32F4xx_HAL_Driver/Inc -I../Drivers/STM32F4xx_HAL_Driver/Inc/Legacy -I../Drivers/CMSIS/Device/ST/STM32F4xx/Include -I../Drivers/CMSIS/Include -I../Middlewares/Third_Party/FreeRTOS/Source/include -I../Middlewares/Third_Party/FreeRTOS/Source/CMSIS_RTOS_V2 -I../Middlewares/Third_Party/FreeRTOS/Source/portable/GCC/ARM_CM4F -O0 -ffunction-sections -fdata-sections -Wall -fstack-usage -fcyclomatic-complexity -MMD -MP -MF"Core/Src/main.d" -MT"Core/Src/main.o" --specs=nano.specs -mfpu=fpv4-sp-d16 -mfloat-abi=hard -mthumb -o "Core/Src/main.o"
../Core/code/src/perception/app/app.c: In function 'perceptionVidBegin':
../Core/code/src/perception/app/app.c:125:22: warning: variable 'sendDataTaskHandle' set but not used [-Wunused-but-set-variable]
  125 |         osThreadId_t sendDataTaskHandle;
      |                      ^~~~~~~~~~~~~~~~~~
../Core/code/src/perception/app/app.c:119:22: warning: variable 'checkOVFTaskHandle' set but not used [-Wunused-but-set-variable]
  119 |         osThreadId_t checkOVFTaskHandle;
      |                      ^~~~~~~~~~~~~~~~~~
arm-none-eabi-gcc -o "ADASWithSDV.elf" @"objects.list"   -mcpu=cortex-m4 -T"D:\Graduation-Project\Baremetal\ADASWithSDV\STM32F401RCTX_FLASH.ld" --specs=nosys.specs -Wl,-Map="ADASWithSDV.map" -Wl,--gc-sections -static --specs=nano.specs -mfpu=fpv4-sp-d16 -mfloat-abi=hard -mthumb -Wl,--start-group -lc -lm -Wl,--end-group
Finished building target: ADASWithSDV.elf
 
arm-none-eabi-size  ADASWithSDV.elf 
arm-none-eabi-objdump -h -S ADASWithSDV.elf  > "ADASWithSDV.list"
   text	   data	    bss	    dec	    hex	filename
  26904	    380	  21356	  48640	   be00	ADASWithSDV.elf
arm-none-eabi-objcopy  -O ihex ADASWithSDV.elf  "ADASWithSDV.hex"
Finished building: default.size.stdout
 
Finished building: ADASWithSDV.list
Finished building: ADASWithSDV.hex
 
 
20:29:44 **** Incremental Build of configuration Debug for project ADASWithSDV ****
make -j8 all 
arm-none-eabi-size  ADASWithSDV.elf 
   text	   data	    bss	    dec	    hex	filename
  26904	    380	  21356	  48640	   be00	ADASWithSDV.elf
Finished building: default.size.stdout
 
20:31:39 **** Incremental Build of configuration Debug for project ADASWithSDV ****
make -j8 all 
arm-none-eabi-gcc "../Core/Src/main.c" -mcpu=cortex-m4 -std=gnu11 -g3 -DDEBUG -DUSE_HAL_DRIVER -DSTM32F401xC -c -I../Core/Inc -I../Drivers/STM32F4xx_HAL_Driver/Inc -I../Drivers/STM32F4xx_HAL_Driver/Inc/Legacy -I../Drivers/CMSIS/Device/ST/STM32F4xx/Include -I../Drivers/CMSIS/Include -I../Middlewares/Third_Party/FreeRTOS/Source/include -I../Middlewares/Third_Party/FreeRTOS/Source/CMSIS_RTOS_V2 -I../Middlewares/Third_Party/FreeRTOS/Source/portable/GCC/ARM_CM4F -O0 -ffunction-sections -fdata-sections -Wall -fstack-usage -fcyclomatic-complexity -MMD -MP -MF"Core/Src/main.d" -MT"Core/Src/main.o" --specs=nano.specs -mfpu=fpv4-sp-d16 -mfloat-abi=hard -mthumb -o "Core/Src/main.o"
arm-none-eabi-gcc -o "ADASWithSDV.elf" @"objects.list"   -mcpu=cortex-m4 -T"D:\Graduation-Project\Baremetal\ADASWithSDV\STM32F401RCTX_FLASH.ld" --specs=nosys.specs -Wl,-Map="ADASWithSDV.map" -Wl,--gc-sections -static --specs=nano.specs -mfpu=fpv4-sp-d16 -mfloat-abi=hard -mthumb -Wl,--start-group -lc -lm -Wl,--end-group
Finished building target: ADASWithSDV.elf
 
arm-none-eabi-size  ADASWithSDV.elf 
arm-none-eabi-objdump -h -S ADASWithSDV.elf  > "ADASWithSDV.list"
   text	   data	    bss	    dec	    hex	filename
  26644	    344	  21352	  48340	   bcd4	ADASWithSDV.elf
arm-none-eabi-objcopy  -O ihex ADASWithSDV.elf  "ADASWithSDV.hex"
Finished building: default.size.stdout
 
Finished building: ADASWithSDV.list
Finished building: ADASWithSDV.hex
 
 
20:32:16 **** Incremental Build of configuration Debug for project ADASWithSDV ****
make -j8 all 
arm-none-eabi-size  ADASWithSDV.elf 
   text	   data	    bss	    dec	    hex	filename
  26644	    344	  21352	  48340	   bcd4	ADASWithSDV.elf
Finished building: default.size.stdout
 
