13:37:02 **** Incremental Build of configuration Debug for project SDVWithADAS ****
make -j8 all 
arm-none-eabi-gcc "../Core/Src/main.c" -mcpu=cortex-m4 -std=gnu11 -g3 -DDEBUG -DUSE_HAL_DRIVER -DSTM32F401xC -c -I../Core/Inc -I../Drivers/STM32F4xx_HAL_Driver/Inc -I../Drivers/STM32F4xx_HAL_Driver/Inc/Legacy -I../Drivers/CMSIS/Device/ST/STM32F4xx/Include -I../Drivers/CMSIS/Include -I../Middlewares/Third_Party/FreeRTOS/Source/include -I../Middlewares/Third_Party/FreeRTOS/Source/CMSIS_RTOS_V2 -I../Middlewares/Third_Party/FreeRTOS/Source/portable/GCC/ARM_CM4F -O0 -ffunction-sections -fdata-sections -Wall -fstack-usage -fcyclomatic-complexity -MMD -MP -MF"Core/Src/main.d" -MT"Core/Src/main.o" --specs=nano.specs -mfpu=fpv4-sp-d16 -mfloat-abi=hard -mthumb -o "Core/Src/main.o"
arm-none-eabi-gcc -o "SDVWithADAS.elf" @"objects.list"   -mcpu=cortex-m4 -T"D:\Graduation-Project\Baremetal\SDVWithADAS\STM32F401RCTX_FLASH.ld" --specs=nosys.specs -Wl,-Map="SDVWithADAS.map" -Wl,--gc-sections -static --specs=nano.specs -mfpu=fpv4-sp-d16 -mfloat-abi=hard -mthumb -Wl,--start-group -lc -lm -Wl,--end-group
Finished building target: SDVWithADAS.elf
 
arm-none-eabi-size  SDVWithADAS.elf 
arm-none-eabi-objdump -h -S SDVWithADAS.elf  > "SDVWithADAS.list"
   text	   data	    bss	    dec	    hex	filename
  12268	     96	  18624	  30988	   790c	SDVWithADAS.elf
arm-none-eabi-objcopy  -O ihex SDVWithADAS.elf  "SDVWithADAS.hex"
Finished building: default.size.stdout
 
Finished building: SDVWithADAS.list
Finished building: SDVWithADAS.hex
 
 

13:37:05 Build Finished. 0 errors, 0 warnings. (took 2s.432ms)

