Archive member included to satisfy reference by file (symbol)

D:/Program Files/en.st-stm32cubeide_1.16.1_22882_20240916_0822_x86_64.exe/STM32CubeIDE_1.16.1/STM32CubeIDE/plugins/com.st.stm32cube.ide.mcu.externaltools.gnu-tools-for-stm32.12.3.rel1.win32_1.0.200.202406191623/tools/bin/../lib/gcc/arm-none-eabi/12.3.1/../../../../arm-none-eabi/lib/thumb/v7e-m+fp/hard\libc_nano.a(libc_a-exit.o)
                              D:/Program Files/en.st-stm32cubeide_1.16.1_22882_20240916_0822_x86_64.exe/STM32CubeIDE_1.16.1/STM32CubeIDE/plugins/com.st.stm32cube.ide.mcu.externaltools.gnu-tools-for-stm32.12.3.rel1.win32_1.0.200.202406191623/tools/bin/../lib/gcc/arm-none-eabi/12.3.1/../../../../arm-none-eabi/lib/thumb/v7e-m+fp/hard/crt0.o (exit)
D:/Program Files/en.st-stm32cubeide_1.16.1_22882_20240916_0822_x86_64.exe/STM32CubeIDE_1.16.1/STM32CubeIDE/plugins/com.st.stm32cube.ide.mcu.externaltools.gnu-tools-for-stm32.12.3.rel1.win32_1.0.200.202406191623/tools/bin/../lib/gcc/arm-none-eabi/12.3.1/../../../../arm-none-eabi/lib/thumb/v7e-m+fp/hard\libc_nano.a(libc_a-findfp.o)
                              ./Middlewares/Third_Party/FreeRTOS/Source/tasks.o (__sf)
D:/Program Files/en.st-stm32cubeide_1.16.1_22882_20240916_0822_x86_64.exe/STM32CubeIDE_1.16.1/STM32CubeIDE/plugins/com.st.stm32cube.ide.mcu.externaltools.gnu-tools-for-stm32.12.3.rel1.win32_1.0.200.202406191623/tools/bin/../lib/gcc/arm-none-eabi/12.3.1/../../../../arm-none-eabi/lib/thumb/v7e-m+fp/hard\libc_nano.a(libc_a-fwalk.o)
                              D:/Program Files/en.st-stm32cubeide_1.16.1_22882_20240916_0822_x86_64.exe/STM32CubeIDE_1.16.1/STM32CubeIDE/plugins/com.st.stm32cube.ide.mcu.externaltools.gnu-tools-for-stm32.12.3.rel1.win32_1.0.200.202406191623/tools/bin/../lib/gcc/arm-none-eabi/12.3.1/../../../../arm-none-eabi/lib/thumb/v7e-m+fp/hard\libc_nano.a(libc_a-findfp.o) (_fwalk_sglue)
D:/Program Files/en.st-stm32cubeide_1.16.1_22882_20240916_0822_x86_64.exe/STM32CubeIDE_1.16.1/STM32CubeIDE/plugins/com.st.stm32cube.ide.mcu.externaltools.gnu-tools-for-stm32.12.3.rel1.win32_1.0.200.202406191623/tools/bin/../lib/gcc/arm-none-eabi/12.3.1/../../../../arm-none-eabi/lib/thumb/v7e-m+fp/hard\libc_nano.a(libc_a-stdio.o)
                              D:/Program Files/en.st-stm32cubeide_1.16.1_22882_20240916_0822_x86_64.exe/STM32CubeIDE_1.16.1/STM32CubeIDE/plugins/com.st.stm32cube.ide.mcu.externaltools.gnu-tools-for-stm32.12.3.rel1.win32_1.0.200.202406191623/tools/bin/../lib/gcc/arm-none-eabi/12.3.1/../../../../arm-none-eabi/lib/thumb/v7e-m+fp/hard\libc_nano.a(libc_a-findfp.o) (__sread)
D:/Program Files/en.st-stm32cubeide_1.16.1_22882_20240916_0822_x86_64.exe/STM32CubeIDE_1.16.1/STM32CubeIDE/plugins/com.st.stm32cube.ide.mcu.externaltools.gnu-tools-for-stm32.12.3.rel1.win32_1.0.200.202406191623/tools/bin/../lib/gcc/arm-none-eabi/12.3.1/../../../../arm-none-eabi/lib/thumb/v7e-m+fp/hard\libc_nano.a(libc_a-memset.o)
                              D:/Program Files/en.st-stm32cubeide_1.16.1_22882_20240916_0822_x86_64.exe/STM32CubeIDE_1.16.1/STM32CubeIDE/plugins/com.st.stm32cube.ide.mcu.externaltools.gnu-tools-for-stm32.12.3.rel1.win32_1.0.200.202406191623/tools/bin/../lib/gcc/arm-none-eabi/12.3.1/../../../../arm-none-eabi/lib/thumb/v7e-m+fp/hard/crt0.o (memset)
D:/Program Files/en.st-stm32cubeide_1.16.1_22882_20240916_0822_x86_64.exe/STM32CubeIDE_1.16.1/STM32CubeIDE/plugins/com.st.stm32cube.ide.mcu.externaltools.gnu-tools-for-stm32.12.3.rel1.win32_1.0.200.202406191623/tools/bin/../lib/gcc/arm-none-eabi/12.3.1/../../../../arm-none-eabi/lib/thumb/v7e-m+fp/hard\libc_nano.a(libc_a-closer.o)
                              D:/Program Files/en.st-stm32cubeide_1.16.1_22882_20240916_0822_x86_64.exe/STM32CubeIDE_1.16.1/STM32CubeIDE/plugins/com.st.stm32cube.ide.mcu.externaltools.gnu-tools-for-stm32.12.3.rel1.win32_1.0.200.202406191623/tools/bin/../lib/gcc/arm-none-eabi/12.3.1/../../../../arm-none-eabi/lib/thumb/v7e-m+fp/hard\libc_nano.a(libc_a-stdio.o) (_close_r)
D:/Program Files/en.st-stm32cubeide_1.16.1_22882_20240916_0822_x86_64.exe/STM32CubeIDE_1.16.1/STM32CubeIDE/plugins/com.st.stm32cube.ide.mcu.externaltools.gnu-tools-for-stm32.12.3.rel1.win32_1.0.200.202406191623/tools/bin/../lib/gcc/arm-none-eabi/12.3.1/../../../../arm-none-eabi/lib/thumb/v7e-m+fp/hard\libc_nano.a(libc_a-reent.o)
                              ./Middlewares/Third_Party/FreeRTOS/Source/tasks.o (_reclaim_reent)
D:/Program Files/en.st-stm32cubeide_1.16.1_22882_20240916_0822_x86_64.exe/STM32CubeIDE_1.16.1/STM32CubeIDE/plugins/com.st.stm32cube.ide.mcu.externaltools.gnu-tools-for-stm32.12.3.rel1.win32_1.0.200.202406191623/tools/bin/../lib/gcc/arm-none-eabi/12.3.1/../../../../arm-none-eabi/lib/thumb/v7e-m+fp/hard\libc_nano.a(libc_a-impure.o)
                              ./Middlewares/Third_Party/FreeRTOS/Source/tasks.o (_impure_ptr)
[...]
Memory Configuration

Name             Origin             Length             Attributes
RAM              0x20000000         0x00010000         xrw
FLASH            0x08000000         0x00040000         xr
*default*        0x00000000         0xffffffff

Linker script and memory map

LOAD D:/Program Files/en.st-stm32cubeide_1.16.1_22882_20240916_0822_x86_64.exe/STM32CubeIDE_1.16.1/STM32CubeIDE/plugins/com.st.stm32cube.ide.mcu.externaltools.gnu-tools-for-stm32.12.3.rel1.win32_1.0.200.202406191623/tools/bin/../lib/gcc/arm-none-eabi/12.3.1/thumb/v7e-m+fp/hard/crti.o
LOAD D:/Program Files/en.st-stm32cubeide_1.16.1_22882_20240916_0822_x86_64.exe/STM32CubeIDE_1.16.1/STM32CubeIDE/plugins/com.st.stm32cube.ide.mcu.externaltools.gnu-tools-for-stm32.12.3.rel1.win32_1.0.200.202406191623/tools/bin/../lib/gcc/arm-none-eabi/12.3.1/thumb/v7e-m+fp/hard/crtbegin.o
LOAD D:/Program Files/en.st-stm32cubeide_1.16.1_22882_20240916_0822_x86_64.exe/STM32CubeIDE_1.16.1/STM32CubeIDE/plugins/com.st.stm32cube.ide.mcu.externaltools.gnu-tools-for-stm32.12.3.rel1.win32_1.0.200.202406191623/tools/bin/../lib/gcc/arm-none-eabi/12.3.1/../../../../arm-none-eabi/lib/thumb/v7e-m+fp/hard/crt0.o
LOAD ./Core/Src/freertos.o
LOAD ./Core/Src/main.o
LOAD ./Core/Src/stm32f4xx_hal_msp.o
LOAD ./Core/Src/stm32f4xx_hal_timebase_tim.o
LOAD ./Core/Src/stm32f4xx_it.o
LOAD ./Core/Src/syscalls.o
LOAD ./Core/Src/sysmem.o
LOAD ./Core/Src/system_stm32f4xx.o
LOAD ./Core/Startup/startup_stm32f401rctx.o
LOAD ./Core/code/src/actuating/HAL/motor/motor.o
LOAD ./Core/code/src/actuating/app/app.o
LOAD ./Core/code/src/communication/communication.o
LOAD ./Core/code/src/communication/receiver/reception/reception.o
LOAD ./Core/code/src/communication/sender/formatter/serialization.o
LOAD ./Core/code/src/communication/sender/transmission/transmission.o
LOAD ./Core/code/src/perception/HAL/ultraSonic/ultraSonic.o
LOAD ./Core/code/src/perception/app/app.o
LOAD ./Core/code/src/utils/utils.o
LOAD ./Drivers/STM32F4xx_HAL_Driver/Src/stm32f4xx_hal.o
LOAD ./Drivers/STM32F4xx_HAL_Driver/Src/stm32f4xx_hal_cortex.o
LOAD ./Drivers/STM32F4xx_HAL_Driver/Src/stm32f4xx_hal_dma.o
LOAD ./Drivers/STM32F4xx_HAL_Driver/Src/stm32f4xx_hal_dma_ex.o
LOAD ./Drivers/STM32F4xx_HAL_Driver/Src/stm32f4xx_hal_exti.o
LOAD ./Drivers/STM32F4xx_HAL_Driver/Src/stm32f4xx_hal_flash.o
LOAD ./Drivers/STM32F4xx_HAL_Driver/Src/stm32f4xx_hal_flash_ex.o
LOAD ./Drivers/STM32F4xx_HAL_Driver/Src/stm32f4xx_hal_flash_ramfunc.o
LOAD ./Drivers/STM32F4xx_HAL_Driver/Src/stm32f4xx_hal_gpio.o
LOAD ./Drivers/STM32F4xx_HAL_Driver/Src/stm32f4xx_hal_pwr.o
LOAD ./Drivers/STM32F4xx_HAL_Driver/Src/stm32f4xx_hal_pwr_ex.o
LOAD ./Drivers/STM32F4xx_HAL_Driver/Src/stm32f4xx_hal_rcc.o
LOAD ./Drivers/STM32F4xx_HAL_Driver/Src/stm32f4xx_hal_rcc_ex.o
LOAD ./Drivers/STM32F4xx_HAL_Driver/Src/stm32f4xx_hal_spi.o
LOAD ./Drivers/STM32F4xx_HAL_Driver/Src/stm32f4xx_hal_tim.o
LOAD ./Drivers/STM32F4xx_HAL_Driver/Src/stm32f4xx_hal_tim_ex.o
LOAD ./Middlewares/Third_Party/FreeRTOS/Source/CMSIS_RTOS_V2/cmsis_os2.o
LOAD ./Middlewares/Third_Party/FreeRTOS/Source/croutine.o
LOAD ./Middlewares/Third_Party/FreeRTOS/Source/event_groups.o
LOAD ./Middlewares/Third_Party/FreeRTOS/Source/list.o
LOAD ./Middlewares/Third_Party/FreeRTOS/Source/queue.o
LOAD ./Middlewares/Third_Party/FreeRTOS/Source/stream_buffer.o
LOAD ./Middlewares/Third_Party/FreeRTOS/Source/tasks.o
LOAD ./Middlewares/Third_Party/FreeRTOS/Source/timers.o
LOAD ./Middlewares/Third_Party/FreeRTOS/Source/portable/GCC/ARM_CM4F/port.o
LOAD ./Middlewares/Third_Party/FreeRTOS/Source/portable/MemMang/heap_4.o
START GROUP
LOAD D:/Program Files/en.st-stm32cubeide_1.16.1_22882_20240916_0822_x86_64.exe/STM32CubeIDE_1.16.1/STM32CubeIDE/plugins/com.st.stm32cube.ide.mcu.externaltools.gnu-tools-for-stm32.12.3.rel1.win32_1.0.200.202406191623/tools/bin/../lib/gcc/arm-none-eabi/12.3.1/../../../../arm-none-eabi/lib/thumb/v7e-m+fp/hard\libc_nano.a
LOAD D:/Program Files/en.st-stm32cubeide_1.16.1_22882_20240916_0822_x86_64.exe/STM32CubeIDE_1.16.1/STM32CubeIDE/plugins/com.st.stm32cube.ide.mcu.externaltools.gnu-tools-for-stm32.12.3.rel1.win32_1.0.200.202406191623/tools/bin/../lib/gcc/arm-none-eabi/12.3.1/../../../../arm-none-eabi/lib/thumb/v7e-m+fp/hard\libm.a
END GROUP
START GROUP
LOAD D:/Program Files/en.st-stm32cubeide_1.16.1_22882_20240916_0822_x86_64.exe/STM32CubeIDE_1.16.1/STM32CubeIDE/plugins/com.st.stm32cube.ide.mcu.externaltools.gnu-tools-for-stm32.12.3.rel1.win32_1.0.200.202406191623/tools/bin/../lib/gcc/arm-none-eabi/12.3.1/thumb/v7e-m+fp/hard\libgcc.a
LOAD D:/Program Files/en.st-stm32cubeide_1.16.1_22882_20240916_0822_x86_64.exe/STM32CubeIDE_1.16.1/STM32CubeIDE/plugins/com.st.stm32cube.ide.mcu.externaltools.gnu-tools-for-stm32.12.3.rel1.win32_1.0.200.202406191623/tools/bin/../lib/gcc/arm-none-eabi/12.3.1/../../../../arm-none-eabi/lib/thumb/v7e-m+fp/hard\libc_nano.a
END GROUP
START GROUP
LOAD D:/Program Files/en.st-stm32cubeide_1.16.1_22882_20240916_0822_x86_64.exe/STM32CubeIDE_1.16.1/STM32CubeIDE/plugins/com.st.stm32cube.ide.mcu.externaltools.gnu-tools-for-stm32.12.3.rel1.win32_1.0.200.202406191623/tools/bin/../lib/gcc/arm-none-eabi/12.3.1/thumb/v7e-m+fp/hard\libgcc.a
LOAD D:/Program Files/en.st-stm32cubeide_1.16.1_22882_20240916_0822_x86_64.exe/STM32CubeIDE_1.16.1/STM32CubeIDE/plugins/com.st.stm32cube.ide.mcu.externaltools.gnu-tools-for-stm32.12.3.rel1.win32_1.0.200.202406191623/tools/bin/../lib/gcc/arm-none-eabi/12.3.1/../../../../arm-none-eabi/lib/thumb/v7e-m+fp/hard\libc_nano.a
LOAD D:/Program Files/en.st-stm32cubeide_1.16.1_22882_20240916_0822_x86_64.exe/STM32CubeIDE_1.16.1/STM32CubeIDE/plugins/com.st.stm32cube.ide.mcu.externaltools.gnu-tools-for-stm32.12.3.rel1.win32_1.0.200.202406191623/tools/bin/../lib/gcc/arm-none-eabi/12.3.1/../../../../arm-none-eabi/lib/thumb/v7e-m+fp/hard\libnosys.a
END GROUP
START GROUP
LOAD D:/Program Files/en.st-stm32cubeide_1.16.1_22882_20240916_0822_x86_64.exe/STM32CubeIDE_1.16.1/STM32CubeIDE/plugins/com.st.stm32cube.ide.mcu.externaltools.gnu-tools-for-stm32.12.3.rel1.win32_1.0.200.202406191623/tools/bin/../lib/gcc/arm-none-eabi/12.3.1/thumb/v7e-m+fp/hard\libgcc.a
LOAD D:/Program Files/en.st-stm32cubeide_1.16.1_22882_20240916_0822_x86_64.exe/STM32CubeIDE_1.16.1/STM32CubeIDE/plugins/com.st.stm32cube.ide.mcu.externaltools.gnu-tools-for-stm32.12.3.rel1.win32_1.0.200.202406191623/tools/bin/../lib/gcc/arm-none-eabi/12.3.1/../../../../arm-none-eabi/lib/thumb/v7e-m+fp/hard\libc_nano.a
LOAD D:/Program Files/en.st-stm32cubeide_1.16.1_22882_20240916_0822_x86_64.exe/STM32CubeIDE_1.16.1/STM32CubeIDE/plugins/com.st.stm32cube.ide.mcu.externaltools.gnu-tools-for-stm32.12.3.rel1.win32_1.0.200.202406191623/tools/bin/../lib/gcc/arm-none-eabi/12.3.1/../../../../arm-none-eabi/lib/thumb/v7e-m+fp/hard\libnosys.a
END GROUP
LOAD D:/Program Files/en.st-stm32cubeide_1.16.1_22882_20240916_0822_x86_64.exe/STM32CubeIDE_1.16.1/STM32CubeIDE/plugins/com.st.stm32cube.ide.mcu.externaltools.gnu-tools-for-stm32.12.3.rel1.win32_1.0.200.202406191623/tools/bin/../lib/gcc/arm-none-eabi/12.3.1/thumb/v7e-m+fp/hard/crtend.o
LOAD D:/Program Files/en.st-stm32cubeide_1.16.1_22882_20240916_0822_x86_64.exe/STM32CubeIDE_1.16.1/STM32CubeIDE/plugins/com.st.stm32cube.ide.mcu.externaltools.gnu-tools-for-stm32.12.3.rel1.win32_1.0.200.202406191623/tools/bin/../lib/gcc/arm-none-eabi/12.3.1/thumb/v7e-m+fp/hard/crtn.o
                0x20010000                        _estack = (ORIGIN (RAM) + LENGTH (RAM))
                0x00000200                        _Min_Heap_Size = 0x200
                0x00000400                        _Min_Stack_Size = 0x400

.isr_vector     0x08000000      0x194
                0x08000000                        . = ALIGN (0x4)
 *(.isr_vector)
 .isr_vector    0x08000000      0x194 ./Core/Startup/startup_stm32f401rctx.o
                0x08000000                g_pfnVectors
                0x08000194                        . = ALIGN (0x4)

.text           0x080001a0     0x65ec
                0x080001a0                        . = ALIGN (0x4)
 *(.text)
 .text          0x080001a0       0x40 D:/Program Files/en.st-stm32cubeide_1.16.1_22882_20240916_0822_x86_64.exe/STM32CubeIDE_1.16.1/STM32CubeIDE/plugins/com.st.stm32cube.ide.mcu.externaltools.gnu-tools-for-stm32.12.3.rel1.win32_1.0.200.202406191623/tools/bin/../lib/gcc/arm-none-eabi/12.3.1/thumb/v7e-m+fp/hard/crtbegin.o
 .text          0x080001e0       0x30 D:/Program Files/en.st-stm32cubeide_1.16.1_22882_20240916_0822_x86_64.exe/STM32CubeIDE_1.16.1/STM32CubeIDE/plugins/com.st.stm32cube.ide.mcu.externaltools.gnu-tools-for-stm32.12.3.rel1.win32_1.0.200.202406191623/tools/bin/../lib/gcc/arm-none-eabi/12.3.1/thumb/v7e-m+fp/hard\libgcc.a(_aeabi_uldivmod.o)
                0x080001e0                __aeabi_uldivmod
 .text          0x08000210      0x2bc D:/Program Files/en.st-stm32cubeide_1.16.1_22882_20240916_0822_x86_64.exe/STM32CubeIDE_1.16.1/STM32CubeIDE/plugins/com.st.stm32cube.ide.mcu.externaltools.gnu-tools-for-stm32.12.3.rel1.win32_1.0.200.202406191623/tools/bin/../lib/gcc/arm-none-eabi/12.3.1/thumb/v7e-m+fp/hard\libgcc.a(_udivmoddi4.o)
                0x08000210                __udivmoddi4
 .text          0x080004cc        0x4 D:/Program Files/en.st-stm32cubeide_1.16.1_22882_20240916_0822_x86_64.exe/STM32CubeIDE_1.16.1/STM32CubeIDE/plugins/com.st.stm32cube.ide.mcu.externaltools.gnu-tools-for-stm32.12.3.rel1.win32_1.0.200.202406191623/tools/bin/../lib/gcc/arm-none-eabi/12.3.1/thumb/v7e-m+fp/hard\libgcc.a(_dvmd_tls.o)
                0x080004cc                __aeabi_idiv0
                0x080004cc                __aeabi_ldiv0
 *(.text*)
 .text.main     0x080004d0       0x30 ./Core/Src/main.o
                0x080004d0                main
 .text.SystemClock_Config
                0x08000500       0xc0 ./Core/Src/main.o
                0x08000500                SystemClock_Config
 .text.SystemRCCInit
                0x080005c0       0xf8 ./Core/Src/main.o
                0x080005c0                SystemRCCInit
 .text.HAL_TIM_PeriodElapsedCallback
                0x080006b8       0x24 ./Core/Src/main.o
                0x080006b8                HAL_TIM_PeriodElapsedCallback
 .text.Error_Handler
                0x080006dc        0xc ./Core/Src/main.o
                0x080006dc                Error_Handler
 .text.HAL_MspInit
                0x080006e8       0x58 ./Core/Src/stm32f4xx_hal_msp.o
                0x080006e8                HAL_MspInit
 .text.HAL_SPI_MspInit
                0x08000740       0x90 ./Core/Src/stm32f4xx_hal_msp.o
                0x08000740                HAL_SPI_MspInit
 .text.HAL_InitTick
                0x080007d0       0xe4 ./Core/Src/stm32f4xx_hal_timebase_tim.o
                0x080007d0                HAL_InitTick
 .text.NMI_Handler
                0x080008b4        0x8 ./Core/Src/stm32f4xx_it.o
                0x080008b4                NMI_Handler
 .text.HardFault_Handler
                0x080008bc        0x8 ./Core/Src/stm32f4xx_it.o
                0x080008bc                HardFault_Handler
 .text.MemManage_Handler
                0x080008c4        0x8 ./Core/Src/stm32f4xx_it.o
                0x080008c4                MemManage_Handler
 .text.BusFault_Handler
                0x080008cc        0x8 ./Core/Src/stm32f4xx_it.o
                0x080008cc                BusFault_Handler
 .text.UsageFault_Handler
                0x080008d4        0x8 ./Core/Src/stm32f4xx_it.o
                0x080008d4                UsageFault_Handler
 .text.DebugMon_Handler
                0x080008dc        0xe ./Core/Src/stm32f4xx_it.o
                0x080008dc                DebugMon_Handler
 *fill*         0x080008ea        0x2 
 .text.TIM1_UP_TIM10_IRQHandler
                0x080008ec       0x14 ./Core/Src/stm32f4xx_it.o
                0x080008ec                TIM1_UP_TIM10_IRQHandler
 .text.SystemInit
                0x08000900       0x24 ./Core/Src/system_stm32f4xx.o
                0x08000900                SystemInit
 .text.Reset_Handler
                0x08000924       0x50 ./Core/Startup/startup_stm32f401rctx.o
                0x08000924                Reset_Handler
 .text.Default_Handler
                0x08000974        0x2 ./Core/Startup/startup_stm32f401rctx.o
                0x08000974                RTC_Alarm_IRQHandler
                0x08000974                EXTI2_IRQHandler
                0x08000974                SPI4_IRQHandler
                0x08000974                TIM1_CC_IRQHandler
                0x08000974                DMA2_Stream5_IRQHandler
                0x08000974                DMA1_Stream5_IRQHandler
                0x08000974                PVD_IRQHandler
                0x08000974                SDIO_IRQHandler
                0x08000974                TAMP_STAMP_IRQHandler
                0x08000974                EXTI3_IRQHandler
                0x08000974                I2C3_ER_IRQHandler
                0x08000974                EXTI0_IRQHandler
                0x08000974                I2C2_EV_IRQHandler
                0x08000974                DMA1_Stream2_IRQHandler
                0x08000974                FPU_IRQHandler
                0x08000974                DMA2_Stream2_IRQHandler
                0x08000974                SPI1_IRQHandler
                0x08000974                TIM1_BRK_TIM9_IRQHandler
                0x08000974                DMA2_Stream3_IRQHandler
                0x08000974                USART6_IRQHandler
                0x08000974                DMA2_Stream0_IRQHandler
                0x08000974                TIM4_IRQHandler
                0x08000974                I2C1_EV_IRQHandler
                0x08000974                DMA1_Stream6_IRQHandler
                0x08000974                DMA1_Stream1_IRQHandler
                0x08000974                TIM3_IRQHandler
                0x08000974                RCC_IRQHandler
                0x08000974                Default_Handler
                0x08000974                EXTI15_10_IRQHandler
                0x08000974                ADC_IRQHandler
                0x08000974                DMA1_Stream7_IRQHandler
                0x08000974                TIM5_IRQHandler
                0x08000974                DMA2_Stream7_IRQHandler
                0x08000974                I2C3_EV_IRQHandler
                0x08000974                EXTI9_5_IRQHandler
                0x08000974                RTC_WKUP_IRQHandler
                0x08000974                SPI2_IRQHandler
                0x08000974                DMA1_Stream0_IRQHandler
                0x08000974                EXTI4_IRQHandler
                0x08000974                WWDG_IRQHandler
                0x08000974                TIM2_IRQHandler
                0x08000974                OTG_FS_WKUP_IRQHandler
                0x08000974                TIM1_TRG_COM_TIM11_IRQHandler
                0x08000974                EXTI1_IRQHandler
                0x08000974                USART2_IRQHandler
                0x08000974                I2C2_ER_IRQHandler
                0x08000974                DMA2_Stream1_IRQHandler
                0x08000974                FLASH_IRQHandler
                0x08000974                DMA2_Stream4_IRQHandler
                0x08000974                USART1_IRQHandler
                0x08000974                OTG_FS_IRQHandler
                0x08000974                SPI3_IRQHandler
                0x08000974                DMA1_Stream4_IRQHandler
                0x08000974                I2C1_ER_IRQHandler
                0x08000974                DMA2_Stream6_IRQHandler
                0x08000974                DMA1_Stream3_IRQHandler
 .text.motorVidinit
                0x08000976      0x112 ./Core/code/src/actuating/HAL/motor/motor.o
                0x08000976                motorVidinit
 .text.motorVidStart
                0x08000a88       0x3c ./Core/code/src/actuating/HAL/motor/motor.o
                0x08000a88                motorVidStart
 .text.motorVidSetSpeed
                0x08000ac4       0x9c ./Core/code/src/actuating/HAL/motor/motor.o
                0x08000ac4                motorVidSetSpeed
 .text.motorVidSetMotorDirection
                0x08000b60       0xc0 ./Core/code/src/actuating/HAL/motor/motor.o
                0x08000b60                motorVidSetMotorDirection
 .text.motorVidStop
                0x08000c20       0x44 ./Core/code/src/actuating/HAL/motor/motor.o
                0x08000c20                motorVidStop
 .text.actuatingVidInit
                0x08000c64       0x1c ./Core/code/src/actuating/app/app.o
                0x08000c64                actuatingVidInit
 .text.actuatingVidExecuteCommandTask
                0x08000c80       0xcc ./Core/code/src/actuating/app/app.o
                0x08000c80                actuatingVidExecuteCommandTask
 .text.actuatingVidBegin
                0x08000d4c       0x40 ./Core/code/src/actuating/app/app.o
                0x08000d4c                actuatingVidBegin
 .text.communicationVidInit
                0x08000d8c       0xec ./Core/code/src/communication/communication.o
                0x08000d8c                communicationVidInit
 .text.communicationVidSelectSlave
                0x08000e78       0x18 ./Core/code/src/communication/communication.o
                0x08000e78                communicationVidSelectSlave
 .text.communicationVidDeselectSlave
                0x08000e90       0x2c ./Core/code/src/communication/communication.o
                0x08000e90                communicationVidDeselectSlave
 .text.communicationCharGetTriggerPinValue
                0x08000ebc       0x18 ./Core/code/src/communication/communication.o
                0x08000ebc                communicationCharGetTriggerPinValue
 .text.receptionCharReceiveCommand
                0x08000ed4       0x48 ./Core/code/src/communication/receiver/reception/reception.o
                0x08000ed4                receptionCharReceiveCommand
 .text.serializeSensorData
                0x08000f1c       0x1a ./Core/code/src/communication/sender/formatter/serialization.o
                0x08000f1c                serializeSensorData
 *fill*         0x08000f36        0x2 
 .text.transmissionVidSendSensorData
                0x08000f38       0x2c ./Core/code/src/communication/sender/transmission/transmission.o
                0x08000f38                transmissionVidSendSensorData
 .text.transmissionVidSendSingleValue
                0x08000f64       0x2c ./Core/code/src/communication/sender/transmission/transmission.o
                0x08000f64                transmissionVidSendSingleValue
 .text.transmissionVidSendStart
                0x08000f90        0xe ./Core/code/src/communication/sender/transmission/transmission.o
                0x08000f90                transmissionVidSendStart
 .text.transmissionVidSendEnd
                0x08000f9e        0xe ./Core/code/src/communication/sender/transmission/transmission.o
                0x08000f9e                transmissionVidSendEnd
 .text.ultraSonicVidInit
                0x08000fac      0x17c ./Core/code/src/perception/HAL/ultraSonic/ultraSonic.o
                0x08000fac                ultraSonicVidInit
 .text.ultraSonicVidStart
                0x08001128       0x2c ./Core/code/src/perception/HAL/ultraSonic/ultraSonic.o
                0x08001128                ultraSonicVidStart
 .text.ultraSonicFloatGetDistance
                0x08001154       0x3a ./Core/code/src/perception/HAL/ultraSonic/ultraSonic.o
                0x08001154                ultraSonicFloatGetDistance
 .text.ultraSonicInputCaptureHandler
                0x0800118e       0x60 ./Core/code/src/perception/HAL/ultraSonic/ultraSonic.o
                0x0800118e                ultraSonicInputCaptureHandler
 .text.ultraSonicCheckOverFlow
                0x080011ee       0x34 ./Core/code/src/perception/HAL/ultraSonic/ultraSonic.o
                0x080011ee                ultraSonicCheckOverFlow
 *fill*         0x08001222        0x2 
 .text.HAL_TIM_IC_CaptureCallback
                0x08001224       0xac ./Core/code/src/perception/app/app.o
                0x08001224                HAL_TIM_IC_CaptureCallback
 .text.perceptionVidCheckOverFlowTask
                0x080012d0       0x44 ./Core/code/src/perception/app/app.o
                0x080012d0                perceptionVidCheckOverFlowTask
 .text.perceptionVidSendSensorsDataTask
                0x08001314       0x40 ./Core/code/src/perception/app/app.o
                0x08001314                perceptionVidSendSensorsDataTask
 .text.perceptionVidInit
                0x08001354       0x38 ./Core/code/src/perception/app/app.o
                0x08001354                perceptionVidInit
 .text.perceptionVidBegin
                0x0800138c       0x74 ./Core/code/src/perception/app/app.o
                0x0800138c                perceptionVidBegin
 .text.HAL_Init
                0x08001400       0x44 ./Drivers/STM32F4xx_HAL_Driver/Src/stm32f4xx_hal.o
                0x08001400                HAL_Init
 .text.HAL_IncTick
                0x08001444       0x28 ./Drivers/STM32F4xx_HAL_Driver/Src/stm32f4xx_hal.o
                0x08001444                HAL_IncTick
 .text.HAL_GetTick
                0x0800146c       0x18 ./Drivers/STM32F4xx_HAL_Driver/Src/stm32f4xx_hal.o
                0x0800146c                HAL_GetTick
 .text.__NVIC_SetPriorityGrouping
                0x08001484       0x48 ./Drivers/STM32F4xx_HAL_Driver/Src/stm32f4xx_hal_cortex.o
 .text.__NVIC_GetPriorityGrouping
                0x080014cc       0x1c ./Drivers/STM32F4xx_HAL_Driver/Src/stm32f4xx_hal_cortex.o
 .text.__NVIC_EnableIRQ
                0x080014e8       0x3c ./Drivers/STM32F4xx_HAL_Driver/Src/stm32f4xx_hal_cortex.o
 .text.__NVIC_SetPriority
                0x08001524       0x54 ./Drivers/STM32F4xx_HAL_Driver/Src/stm32f4xx_hal_cortex.o
 .text.NVIC_EncodePriority
                0x08001578       0x66 ./Drivers/STM32F4xx_HAL_Driver/Src/stm32f4xx_hal_cortex.o
 .text.HAL_NVIC_SetPriorityGrouping
                0x080015de       0x16 ./Drivers/STM32F4xx_HAL_Driver/Src/stm32f4xx_hal_cortex.o
                0x080015de                HAL_NVIC_SetPriorityGrouping
 .text.HAL_NVIC_SetPriority
                0x080015f4       0x38 ./Drivers/STM32F4xx_HAL_Driver/Src/stm32f4xx_hal_cortex.o
                0x080015f4                HAL_NVIC_SetPriority
 .text.HAL_NVIC_EnableIRQ
                0x0800162c       0x1c ./Drivers/STM32F4xx_HAL_Driver/Src/stm32f4xx_hal_cortex.o
                0x0800162c                HAL_NVIC_EnableIRQ
 .text.HAL_GPIO_Init
                0x08001648      0x308 ./Drivers/STM32F4xx_HAL_Driver/Src/stm32f4xx_hal_gpio.o
                0x08001648                HAL_GPIO_Init
 .text.HAL_GPIO_ReadPin
                0x08001950       0x30 ./Drivers/STM32F4xx_HAL_Driver/Src/stm32f4xx_hal_gpio.o
                0x08001950                HAL_GPIO_ReadPin
 .text.HAL_GPIO_WritePin
                0x08001980       0x32 ./Drivers/STM32F4xx_HAL_Driver/Src/stm32f4xx_hal_gpio.o
                0x08001980                HAL_GPIO_WritePin
 *fill*         0x080019b2        0x2 
 .text.HAL_RCC_OscConfig
                0x080019b4      0x4f0 ./Drivers/STM32F4xx_HAL_Driver/Src/stm32f4xx_hal_rcc.o
                0x080019b4                HAL_RCC_OscConfig
 .text.HAL_RCC_ClockConfig
                0x08001ea4      0x1cc ./Drivers/STM32F4xx_HAL_Driver/Src/stm32f4xx_hal_rcc.o
                0x08001ea4                HAL_RCC_ClockConfig
 .text.HAL_RCC_GetSysClockFreq
                0x08002070      0x18c ./Drivers/STM32F4xx_HAL_Driver/Src/stm32f4xx_hal_rcc.o
                0x08002070                HAL_RCC_GetSysClockFreq
 .text.HAL_RCC_GetHCLKFreq
                0x080021fc       0x18 ./Drivers/STM32F4xx_HAL_Driver/Src/stm32f4xx_hal_rcc.o
                0x080021fc                HAL_RCC_GetHCLKFreq
 .text.HAL_RCC_GetPCLK2Freq
                0x08002214       0x28 ./Drivers/STM32F4xx_HAL_Driver/Src/stm32f4xx_hal_rcc.o
                0x08002214                HAL_RCC_GetPCLK2Freq
 .text.HAL_RCC_GetClockConfig
                0x0800223c       0x64 ./Drivers/STM32F4xx_HAL_Driver/Src/stm32f4xx_hal_rcc.o
                0x0800223c                HAL_RCC_GetClockConfig
 .text.HAL_SPI_Init
                0x080022a0      0x112 ./Drivers/STM32F4xx_HAL_Driver/Src/stm32f4xx_hal_spi.o
                0x080022a0                HAL_SPI_Init
 .text.HAL_SPI_Transmit
                0x080023b2      0x288 ./Drivers/STM32F4xx_HAL_Driver/Src/stm32f4xx_hal_spi.o
                0x080023b2                HAL_SPI_Transmit
 .text.HAL_SPI_Receive
                0x0800263a      0x232 ./Drivers/STM32F4xx_HAL_Driver/Src/stm32f4xx_hal_spi.o
                0x0800263a                HAL_SPI_Receive
 .text.HAL_SPI_TransmitReceive
                0x0800286c      0x352 ./Drivers/STM32F4xx_HAL_Driver/Src/stm32f4xx_hal_spi.o
                0x0800286c                HAL_SPI_TransmitReceive
 .text.HAL_SPI_GetState
                0x08002bbe       0x1c ./Drivers/STM32F4xx_HAL_Driver/Src/stm32f4xx_hal_spi.o
                0x08002bbe                HAL_SPI_GetState
 *fill*         0x08002bda        0x2 
 .text.SPI_WaitFlagStateUntilTimeout
                0x08002bdc      0x110 ./Drivers/STM32F4xx_HAL_Driver/Src/stm32f4xx_hal_spi.o
 .text.SPI_EndRxTransaction
                0x08002cec       0xca ./Drivers/STM32F4xx_HAL_Driver/Src/stm32f4xx_hal_spi.o
 *fill*         0x08002db6        0x2 
 .text.SPI_EndRxTxTransaction
                0x08002db8       0xa8 ./Drivers/STM32F4xx_HAL_Driver/Src/stm32f4xx_hal_spi.o
 .text.HAL_TIM_Base_Init
                0x08002e60       0x9e ./Drivers/STM32F4xx_HAL_Driver/Src/stm32f4xx_hal_tim.o
                0x08002e60                HAL_TIM_Base_Init
 .text.HAL_TIM_Base_MspInit
                0x08002efe       0x14 ./Drivers/STM32F4xx_HAL_Driver/Src/stm32f4xx_hal_tim.o
                0x08002efe                HAL_TIM_Base_MspInit
 *fill*         0x08002f12        0x2 
 .text.HAL_TIM_Base_Start_IT
                0x08002f14       0xc4 ./Drivers/STM32F4xx_HAL_Driver/Src/stm32f4xx_hal_tim.o
                0x08002f14                HAL_TIM_Base_Start_IT
 .text.HAL_TIM_PWM_Init
                0x08002fd8       0x9e ./Drivers/STM32F4xx_HAL_Driver/Src/stm32f4xx_hal_tim.o
                0x08002fd8                HAL_TIM_PWM_Init
 .text.HAL_TIM_PWM_MspInit
                0x08003076       0x14 ./Drivers/STM32F4xx_HAL_Driver/Src/stm32f4xx_hal_tim.o
                0x08003076                HAL_TIM_PWM_MspInit
 *fill*         0x0800308a        0x2 
 .text.HAL_TIM_PWM_Start
                0x0800308c      0x160 ./Drivers/STM32F4xx_HAL_Driver/Src/stm32f4xx_hal_tim.o
                0x0800308c                HAL_TIM_PWM_Start
 .text.HAL_TIM_PWM_Stop
                0x080031ec       0xc8 ./Drivers/STM32F4xx_HAL_Driver/Src/stm32f4xx_hal_tim.o
                0x080031ec                HAL_TIM_PWM_Stop
 .text.HAL_TIM_IC_Init
                0x080032b4       0x9e ./Drivers/STM32F4xx_HAL_Driver/Src/stm32f4xx_hal_tim.o
                0x080032b4                HAL_TIM_IC_Init
 .text.HAL_TIM_IC_MspInit
                0x08003352       0x14 ./Drivers/STM32F4xx_HAL_Driver/Src/stm32f4xx_hal_tim.o
                0x08003352                HAL_TIM_IC_MspInit
 *fill*         0x08003366        0x2 
 .text.HAL_TIM_IC_Start_IT
                0x08003368      0x234 ./Drivers/STM32F4xx_HAL_Driver/Src/stm32f4xx_hal_tim.o
                0x08003368                HAL_TIM_IC_Start_IT
 .text.HAL_TIM_IRQHandler
                0x0800359c      0x1e0 ./Drivers/STM32F4xx_HAL_Driver/Src/stm32f4xx_hal_tim.o
                0x0800359c                HAL_TIM_IRQHandler
 .text.HAL_TIM_IC_ConfigChannel
                0x0800377c      0x138 ./Drivers/STM32F4xx_HAL_Driver/Src/stm32f4xx_hal_tim.o
                0x0800377c                HAL_TIM_IC_ConfigChannel
 .text.HAL_TIM_PWM_ConfigChannel
                0x080038b4      0x184 ./Drivers/STM32F4xx_HAL_Driver/Src/stm32f4xx_hal_tim.o
                0x080038b4                HAL_TIM_PWM_ConfigChannel
 .text.HAL_TIM_ReadCapturedValue
                0x08003a38       0x88 ./Drivers/STM32F4xx_HAL_Driver/Src/stm32f4xx_hal_tim.o
                0x08003a38                HAL_TIM_ReadCapturedValue
 .text.HAL_TIM_OC_DelayElapsedCallback
                0x08003ac0       0x14 ./Drivers/STM32F4xx_HAL_Driver/Src/stm32f4xx_hal_tim.o
                0x08003ac0                HAL_TIM_OC_DelayElapsedCallback
 .text.HAL_TIM_PWM_PulseFinishedCallback
                0x08003ad4       0x14 ./Drivers/STM32F4xx_HAL_Driver/Src/stm32f4xx_hal_tim.o
                0x08003ad4                HAL_TIM_PWM_PulseFinishedCallback
 .text.HAL_TIM_TriggerCallback
                0x08003ae8       0x14 ./Drivers/STM32F4xx_HAL_Driver/Src/stm32f4xx_hal_tim.o
                0x08003ae8                HAL_TIM_TriggerCallback
 .text.TIM_Base_SetConfig
                0x08003afc      0x118 ./Drivers/STM32F4xx_HAL_Driver/Src/stm32f4xx_hal_tim.o
                0x08003afc                TIM_Base_SetConfig
 .text.TIM_OC1_SetConfig
                0x08003c14       0xcc ./Drivers/STM32F4xx_HAL_Driver/Src/stm32f4xx_hal_tim.o
 .text.TIM_OC2_SetConfig
                0x08003ce0       0xd8 ./Drivers/STM32F4xx_HAL_Driver/Src/stm32f4xx_hal_tim.o
                0x08003ce0                TIM_OC2_SetConfig
 .text.TIM_OC3_SetConfig
                0x08003db8       0xd4 ./Drivers/STM32F4xx_HAL_Driver/Src/stm32f4xx_hal_tim.o
 .text.TIM_OC4_SetConfig
                0x08003e8c       0xa0 ./Drivers/STM32F4xx_HAL_Driver/Src/stm32f4xx_hal_tim.o
 .text.TIM_TI1_SetConfig
                0x08003f2c       0xd0 ./Drivers/STM32F4xx_HAL_Driver/Src/stm32f4xx_hal_tim.o
                0x08003f2c                TIM_TI1_SetConfig
 .text.TIM_TI2_SetConfig
                0x08003ffc       0x7a ./Drivers/STM32F4xx_HAL_Driver/Src/stm32f4xx_hal_tim.o
 .text.TIM_TI3_SetConfig
                0x08004076       0x78 ./Drivers/STM32F4xx_HAL_Driver/Src/stm32f4xx_hal_tim.o
 .text.TIM_TI4_SetConfig
                0x080040ee       0x7a ./Drivers/STM32F4xx_HAL_Driver/Src/stm32f4xx_hal_tim.o
 .text.TIM_CCxChannelCmd
                0x08004168       0x4a ./Drivers/STM32F4xx_HAL_Driver/Src/stm32f4xx_hal_tim.o
                0x08004168                TIM_CCxChannelCmd
 .text.HAL_TIMEx_CommutCallback
                0x080041b2       0x14 ./Drivers/STM32F4xx_HAL_Driver/Src/stm32f4xx_hal_tim_ex.o
                0x080041b2                HAL_TIMEx_CommutCallback
 .text.HAL_TIMEx_BreakCallback
                0x080041c6       0x14 ./Drivers/STM32F4xx_HAL_Driver/Src/stm32f4xx_hal_tim_ex.o
                0x080041c6                HAL_TIMEx_BreakCallback
 *fill*         0x080041da        0x2 
 .text.__NVIC_SetPriority
                0x080041dc       0x54 ./Middlewares/Third_Party/FreeRTOS/Source/CMSIS_RTOS_V2/cmsis_os2.o
 .text.SysTick_Handler
                0x08004230       0x20 ./Middlewares/Third_Party/FreeRTOS/Source/CMSIS_RTOS_V2/cmsis_os2.o
                0x08004230                SysTick_Handler
 .text.SVC_Setup
                0x08004250       0x12 ./Middlewares/Third_Party/FreeRTOS/Source/CMSIS_RTOS_V2/cmsis_os2.o
 *fill*         0x08004262        0x2 
 .text.osKernelInitialize
                0x08004264       0x48 ./Middlewares/Third_Party/FreeRTOS/Source/CMSIS_RTOS_V2/cmsis_os2.o
                0x08004264                osKernelInitialize
 .text.osKernelStart
                0x080042ac       0x4c ./Middlewares/Third_Party/FreeRTOS/Source/CMSIS_RTOS_V2/cmsis_os2.o
                0x080042ac                osKernelStart
 .text.osThreadNew
                0x080042f8      0x124 ./Middlewares/Third_Party/FreeRTOS/Source/CMSIS_RTOS_V2/cmsis_os2.o
                0x080042f8                osThreadNew
 .text.osDelay  0x0800441c       0x36 ./Middlewares/Third_Party/FreeRTOS/Source/CMSIS_RTOS_V2/cmsis_os2.o
                0x0800441c                osDelay
 *fill*         0x08004452        0x2 
 .text.vApplicationGetIdleTaskMemory
                0x08004454       0x34 ./Middlewares/Third_Party/FreeRTOS/Source/CMSIS_RTOS_V2/cmsis_os2.o
                0x08004454                vApplicationGetIdleTaskMemory
 .text.vApplicationGetTimerTaskMemory
                0x08004488       0x34 ./Middlewares/Third_Party/FreeRTOS/Source/CMSIS_RTOS_V2/cmsis_os2.o
                0x08004488                vApplicationGetTimerTaskMemory
 .text.vListInitialise
                0x080044bc       0x40 ./Middlewares/Third_Party/FreeRTOS/Source/list.o
                0x080044bc                vListInitialise
 .text.vListInitialiseItem
                0x080044fc       0x1a ./Middlewares/Third_Party/FreeRTOS/Source/list.o
                0x080044fc                vListInitialiseItem
 .text.vListInsertEnd
                0x08004516       0x48 ./Middlewares/Third_Party/FreeRTOS/Source/list.o
                0x08004516                vListInsertEnd
 .text.vListInsert
                0x0800455e       0x72 ./Middlewares/Third_Party/FreeRTOS/Source/list.o
                0x0800455e                vListInsert
 .text.uxListRemove
                0x080045d0       0x54 ./Middlewares/Third_Party/FreeRTOS/Source/list.o
                0x080045d0                uxListRemove
 .text.xQueueGenericReset
                0x08004624       0xb4 ./Middlewares/Third_Party/FreeRTOS/Source/queue.o
                0x08004624                xQueueGenericReset
 .text.xQueueGenericCreateStatic
                0x080046d8       0x3e ./Middlewares/Third_Party/FreeRTOS/Source/queue.o
                0x080046d8                xQueueGenericCreateStatic
 .text.prvInitialiseNewQueue
                0x08004716       0x46 ./Middlewares/Third_Party/FreeRTOS/Source/queue.o
 .text.xQueueGenericSend
                0x0800475c      0x154 ./Middlewares/Third_Party/FreeRTOS/Source/queue.o
                0x0800475c                xQueueGenericSend
 .text.xQueueGenericSendFromISR
                0x080048b0       0xba ./Middlewares/Third_Party/FreeRTOS/Source/queue.o
                0x080048b0                xQueueGenericSendFromISR
 *fill*         0x0800496a        0x2 
 .text.xQueueReceive
                0x0800496c      0x144 ./Middlewares/Third_Party/FreeRTOS/Source/queue.o
                0x0800496c                xQueueReceive
 .text.prvCopyDataToQueue
                0x08004ab0       0xd4 ./Middlewares/Third_Party/FreeRTOS/Source/queue.o
 .text.prvCopyDataFromQueue
                0x08004b84       0x4c ./Middlewares/Third_Party/FreeRTOS/Source/queue.o
 .text.prvUnlockQueue
                0x08004bd0       0xa4 ./Middlewares/Third_Party/FreeRTOS/Source/queue.o
 .text.prvIsQueueEmpty
                0x08004c74       0x2c ./Middlewares/Third_Party/FreeRTOS/Source/queue.o
 .text.prvIsQueueFull
                0x08004ca0       0x30 ./Middlewares/Third_Party/FreeRTOS/Source/queue.o
 .text.vQueueAddToRegistry
                0x08004cd0       0x54 ./Middlewares/Third_Party/FreeRTOS/Source/queue.o
                0x08004cd0                vQueueAddToRegistry
 .text.vQueueWaitForMessageRestricted
                0x08004d24       0x68 ./Middlewares/Third_Party/FreeRTOS/Source/queue.o
                0x08004d24                vQueueWaitForMessageRestricted
 .text.xTaskCreateStatic
                0x08004d8c       0x60 ./Middlewares/Third_Party/FreeRTOS/Source/tasks.o
                0x08004d8c                xTaskCreateStatic
 .text.xTaskCreate
                0x08004dec       0x8a ./Middlewares/Third_Party/FreeRTOS/Source/tasks.o
                0x08004dec                xTaskCreate
 *fill*         0x08004e76        0x2 
 .text.prvInitialiseNewTask
                0x08004e78      0x12c ./Middlewares/Third_Party/FreeRTOS/Source/tasks.o
 .text.prvAddNewTaskToReadyList
                0x08004fa4       0xe0 ./Middlewares/Third_Party/FreeRTOS/Source/tasks.o
 .text.vTaskDelay
                0x08005084       0x48 ./Middlewares/Third_Party/FreeRTOS/Source/tasks.o
                0x08005084                vTaskDelay
 .text.vTaskStartScheduler
                0x080050cc       0xc0 ./Middlewares/Third_Party/FreeRTOS/Source/tasks.o
                0x080050cc                vTaskStartScheduler
 .text.vTaskSuspendAll
                0x0800518c       0x1c ./Middlewares/Third_Party/FreeRTOS/Source/tasks.o
                0x0800518c                vTaskSuspendAll
 .text.xTaskResumeAll
                0x080051a8      0x11c ./Middlewares/Third_Party/FreeRTOS/Source/tasks.o
                0x080051a8                xTaskResumeAll
 .text.xTaskGetTickCount
                0x080052c4       0x20 ./Middlewares/Third_Party/FreeRTOS/Source/tasks.o
                0x080052c4                xTaskGetTickCount
 .text.xTaskIncrementTick
                0x080052e4      0x150 ./Middlewares/Third_Party/FreeRTOS/Source/tasks.o
                0x080052e4                xTaskIncrementTick
 .text.vTaskSwitchContext
                0x08005434       0xac ./Middlewares/Third_Party/FreeRTOS/Source/tasks.o
                0x08005434                vTaskSwitchContext
 .text.vTaskPlaceOnEventList
                0x080054e0       0x2c ./Middlewares/Third_Party/FreeRTOS/Source/tasks.o
                0x080054e0                vTaskPlaceOnEventList
 .text.vTaskPlaceOnEventListRestricted
                0x0800550c       0x3c ./Middlewares/Third_Party/FreeRTOS/Source/tasks.o
                0x0800550c                vTaskPlaceOnEventListRestricted
 .text.xTaskRemoveFromEventList
                0x08005548       0xac ./Middlewares/Third_Party/FreeRTOS/Source/tasks.o
                0x08005548                xTaskRemoveFromEventList
 .text.vTaskInternalSetTimeOutState
                0x080055f4       0x2c ./Middlewares/Third_Party/FreeRTOS/Source/tasks.o
                0x080055f4                vTaskInternalSetTimeOutState
 .text.xTaskCheckForTimeOut
                0x08005620       0x8c ./Middlewares/Third_Party/FreeRTOS/Source/tasks.o
                0x08005620                xTaskCheckForTimeOut
 .text.vTaskMissedYield
                0x080056ac       0x18 ./Middlewares/Third_Party/FreeRTOS/Source/tasks.o
                0x080056ac                vTaskMissedYield
 .text.prvIdleTask
                0x080056c4       0x30 ./Middlewares/Third_Party/FreeRTOS/Source/tasks.o
 .text.prvInitialiseTaskLists
                0x080056f4       0x80 ./Middlewares/Third_Party/FreeRTOS/Source/tasks.o
 .text.prvCheckTasksWaitingTermination
                0x08005774       0x5c ./Middlewares/Third_Party/FreeRTOS/Source/tasks.o
 .text.prvDeleteTCB
                0x080057d0       0x46 ./Middlewares/Third_Party/FreeRTOS/Source/tasks.o
 *fill*         0x08005816        0x2 
 .text.prvResetNextTaskUnblockTime
                0x08005818       0x40 ./Middlewares/Third_Party/FreeRTOS/Source/tasks.o
 .text.xTaskGetSchedulerState
                0x08005858       0x3c ./Middlewares/Third_Party/FreeRTOS/Source/tasks.o
                0x08005858                xTaskGetSchedulerState
 .text.xTaskPriorityDisinherit
                0x08005894       0x98 ./Middlewares/Third_Party/FreeRTOS/Source/tasks.o
                0x08005894                xTaskPriorityDisinherit
 .text.prvAddCurrentTaskToDelayedList
                0x0800592c       0xa8 ./Middlewares/Third_Party/FreeRTOS/Source/tasks.o
 .text.xTimerCreateTimerTask
                0x080059d4       0x74 ./Middlewares/Third_Party/FreeRTOS/Source/timers.o
                0x080059d4                xTimerCreateTimerTask
 .text.xTimerGenericCommand
                0x08005a48       0x80 ./Middlewares/Third_Party/FreeRTOS/Source/timers.o
                0x08005a48                xTimerGenericCommand
 .text.prvProcessExpiredTimer
                0x08005ac8       0x80 ./Middlewares/Third_Party/FreeRTOS/Source/timers.o
 .text.prvTimerTask
                0x08005b48       0x26 ./Middlewares/Third_Party/FreeRTOS/Source/timers.o
 *fill*         0x08005b6e        0x2 
 .text.prvProcessTimerOrBlockTask
                0x08005b70       0x9c ./Middlewares/Third_Party/FreeRTOS/Source/timers.o
 .text.prvGetNextExpireTime
                0x08005c0c       0x48 ./Middlewares/Third_Party/FreeRTOS/Source/timers.o
 .text.prvSampleTimeNow
                0x08005c54       0x40 ./Middlewares/Third_Party/FreeRTOS/Source/timers.o
 .text.prvInsertTimerInActiveList
                0x08005c94       0x84 ./Middlewares/Third_Party/FreeRTOS/Source/timers.o
 .text.prvProcessReceivedCommands
                0x08005d18      0x174 ./Middlewares/Third_Party/FreeRTOS/Source/timers.o
 .text.prvSwitchTimerLists
                0x08005e8c       0xac ./Middlewares/Third_Party/FreeRTOS/Source/timers.o
 .text.prvCheckForValidListAndQueue
                0x08005f38       0x80 ./Middlewares/Third_Party/FreeRTOS/Source/timers.o
 .text.pxPortInitialiseStack
                0x08005fb8       0x68 ./Middlewares/Third_Party/FreeRTOS/Source/portable/GCC/ARM_CM4F/port.o
                0x08005fb8                pxPortInitialiseStack
 .text.prvTaskExitError
                0x08006020       0x34 ./Middlewares/Third_Party/FreeRTOS/Source/portable/GCC/ARM_CM4F/port.o
 *fill*         0x08006054        0xc 
 .text.SVC_Handler
                0x08006060       0x28 ./Middlewares/Third_Party/FreeRTOS/Source/portable/GCC/ARM_CM4F/port.o
                0x08006060                SVC_Handler
 .text.prvPortStartFirstTask
                0x08006088       0x28 ./Middlewares/Third_Party/FreeRTOS/Source/portable/GCC/ARM_CM4F/port.o
 .text.xPortStartScheduler
                0x080060b0       0x54 ./Middlewares/Third_Party/FreeRTOS/Source/portable/GCC/ARM_CM4F/port.o
                0x080060b0                xPortStartScheduler
 .text.vPortEnterCritical
                0x08006104       0x34 ./Middlewares/Third_Party/FreeRTOS/Source/portable/GCC/ARM_CM4F/port.o
                0x08006104                vPortEnterCritical
 .text.vPortExitCritical
                0x08006138       0x34 ./Middlewares/Third_Party/FreeRTOS/Source/portable/GCC/ARM_CM4F/port.o
                0x08006138                vPortExitCritical
 *fill*         0x0800616c        0x4 
 .text.PendSV_Handler
                0x08006170       0x68 ./Middlewares/Third_Party/FreeRTOS/Source/portable/GCC/ARM_CM4F/port.o
                0x08006170                PendSV_Handler
 .text.xPortSysTickHandler
                0x080061d8       0x44 ./Middlewares/Third_Party/FreeRTOS/Source/portable/GCC/ARM_CM4F/port.o
                0x080061d8                xPortSysTickHandler
 .text.vPortSetupTimerInterrupt
                0x0800621c       0x48 ./Middlewares/Third_Party/FreeRTOS/Source/portable/GCC/ARM_CM4F/port.o
                0x0800621c                vPortSetupTimerInterrupt
 .text.vPortEnableVFP
                0x08006264       0x14 ./Middlewares/Third_Party/FreeRTOS/Source/portable/GCC/ARM_CM4F/port.o
 .text.pvPortMalloc
                0x08006278      0x134 ./Middlewares/Third_Party/FreeRTOS/Source/portable/MemMang/heap_4.o
                0x08006278                pvPortMalloc
 .text.vPortFree
                0x080063ac       0x80 ./Middlewares/Third_Party/FreeRTOS/Source/portable/MemMang/heap_4.o
                0x080063ac                vPortFree
 .text.prvHeapInit
                0x0800642c       0xc4 ./Middlewares/Third_Party/FreeRTOS/Source/portable/MemMang/heap_4.o
 .text.prvInsertBlockIntoFreeList
                0x080064f0       0xb4 ./Middlewares/Third_Party/FreeRTOS/Source/portable/MemMang/heap_4.o
 .text.memset   0x080065a4       0x10 D:/Program Files/en.st-stm32cubeide_1.16.1_22882_20240916_0822_x86_64.exe/STM32CubeIDE_1.16.1/STM32CubeIDE/plugins/com.st.stm32cube.ide.mcu.externaltools.gnu-tools-for-stm32.12.3.rel1.win32_1.0.200.202406191623/tools/bin/../lib/gcc/arm-none-eabi/12.3.1/../../../../arm-none-eabi/lib/thumb/v7e-m+fp/hard\libc_nano.a(libc_a-memset.o)
                0x080065a4                memset
 .text._reclaim_reent
                0x080065b4       0xac D:/Program Files/en.st-stm32cubeide_1.16.1_22882_20240916_0822_x86_64.exe/STM32CubeIDE_1.16.1/STM32CubeIDE/plugins/com.st.stm32cube.ide.mcu.externaltools.gnu-tools-for-stm32.12.3.rel1.win32_1.0.200.202406191623/tools/bin/../lib/gcc/arm-none-eabi/12.3.1/../../../../arm-none-eabi/lib/thumb/v7e-m+fp/hard\libc_nano.a(libc_a-reent.o)
                0x080065b4                _reclaim_reent
 .text.__libc_init_array
                0x08006660       0x48 D:/Program Files/en.st-stm32cubeide_1.16.1_22882_20240916_0822_x86_64.exe/STM32CubeIDE_1.16.1/STM32CubeIDE/plugins/com.st.stm32cube.ide.mcu.externaltools.gnu-tools-for-stm32.12.3.rel1.win32_1.0.200.202406191623/tools/bin/../lib/gcc/arm-none-eabi/12.3.1/../../../../arm-none-eabi/lib/thumb/v7e-m+fp/hard\libc_nano.a(libc_a-init.o)
                0x08006660                __libc_init_array
 .text.__retarget_lock_acquire_recursive
                0x080066a8        0x2 D:/Program Files/en.st-stm32cubeide_1.16.1_22882_20240916_0822_x86_64.exe/STM32CubeIDE_1.16.1/STM32CubeIDE/plugins/com.st.stm32cube.ide.mcu.externaltools.gnu-tools-for-stm32.12.3.rel1.win32_1.0.200.202406191623/tools/bin/../lib/gcc/arm-none-eabi/12.3.1/../../../../arm-none-eabi/lib/thumb/v7e-m+fp/hard\libc_nano.a(libc_a-lock.o)
                0x080066a8                __retarget_lock_acquire_recursive
 .text.__retarget_lock_release_recursive
                0x080066aa        0x2 D:/Program Files/en.st-stm32cubeide_1.16.1_22882_20240916_0822_x86_64.exe/STM32CubeIDE_1.16.1/STM32CubeIDE/plugins/com.st.stm32cube.ide.mcu.externaltools.gnu-tools-for-stm32.12.3.rel1.win32_1.0.200.202406191623/tools/bin/../lib/gcc/arm-none-eabi/12.3.1/../../../../arm-none-eabi/lib/thumb/v7e-m+fp/hard\libc_nano.a(libc_a-lock.o)
                0x080066aa                __retarget_lock_release_recursive
 .text.memcpy   0x080066ac       0x1c D:/Program Files/en.st-stm32cubeide_1.16.1_22882_20240916_0822_x86_64.exe/STM32CubeIDE_1.16.1/STM32CubeIDE/plugins/com.st.stm32cube.ide.mcu.externaltools.gnu-tools-for-stm32.12.3.rel1.win32_1.0.200.202406191623/tools/bin/../lib/gcc/arm-none-eabi/12.3.1/../../../../arm-none-eabi/lib/thumb/v7e-m+fp/hard\libc_nano.a(libc_a-memcpy-stub.o)
                0x080066ac                memcpy
 .text._free_r  0x080066c8       0x94 D:/Program Files/en.st-stm32cubeide_1.16.1_22882_20240916_0822_x86_64.exe/STM32CubeIDE_1.16.1/STM32CubeIDE/plugins/com.st.stm32cube.ide.mcu.externaltools.gnu-tools-for-stm32.12.3.rel1.win32_1.0.200.202406191623/tools/bin/../lib/gcc/arm-none-eabi/12.3.1/../../../../arm-none-eabi/lib/thumb/v7e-m+fp/hard\libc_nano.a(libc_a-freer.o)
                0x080066c8                _free_r
 .text.__malloc_lock
                0x0800675c        0xc D:/Program Files/en.st-stm32cubeide_1.16.1_22882_20240916_0822_x86_64.exe/STM32CubeIDE_1.16.1/STM32CubeIDE/plugins/com.st.stm32cube.ide.mcu.externaltools.gnu-tools-for-stm32.12.3.rel1.win32_1.0.200.202406191623/tools/bin/../lib/gcc/arm-none-eabi/12.3.1/../../../../arm-none-eabi/lib/thumb/v7e-m+fp/hard\libc_nano.a(libc_a-mlock.o)
                0x0800675c                __malloc_lock
 .text.__malloc_unlock
                0x08006768        0xc D:/Program Files/en.st-stm32cubeide_1.16.1_22882_20240916_0822_x86_64.exe/STM32CubeIDE_1.16.1/STM32CubeIDE/plugins/com.st.stm32cube.ide.mcu.externaltools.gnu-tools-for-stm32.12.3.rel1.win32_1.0.200.202406191623/tools/bin/../lib/gcc/arm-none-eabi/12.3.1/../../../../arm-none-eabi/lib/thumb/v7e-m+fp/hard\libc_nano.a(libc_a-mlock.o)
                0x08006768                __malloc_unlock
 *(.glue_7)
 .glue_7        0x08006774        0x0 linker stubs
 *(.glue_7t)
 .glue_7t       0x08006774        0x0 linker stubs
 *(.eh_frame)
 .eh_frame      0x08006774        0x0 D:/Program Files/en.st-stm32cubeide_1.16.1_22882_20240916_0822_x86_64.exe/STM32CubeIDE_1.16.1/STM32CubeIDE/plugins/com.st.stm32cube.ide.mcu.externaltools.gnu-tools-for-stm32.12.3.rel1.win32_1.0.200.202406191623/tools/bin/../lib/gcc/arm-none-eabi/12.3.1/thumb/v7e-m+fp/hard/crtbegin.o
 *(.init)
 .init          0x08006774        0x4 D:/Program Files/en.st-stm32cubeide_1.16.1_22882_20240916_0822_x86_64.exe/STM32CubeIDE_1.16.1/STM32CubeIDE/plugins/com.st.stm32cube.ide.mcu.externaltools.gnu-tools-for-stm32.12.3.rel1.win32_1.0.200.202406191623/tools/bin/../lib/gcc/arm-none-eabi/12.3.1/thumb/v7e-m+fp/hard/crti.o
                0x08006774                _init
 .init          0x08006778        0x8 D:/Program Files/en.st-stm32cubeide_1.16.1_22882_20240916_0822_x86_64.exe/STM32CubeIDE_1.16.1/STM32CubeIDE/plugins/com.st.stm32cube.ide.mcu.externaltools.gnu-tools-for-stm32.12.3.rel1.win32_1.0.200.202406191623/tools/bin/../lib/gcc/arm-none-eabi/12.3.1/thumb/v7e-m+fp/hard/crtn.o
 *(.fini)
 .fini          0x08006780        0x4 D:/Program Files/en.st-stm32cubeide_1.16.1_22882_20240916_0822_x86_64.exe/STM32CubeIDE_1.16.1/STM32CubeIDE/plugins/com.st.stm32cube.ide.mcu.externaltools.gnu-tools-for-stm32.12.3.rel1.win32_1.0.200.202406191623/tools/bin/../lib/gcc/arm-none-eabi/12.3.1/thumb/v7e-m+fp/hard/crti.o
                0x08006780                _fini
 .fini          0x08006784        0x8 D:/Program Files/en.st-stm32cubeide_1.16.1_22882_20240916_0822_x86_64.exe/STM32CubeIDE_1.16.1/STM32CubeIDE/plugins/com.st.stm32cube.ide.mcu.externaltools.gnu-tools-for-stm32.12.3.rel1.win32_1.0.200.202406191623/tools/bin/../lib/gcc/arm-none-eabi/12.3.1/thumb/v7e-m+fp/hard/crtn.o
                0x0800678c                        . = ALIGN (0x4)
                0x0800678c                        _etext = .

.vfp11_veneer   0x0800678c        0x0
 .vfp11_veneer  0x0800678c        0x0 linker stubs

.v4_bx          0x0800678c        0x0
 .v4_bx         0x0800678c        0x0 linker stubs

.iplt           0x0800678c        0x0
 .iplt          0x0800678c        0x0 D:/Program Files/en.st-stm32cubeide_1.16.1_22882_20240916_0822_x86_64.exe/STM32CubeIDE_1.16.1/STM32CubeIDE/plugins/com.st.stm32cube.ide.mcu.externaltools.gnu-tools-for-stm32.12.3.rel1.win32_1.0.200.202406191623/tools/bin/../lib/gcc/arm-none-eabi/12.3.1/thumb/v7e-m+fp/hard/crtbegin.o

.rodata         0x0800678c       0x54
                0x0800678c                        . = ALIGN (0x4)
 *(.rodata)
 .rodata        0x0800678c        0xb ./Core/code/src/actuating/app/app.o
 *fill*         0x08006797        0x1 
 .rodata        0x08006798       0x15 ./Core/code/src/perception/app/app.o
 *fill*         0x080067ad        0x3 
 .rodata        0x080067b0        0x5 ./Middlewares/Third_Party/FreeRTOS/Source/tasks.o
 *fill*         0x080067b5        0x3 
 .rodata        0x080067b8        0xd ./Middlewares/Third_Party/FreeRTOS/Source/timers.o
 *(.rodata*)
 *fill*         0x080067c5        0x3 
 .rodata.AHBPrescTable
                0x080067c8       0x10 ./Core/Src/system_stm32f4xx.o
                0x080067c8                AHBPrescTable
 .rodata.APBPrescTable
                0x080067d8        0x8 ./Core/Src/system_stm32f4xx.o
                0x080067d8                APBPrescTable
                0x080067e0                        . = ALIGN (0x4)

.ARM.extab      0x080067e0        0x0
                0x080067e0                        . = ALIGN (0x4)
 *(.ARM.extab* .gnu.linkonce.armextab.*)
                0x080067e0                        . = ALIGN (0x4)

.ARM            0x080067e0        0x8
                0x080067e0                        . = ALIGN (0x4)
                0x080067e0                        __exidx_start = .
 *(.ARM.exidx*)
 .ARM.exidx     0x080067e0        0x8 D:/Program Files/en.st-stm32cubeide_1.16.1_22882_20240916_0822_x86_64.exe/STM32CubeIDE_1.16.1/STM32CubeIDE/plugins/com.st.stm32cube.ide.mcu.externaltools.gnu-tools-for-stm32.12.3.rel1.win32_1.0.200.202406191623/tools/bin/../lib/gcc/arm-none-eabi/12.3.1/thumb/v7e-m+fp/hard\libgcc.a(_udivmoddi4.o)
                0x080067e8                        __exidx_end = .
                0x080067e8                        . = ALIGN (0x4)

.preinit_array  0x080067e8        0x0
                0x080067e8                        . = ALIGN (0x4)
                0x080067e8                        PROVIDE (__preinit_array_start = .)
 *(.preinit_array*)
                0x080067e8                        PROVIDE (__preinit_array_end = .)
                0x080067e8                        . = ALIGN (0x4)

.init_array     0x080067e8        0x4
                0x080067e8                        . = ALIGN (0x4)
                0x080067e8                        PROVIDE (__init_array_start = .)
 *(SORT_BY_NAME(.init_array.*))
 *(.init_array*)
 .init_array    0x080067e8        0x4 D:/Program Files/en.st-stm32cubeide_1.16.1_22882_20240916_0822_x86_64.exe/STM32CubeIDE_1.16.1/STM32CubeIDE/plugins/com.st.stm32cube.ide.mcu.externaltools.gnu-tools-for-stm32.12.3.rel1.win32_1.0.200.202406191623/tools/bin/../lib/gcc/arm-none-eabi/12.3.1/thumb/v7e-m+fp/hard/crtbegin.o
                0x080067ec                        PROVIDE (__init_array_end = .)
                0x080067ec                        . = ALIGN (0x4)

.fini_array     0x080067ec        0x4
                0x080067ec                        . = ALIGN (0x4)
                [!provide]                        PROVIDE (__fini_array_start = .)
 *(SORT_BY_NAME(.fini_array.*))
 *(.fini_array*)
 .fini_array    0x080067ec        0x4 D:/Program Files/en.st-stm32cubeide_1.16.1_22882_20240916_0822_x86_64.exe/STM32CubeIDE_1.16.1/STM32CubeIDE/plugins/com.st.stm32cube.ide.mcu.externaltools.gnu-tools-for-stm32.12.3.rel1.win32_1.0.200.202406191623/tools/bin/../lib/gcc/arm-none-eabi/12.3.1/thumb/v7e-m+fp/hard/crtbegin.o
                [!provide]                        PROVIDE (__fini_array_end = .)
                0x080067f0                        . = ALIGN (0x4)
                0x080067f0                        _sidata = LOADADDR (.data)

.rel.dyn        0x080067f0        0x0
 .rel.iplt      0x080067f0        0x0 D:/Program Files/en.st-stm32cubeide_1.16.1_22882_20240916_0822_x86_64.exe/STM32CubeIDE_1.16.1/STM32CubeIDE/plugins/com.st.stm32cube.ide.mcu.externaltools.gnu-tools-for-stm32.12.3.rel1.win32_1.0.200.202406191623/tools/bin/../lib/gcc/arm-none-eabi/12.3.1/thumb/v7e-m+fp/hard/crtbegin.o

.data           0x20000000      0x158 load address 0x080067f0
                0x20000000                        . = ALIGN (0x4)
                0x20000000                        _sdata = .
 *(.data)
 *(.data*)
 .data.SystemCoreClock
                0x20000000        0x4 ./Core/Src/system_stm32f4xx.o
                0x20000000                SystemCoreClock
 .data.LHS_Motor
                0x20000004       0x28 ./Core/code/src/actuating/app/app.o
                0x20000004                LHS_Motor
 .data.RHS_Motor
                0x2000002c       0x28 ./Core/code/src/actuating/app/app.o
                0x2000002c                RHS_Motor
 .data.FRONT_ultraSonic
                0x20000054       0x30 ./Core/code/src/perception/app/app.o
                0x20000054                FRONT_ultraSonic
 .data.LHS_ultraSonic
                0x20000084       0x30 ./Core/code/src/perception/app/app.o
                0x20000084                LHS_ultraSonic
 .data.RHS_ultraSonic
                0x200000b4       0x30 ./Core/code/src/perception/app/app.o
                0x200000b4                RHS_ultraSonic
 .data.FRONT_sensorData
                0x200000e4        0x8 ./Core/code/src/perception/app/app.o
                0x200000e4                FRONT_sensorData
 .data.LHS_sensorData
                0x200000ec        0x8 ./Core/code/src/perception/app/app.o
                0x200000ec                LHS_sensorData
 .data.RHS_sensorData
                0x200000f4        0x8 ./Core/code/src/perception/app/app.o
                0x200000f4                RHS_sensorData
 .data.uwTickPrio
                0x200000fc        0x4 ./Drivers/STM32F4xx_HAL_Driver/Src/stm32f4xx_hal.o
                0x200000fc                uwTickPrio
 .data.uwTickFreq
                0x20000100        0x1 ./Drivers/STM32F4xx_HAL_Driver/Src/stm32f4xx_hal.o
                0x20000100                uwTickFreq
 *fill*         0x20000101        0x3 
 .data.uxCriticalNesting
                0x20000104        0x4 ./Middlewares/Third_Party/FreeRTOS/Source/portable/GCC/ARM_CM4F/port.o
 .data._impure_ptr
                0x20000108        0x4 D:/Program Files/en.st-stm32cubeide_1.16.1_22882_20240916_0822_x86_64.exe/STM32CubeIDE_1.16.1/STM32CubeIDE/plugins/com.st.stm32cube.ide.mcu.externaltools.gnu-tools-for-stm32.12.3.rel1.win32_1.0.200.202406191623/tools/bin/../lib/gcc/arm-none-eabi/12.3.1/../../../../arm-none-eabi/lib/thumb/v7e-m+fp/hard\libc_nano.a(libc_a-impure.o)
                0x20000108                _impure_ptr
 .data._impure_data
                0x2000010c       0x4c D:/Program Files/en.st-stm32cubeide_1.16.1_22882_20240916_0822_x86_64.exe/STM32CubeIDE_1.16.1/STM32CubeIDE/plugins/com.st.stm32cube.ide.mcu.externaltools.gnu-tools-for-stm32.12.3.rel1.win32_1.0.200.202406191623/tools/bin/../lib/gcc/arm-none-eabi/12.3.1/../../../../arm-none-eabi/lib/thumb/v7e-m+fp/hard\libc_nano.a(libc_a-impure.o)
                0x2000010c                _impure_data
 *(.RamFunc)
 *(.RamFunc*)
                0x20000158                        . = ALIGN (0x4)
                0x20000158                        _edata = .

.igot.plt       0x20000158        0x0 load address 0x08006948
 .igot.plt      0x20000158        0x0 D:/Program Files/en.st-stm32cubeide_1.16.1_22882_20240916_0822_x86_64.exe/STM32CubeIDE_1.16.1/STM32CubeIDE/plugins/com.st.stm32cube.ide.mcu.externaltools.gnu-tools-for-stm32.12.3.rel1.win32_1.0.200.202406191623/tools/bin/../lib/gcc/arm-none-eabi/12.3.1/thumb/v7e-m+fp/hard/crtbegin.o
                0x20000158                        . = ALIGN (0x4)

.bss            0x20000158     0x4d64 load address 0x08006948
                0x20000158                        _sbss = .
                0x20000158                        __bss_start__ = _sbss
 *(.bss)
 .bss           0x20000158       0x1c D:/Program Files/en.st-stm32cubeide_1.16.1_22882_20240916_0822_x86_64.exe/STM32CubeIDE_1.16.1/STM32CubeIDE/plugins/com.st.stm32cube.ide.mcu.externaltools.gnu-tools-for-stm32.12.3.rel1.win32_1.0.200.202406191623/tools/bin/../lib/gcc/arm-none-eabi/12.3.1/thumb/v7e-m+fp/hard/crtbegin.o
 *(.bss*)
 .bss.htim10    0x20000174       0x48 ./Core/Src/stm32f4xx_hal_timebase_tim.o
                0x20000174                htim10
 .bss.htim1     0x200001bc       0x48 ./Core/code/src/actuating/app/app.o
                0x200001bc                htim1
 .bss.hspi2     0x20000204       0x58 ./Core/code/src/communication/communication.o
                0x20000204                hspi2
 .bss.htim2     0x2000025c       0x48 ./Core/code/src/perception/app/app.o
                0x2000025c                htim2
 .bss.htim3     0x200002a4       0x48 ./Core/code/src/perception/app/app.o
                0x200002a4                htim3
 .bss.htim4     0x200002ec       0x48 ./Core/code/src/perception/app/app.o
                0x200002ec                htim4
 .bss.htim5     0x20000334       0x48 ./Core/code/src/perception/app/app.o
                0x20000334                htim5
 .bss.LHS_firstCap
                0x2000037c        0x4 ./Core/code/src/perception/app/app.o
                0x2000037c                LHS_firstCap
 .bss.LHS_secondCap
                0x20000380        0x4 ./Core/code/src/perception/app/app.o
                0x20000380                LHS_secondCap
 .bss.RHS_firstCap
                0x20000384        0x4 ./Core/code/src/perception/app/app.o
                0x20000384                RHS_firstCap
 .bss.RHS_secondCap
                0x20000388        0x4 ./Core/code/src/perception/app/app.o
                0x20000388                RHS_secondCap
 .bss.FRONT_firstCap
                0x2000038c        0x4 ./Core/code/src/perception/app/app.o
                0x2000038c                FRONT_firstCap
 .bss.FRONT_secondCap
                0x20000390        0x4 ./Core/code/src/perception/app/app.o
                0x20000390                FRONT_secondCap
 .bss.LHS_flag  0x20000394        0x1 ./Core/code/src/perception/app/app.o
                0x20000394                LHS_flag
 .bss.RHS_flag  0x20000395        0x1 ./Core/code/src/perception/app/app.o
                0x20000395                RHS_flag
 .bss.FRONT_flag
                0x20000396        0x1 ./Core/code/src/perception/app/app.o
                0x20000396                FRONT_flag
 *fill*         0x20000397        0x1 
 .bss.uwTick    0x20000398        0x4 ./Drivers/STM32F4xx_HAL_Driver/Src/stm32f4xx_hal.o
                0x20000398                uwTick
 .bss.KernelState
                0x2000039c        0x4 ./Middlewares/Third_Party/FreeRTOS/Source/CMSIS_RTOS_V2/cmsis_os2.o
 .bss.Idle_TCB.3
                0x200003a0       0xa8 ./Middlewares/Third_Party/FreeRTOS/Source/CMSIS_RTOS_V2/cmsis_os2.o
 .bss.Idle_Stack.2
                0x20000448      0x200 ./Middlewares/Third_Party/FreeRTOS/Source/CMSIS_RTOS_V2/cmsis_os2.o
 .bss.Timer_TCB.1
                0x20000648       0xa8 ./Middlewares/Third_Party/FreeRTOS/Source/CMSIS_RTOS_V2/cmsis_os2.o
 .bss.Timer_Stack.0
                0x200006f0      0x400 ./Middlewares/Third_Party/FreeRTOS/Source/CMSIS_RTOS_V2/cmsis_os2.o
 .bss.xQueueRegistry
                0x20000af0       0x40 ./Middlewares/Third_Party/FreeRTOS/Source/queue.o
                0x20000af0                xQueueRegistry
 .bss.pxCurrentTCB
                0x20000b30        0x4 ./Middlewares/Third_Party/FreeRTOS/Source/tasks.o
                0x20000b30                pxCurrentTCB
 .bss.pxReadyTasksLists
                0x20000b34      0x460 ./Middlewares/Third_Party/FreeRTOS/Source/tasks.o
 .bss.xDelayedTaskList1
                0x20000f94       0x14 ./Middlewares/Third_Party/FreeRTOS/Source/tasks.o
 .bss.xDelayedTaskList2
                0x20000fa8       0x14 ./Middlewares/Third_Party/FreeRTOS/Source/tasks.o
 .bss.pxDelayedTaskList
                0x20000fbc        0x4 ./Middlewares/Third_Party/FreeRTOS/Source/tasks.o
 .bss.pxOverflowDelayedTaskList
                0x20000fc0        0x4 ./Middlewares/Third_Party/FreeRTOS/Source/tasks.o
 .bss.xPendingReadyList
                0x20000fc4       0x14 ./Middlewares/Third_Party/FreeRTOS/Source/tasks.o
 .bss.xTasksWaitingTermination
                0x20000fd8       0x14 ./Middlewares/Third_Party/FreeRTOS/Source/tasks.o
 .bss.uxDeletedTasksWaitingCleanUp
                0x20000fec        0x4 ./Middlewares/Third_Party/FreeRTOS/Source/tasks.o
 .bss.xSuspendedTaskList
                0x20000ff0       0x14 ./Middlewares/Third_Party/FreeRTOS/Source/tasks.o
 .bss.uxCurrentNumberOfTasks
                0x20001004        0x4 ./Middlewares/Third_Party/FreeRTOS/Source/tasks.o
 .bss.xTickCount
                0x20001008        0x4 ./Middlewares/Third_Party/FreeRTOS/Source/tasks.o
 .bss.uxTopReadyPriority
                0x2000100c        0x4 ./Middlewares/Third_Party/FreeRTOS/Source/tasks.o
 .bss.xSchedulerRunning
                0x20001010        0x4 ./Middlewares/Third_Party/FreeRTOS/Source/tasks.o
 .bss.xPendedTicks
                0x20001014        0x4 ./Middlewares/Third_Party/FreeRTOS/Source/tasks.o
 .bss.xYieldPending
                0x20001018        0x4 ./Middlewares/Third_Party/FreeRTOS/Source/tasks.o
 .bss.xNumOfOverflows
                0x2000101c        0x4 ./Middlewares/Third_Party/FreeRTOS/Source/tasks.o
 .bss.uxTaskNumber
                0x20001020        0x4 ./Middlewares/Third_Party/FreeRTOS/Source/tasks.o
 .bss.xNextTaskUnblockTime
                0x20001024        0x4 ./Middlewares/Third_Party/FreeRTOS/Source/tasks.o
 .bss.xIdleTaskHandle
                0x20001028        0x4 ./Middlewares/Third_Party/FreeRTOS/Source/tasks.o
 .bss.uxSchedulerSuspended
                0x2000102c        0x4 ./Middlewares/Third_Party/FreeRTOS/Source/tasks.o
 .bss.xActiveTimerList1
                0x20001030       0x14 ./Middlewares/Third_Party/FreeRTOS/Source/timers.o
 .bss.xActiveTimerList2
                0x20001044       0x14 ./Middlewares/Third_Party/FreeRTOS/Source/timers.o
 .bss.pxCurrentTimerList
                0x20001058        0x4 ./Middlewares/Third_Party/FreeRTOS/Source/timers.o
 .bss.pxOverflowTimerList
                0x2000105c        0x4 ./Middlewares/Third_Party/FreeRTOS/Source/timers.o
 .bss.xTimerQueue
                0x20001060        0x4 ./Middlewares/Third_Party/FreeRTOS/Source/timers.o
 .bss.xTimerTaskHandle
                0x20001064        0x4 ./Middlewares/Third_Party/FreeRTOS/Source/timers.o
 .bss.xLastTime.2
                0x20001068        0x4 ./Middlewares/Third_Party/FreeRTOS/Source/timers.o
 .bss.ucStaticTimerQueueStorage.1
                0x2000106c       0xa0 ./Middlewares/Third_Party/FreeRTOS/Source/timers.o
 .bss.xStaticTimerQueue.0
                0x2000110c       0x50 ./Middlewares/Third_Party/FreeRTOS/Source/timers.o
 .bss.ucHeap    0x2000115c     0x3c00 ./Middlewares/Third_Party/FreeRTOS/Source/portable/MemMang/heap_4.o
 .bss.xStart    0x20004d5c        0x8 ./Middlewares/Third_Party/FreeRTOS/Source/portable/MemMang/heap_4.o
 .bss.pxEnd     0x20004d64        0x4 ./Middlewares/Third_Party/FreeRTOS/Source/portable/MemMang/heap_4.o
 .bss.xFreeBytesRemaining
                0x20004d68        0x4 ./Middlewares/Third_Party/FreeRTOS/Source/portable/MemMang/heap_4.o
 .bss.xMinimumEverFreeBytesRemaining
                0x20004d6c        0x4 ./Middlewares/Third_Party/FreeRTOS/Source/portable/MemMang/heap_4.o
 .bss.xNumberOfSuccessfulAllocations
                0x20004d70        0x4 ./Middlewares/Third_Party/FreeRTOS/Source/portable/MemMang/heap_4.o
 .bss.xNumberOfSuccessfulFrees
                0x20004d74        0x4 ./Middlewares/Third_Party/FreeRTOS/Source/portable/MemMang/heap_4.o
 .bss.xBlockAllocatedBit
                0x20004d78        0x4 ./Middlewares/Third_Party/FreeRTOS/Source/portable/MemMang/heap_4.o
 .bss.__sf      0x20004d7c      0x138 D:/Program Files/en.st-stm32cubeide_1.16.1_22882_20240916_0822_x86_64.exe/STM32CubeIDE_1.16.1/STM32CubeIDE/plugins/com.st.stm32cube.ide.mcu.externaltools.gnu-tools-for-stm32.12.3.rel1.win32_1.0.200.202406191623/tools/bin/../lib/gcc/arm-none-eabi/12.3.1/../../../../arm-none-eabi/lib/thumb/v7e-m+fp/hard\libc_nano.a(libc_a-findfp.o)
                0x20004d7c                __sf
 .bss.__lock___malloc_recursive_mutex
                0x20004eb4        0x1 D:/Program Files/en.st-stm32cubeide_1.16.1_22882_20240916_0822_x86_64.exe/STM32CubeIDE_1.16.1/STM32CubeIDE/plugins/com.st.stm32cube.ide.mcu.externaltools.gnu-tools-for-stm32.12.3.rel1.win32_1.0.200.202406191623/tools/bin/../lib/gcc/arm-none-eabi/12.3.1/../../../../arm-none-eabi/lib/thumb/v7e-m+fp/hard\libc_nano.a(libc_a-lock.o)
                0x20004eb4                __lock___malloc_recursive_mutex
 *fill*         0x20004eb5        0x3 
 .bss.__malloc_free_list
                0x20004eb8        0x4 D:/Program Files/en.st-stm32cubeide_1.16.1_22882_20240916_0822_x86_64.exe/STM32CubeIDE_1.16.1/STM32CubeIDE/plugins/com.st.stm32cube.ide.mcu.externaltools.gnu-tools-for-stm32.12.3.rel1.win32_1.0.200.202406191623/tools/bin/../lib/gcc/arm-none-eabi/12.3.1/../../../../arm-none-eabi/lib/thumb/v7e-m+fp/hard\libc_nano.a(libc_a-mallocr.o)
                0x20004eb8                __malloc_free_list
 *(COMMON)
                0x20004ebc                        . = ALIGN (0x4)
                0x20004ebc                        _ebss = .
                0x20004ebc                        __bss_end__ = _ebss

._user_heap_stack
                0x20004ebc      0x604 load address 0x08006948
                0x20004ec0                        . = ALIGN (0x8)
 *fill*         0x20004ebc        0x4 
                [!provide]                        PROVIDE (end = .)
                0x20004ec0                        PROVIDE (_end = .)
                0x200050c0                        . = (. + _Min_Heap_Size)
 *fill*         0x20004ec0      0x200 
                0x200054c0                        . = (. + _Min_Stack_Size)
 *fill*         0x200050c0      0x400 
                0x200054c0                        . = ALIGN (0x8)

/DISCARD/
 libc.a(*)
 libm.a(*)
 libgcc.a(*)

.ARM.attributes
                0x00000000       0x30
 *(.ARM.attributes)
 .ARM.attributes
                0x00000000       0x22 D:/Program Files/en.st-stm32cubeide_1.16.1_22882_20240916_0822_x86_64.exe/STM32CubeIDE_1.16.1/STM32CubeIDE/plugins/com.st.stm32cube.ide.mcu.externaltools.gnu-tools-for-stm32.12.3.rel1.win32_1.0.200.202406191623/tools/bin/../lib/gcc/arm-none-eabi/12.3.1/thumb/v7e-m+fp/hard/crti.o
 .ARM.attributes
                0x00000022       0x34 D:/Program Files/en.st-stm32cubeide_1.16.1_22882_20240916_0822_x86_64.exe/STM32CubeIDE_1.16.1/STM32CubeIDE/plugins/com.st.stm32cube.ide.mcu.externaltools.gnu-tools-for-stm32.12.3.rel1.win32_1.0.200.202406191623/tools/bin/../lib/gcc/arm-none-eabi/12.3.1/thumb/v7e-m+fp/hard/crtbegin.o
 .ARM.attributes
                0x00000056       0x34 ./Core/Src/main.o
 .ARM.attributes
                0x0000008a       0x34 ./Core/Src/stm32f4xx_hal_msp.o
 .ARM.attributes
                0x000000be       0x34 ./Core/Src/stm32f4xx_hal_timebase_tim.o
 .ARM.attributes
                0x000000f2       0x34 ./Core/Src/stm32f4xx_it.o
 .ARM.attributes
                0x00000126       0x34 ./Core/Src/system_stm32f4xx.o
 .ARM.attributes
                0x0000015a       0x21 ./Core/Startup/startup_stm32f401rctx.o
 .ARM.attributes
                0x0000017b       0x34 ./Core/code/src/actuating/HAL/motor/motor.o
 .ARM.attributes
                0x000001af       0x34 ./Core/code/src/actuating/app/app.o
 .ARM.attributes
                0x000001e3       0x34 ./Core/code/src/communication/communication.o
 .ARM.attributes
                0x00000217       0x34 ./Core/code/src/communication/receiver/reception/reception.o
 .ARM.attributes
                0x0000024b       0x34 ./Core/code/src/communication/sender/formatter/serialization.o
 .ARM.attributes
                0x0000027f       0x34 ./Core/code/src/communication/sender/transmission/transmission.o
 .ARM.attributes
                0x000002b3       0x34 ./Core/code/src/perception/HAL/ultraSonic/ultraSonic.o
 .ARM.attributes
                0x000002e7       0x34 ./Core/code/src/perception/app/app.o
 .ARM.attributes
                0x0000031b       0x34 ./Drivers/STM32F4xx_HAL_Driver/Src/stm32f4xx_hal.o
 .ARM.attributes
                0x0000034f       0x34 ./Drivers/STM32F4xx_HAL_Driver/Src/stm32f4xx_hal_cortex.o
 .ARM.attributes
                0x00000383       0x34 ./Drivers/STM32F4xx_HAL_Driver/Src/stm32f4xx_hal_gpio.o
 .ARM.attributes
                0x000003b7       0x34 ./Drivers/STM32F4xx_HAL_Driver/Src/stm32f4xx_hal_rcc.o
 .ARM.attributes
                0x000003eb       0x34 ./Drivers/STM32F4xx_HAL_Driver/Src/stm32f4xx_hal_spi.o
 .ARM.attributes
                0x0000041f       0x34 ./Drivers/STM32F4xx_HAL_Driver/Src/stm32f4xx_hal_tim.o
 .ARM.attributes
                0x00000453       0x34 ./Drivers/STM32F4xx_HAL_Driver/Src/stm32f4xx_hal_tim_ex.o
 .ARM.attributes
                0x00000487       0x34 ./Middlewares/Third_Party/FreeRTOS/Source/CMSIS_RTOS_V2/cmsis_os2.o
 .ARM.attributes
                0x000004bb       0x34 ./Middlewares/Third_Party/FreeRTOS/Source/list.o
 .ARM.attributes
                0x000004ef       0x34 ./Middlewares/Third_Party/FreeRTOS/Source/queue.o
 .ARM.attributes
                0x00000523       0x34 ./Middlewares/Third_Party/FreeRTOS/Source/tasks.o
 .ARM.attributes
                0x00000557       0x34 ./Middlewares/Third_Party/FreeRTOS/Source/timers.o
 .ARM.attributes
                0x0000058b       0x34 ./Middlewares/Third_Party/FreeRTOS/Source/portable/GCC/ARM_CM4F/port.o
 .ARM.attributes
                0x000005bf       0x34 ./Middlewares/Third_Party/FreeRTOS/Source/portable/MemMang/heap_4.o
 .ARM.attributes
                0x000005f3       0x34 D:/Program Files/en.st-stm32cubeide_1.16.1_22882_20240916_0822_x86_64.exe/STM32CubeIDE_1.16.1/STM32CubeIDE/plugins/com.st.stm32cube.ide.mcu.externaltools.gnu-tools-for-stm32.12.3.rel1.win32_1.0.200.202406191623/tools/bin/../lib/gcc/arm-none-eabi/12.3.1/../../../../arm-none-eabi/lib/thumb/v7e-m+fp/hard\libc_nano.a(libc_a-findfp.o)
 .ARM.attributes
                0x00000627       0x34 D:/Program Files/en.st-stm32cubeide_1.16.1_22882_20240916_0822_x86_64.exe/STM32CubeIDE_1.16.1/STM32CubeIDE/plugins/com.st.stm32cube.ide.mcu.externaltools.gnu-tools-for-stm32.12.3.rel1.win32_1.0.200.202406191623/tools/bin/../lib/gcc/arm-none-eabi/12.3.1/../../../../arm-none-eabi/lib/thumb/v7e-m+fp/hard\libc_nano.a(libc_a-memset.o)
 .ARM.attributes
                0x0000065b       0x34 D:/Program Files/en.st-stm32cubeide_1.16.1_22882_20240916_0822_x86_64.exe/STM32CubeIDE_1.16.1/STM32CubeIDE/plugins/com.st.stm32cube.ide.mcu.externaltools.gnu-tools-for-stm32.12.3.rel1.win32_1.0.200.202406191623/tools/bin/../lib/gcc/arm-none-eabi/12.3.1/../../../../arm-none-eabi/lib/thumb/v7e-m+fp/hard\libc_nano.a(libc_a-reent.o)
 .ARM.attributes
                0x0000068f       0x34 D:/Program Files/en.st-stm32cubeide_1.16.1_22882_20240916_0822_x86_64.exe/STM32CubeIDE_1.16.1/STM32CubeIDE/plugins/com.st.stm32cube.ide.mcu.externaltools.gnu-tools-for-stm32.12.3.rel1.win32_1.0.200.202406191623/tools/bin/../lib/gcc/arm-none-eabi/12.3.1/../../../../arm-none-eabi/lib/thumb/v7e-m+fp/hard\libc_nano.a(libc_a-impure.o)
 .ARM.attributes
                0x000006c3       0x34 D:/Program Files/en.st-stm32cubeide_1.16.1_22882_20240916_0822_x86_64.exe/STM32CubeIDE_1.16.1/STM32CubeIDE/plugins/com.st.stm32cube.ide.mcu.externaltools.gnu-tools-for-stm32.12.3.rel1.win32_1.0.200.202406191623/tools/bin/../lib/gcc/arm-none-eabi/12.3.1/../../../../arm-none-eabi/lib/thumb/v7e-m+fp/hard\libc_nano.a(libc_a-init.o)
 .ARM.attributes
                0x000006f7       0x34 D:/Program Files/en.st-stm32cubeide_1.16.1_22882_20240916_0822_x86_64.exe/STM32CubeIDE_1.16.1/STM32CubeIDE/plugins/com.st.stm32cube.ide.mcu.externaltools.gnu-tools-for-stm32.12.3.rel1.win32_1.0.200.202406191623/tools/bin/../lib/gcc/arm-none-eabi/12.3.1/../../../../arm-none-eabi/lib/thumb/v7e-m+fp/hard\libc_nano.a(libc_a-lock.o)
 .ARM.attributes
                0x0000072b       0x34 D:/Program Files/en.st-stm32cubeide_1.16.1_22882_20240916_0822_x86_64.exe/STM32CubeIDE_1.16.1/STM32CubeIDE/plugins/com.st.stm32cube.ide.mcu.externaltools.gnu-tools-for-stm32.12.3.rel1.win32_1.0.200.202406191623/tools/bin/../lib/gcc/arm-none-eabi/12.3.1/../../../../arm-none-eabi/lib/thumb/v7e-m+fp/hard\libc_nano.a(libc_a-memcpy-stub.o)
 .ARM.attributes
                0x0000075f       0x34 D:/Program Files/en.st-stm32cubeide_1.16.1_22882_20240916_0822_x86_64.exe/STM32CubeIDE_1.16.1/STM32CubeIDE/plugins/com.st.stm32cube.ide.mcu.externaltools.gnu-tools-for-stm32.12.3.rel1.win32_1.0.200.202406191623/tools/bin/../lib/gcc/arm-none-eabi/12.3.1/../../../../arm-none-eabi/lib/thumb/v7e-m+fp/hard\libc_nano.a(libc_a-freer.o)
 .ARM.attributes
                0x00000793       0x34 D:/Program Files/en.st-stm32cubeide_1.16.1_22882_20240916_0822_x86_64.exe/STM32CubeIDE_1.16.1/STM32CubeIDE/plugins/com.st.stm32cube.ide.mcu.externaltools.gnu-tools-for-stm32.12.3.rel1.win32_1.0.200.202406191623/tools/bin/../lib/gcc/arm-none-eabi/12.3.1/../../../../arm-none-eabi/lib/thumb/v7e-m+fp/hard\libc_nano.a(libc_a-mallocr.o)
 .ARM.attributes
                0x000007c7       0x34 D:/Program Files/en.st-stm32cubeide_1.16.1_22882_20240916_0822_x86_64.exe/STM32CubeIDE_1.16.1/STM32CubeIDE/plugins/com.st.stm32cube.ide.mcu.externaltools.gnu-tools-for-stm32.12.3.rel1.win32_1.0.200.202406191623/tools/bin/../lib/gcc/arm-none-eabi/12.3.1/../../../../arm-none-eabi/lib/thumb/v7e-m+fp/hard\libc_nano.a(libc_a-mlock.o)
 .ARM.attributes
                0x000007fb       0x22 D:/Program Files/en.st-stm32cubeide_1.16.1_22882_20240916_0822_x86_64.exe/STM32CubeIDE_1.16.1/STM32CubeIDE/plugins/com.st.stm32cube.ide.mcu.externaltools.gnu-tools-for-stm32.12.3.rel1.win32_1.0.200.202406191623/tools/bin/../lib/gcc/arm-none-eabi/12.3.1/thumb/v7e-m+fp/hard\libgcc.a(_aeabi_uldivmod.o)
 .ARM.attributes
                0x0000081d       0x34 D:/Program Files/en.st-stm32cubeide_1.16.1_22882_20240916_0822_x86_64.exe/STM32CubeIDE_1.16.1/STM32CubeIDE/plugins/com.st.stm32cube.ide.mcu.externaltools.gnu-tools-for-stm32.12.3.rel1.win32_1.0.200.202406191623/tools/bin/../lib/gcc/arm-none-eabi/12.3.1/thumb/v7e-m+fp/hard\libgcc.a(_udivmoddi4.o)
 .ARM.attributes
                0x00000851       0x22 D:/Program Files/en.st-stm32cubeide_1.16.1_22882_20240916_0822_x86_64.exe/STM32CubeIDE_1.16.1/STM32CubeIDE/plugins/com.st.stm32cube.ide.mcu.externaltools.gnu-tools-for-stm32.12.3.rel1.win32_1.0.200.202406191623/tools/bin/../lib/gcc/arm-none-eabi/12.3.1/thumb/v7e-m+fp/hard\libgcc.a(_dvmd_tls.o)
 .ARM.attributes
                0x00000873       0x22 D:/Program Files/en.st-stm32cubeide_1.16.1_22882_20240916_0822_x86_64.exe/STM32CubeIDE_1.16.1/STM32CubeIDE/plugins/com.st.stm32cube.ide.mcu.externaltools.gnu-tools-for-stm32.12.3.rel1.win32_1.0.200.202406191623/tools/bin/../lib/gcc/arm-none-eabi/12.3.1/thumb/v7e-m+fp/hard/crtn.o
OUTPUT(ADASWithSDV.elf elf32-littlearm)
LOAD linker stubs
LOAD D:/Program Files/en.st-stm32cubeide_1.16.1_22882_20240916_0822_x86_64.exe/STM32CubeIDE_1.16.1/STM32CubeIDE/plugins/com.st.stm32cube.ide.mcu.externaltools.gnu-tools-for-stm32.12.3.rel1.win32_1.0.200.202406191623/tools/bin/../lib/gcc/arm-none-eabi/12.3.1/../../../../arm-none-eabi/lib/thumb/v7e-m+fp/hard\libc.a
LOAD D:/Program Files/en.st-stm32cubeide_1.16.1_22882_20240916_0822_x86_64.exe/STM32CubeIDE_1.16.1/STM32CubeIDE/plugins/com.st.stm32cube.ide.mcu.externaltools.gnu-tools-for-stm32.12.3.rel1.win32_1.0.200.202406191623/tools/bin/../lib/gcc/arm-none-eabi/12.3.1/../../../../arm-none-eabi/lib/thumb/v7e-m+fp/hard\libm.a
LOAD D:/Program Files/en.st-stm32cubeide_1.16.1_22882_20240916_0822_x86_64.exe/STM32CubeIDE_1.16.1/STM32CubeIDE/plugins/com.st.stm32cube.ide.mcu.externaltools.gnu-tools-for-stm32.12.3.rel1.win32_1.0.200.202406191623/tools/bin/../lib/gcc/arm-none-eabi/12.3.1/thumb/v7e-m+fp/hard\libgcc.a

.debug_info     0x00000000    0x18e6a
 .debug_info    0x00000000      0xc52 ./Core/Src/main.o
 .debug_info    0x00000c52      0xb05 ./Core/Src/stm32f4xx_hal_msp.o
 .debug_info    0x00001757      0xb6f ./Core/Src/stm32f4xx_hal_timebase_tim.o
 .debug_info    0x000022c6      0x6a4 ./Core/Src/stm32f4xx_it.o
 .debug_info    0x0000296a      0x53e ./Core/Src/system_stm32f4xx.o
 .debug_info    0x00002ea8       0x30 ./Core/Startup/startup_stm32f401rctx.o
 .debug_info    0x00002ed8      0xa95 ./Core/code/src/actuating/HAL/motor/motor.o
 .debug_info    0x0000396d      0xba0 ./Core/code/src/actuating/app/app.o
 .debug_info    0x0000450d      0x7e0 ./Core/code/src/communication/communication.o
 .debug_info    0x00004ced      0x679 ./Core/code/src/communication/receiver/reception/reception.o
 .debug_info    0x00005366      0x119 ./Core/code/src/communication/sender/formatter/serialization.o
 .debug_info    0x0000547f      0x6ea ./Core/code/src/communication/sender/transmission/transmission.o
 .debug_info    0x00005b69      0xd33 ./Core/code/src/perception/HAL/ultraSonic/ultraSonic.o
 .debug_info    0x0000689c      0xef4 ./Core/code/src/perception/app/app.o
 .debug_info    0x00007790      0x8bb ./Drivers/STM32F4xx_HAL_Driver/Src/stm32f4xx_hal.o
 .debug_info    0x0000804b      0xcf6 ./Drivers/STM32F4xx_HAL_Driver/Src/stm32f4xx_hal_cortex.o
 .debug_info    0x00008d41      0x6f9 ./Drivers/STM32F4xx_HAL_Driver/Src/stm32f4xx_hal_gpio.o
 .debug_info    0x0000943a      0x8f1 ./Drivers/STM32F4xx_HAL_Driver/Src/stm32f4xx_hal_rcc.o
 .debug_info    0x00009d2b     0x1530 ./Drivers/STM32F4xx_HAL_Driver/Src/stm32f4xx_hal_spi.o
 .debug_info    0x0000b25b     0x2996 ./Drivers/STM32F4xx_HAL_Driver/Src/stm32f4xx_hal_tim.o
 .debug_info    0x0000dbf1     0x14d4 ./Drivers/STM32F4xx_HAL_Driver/Src/stm32f4xx_hal_tim_ex.o
 .debug_info    0x0000f0c5     0x4073 ./Middlewares/Third_Party/FreeRTOS/Source/CMSIS_RTOS_V2/cmsis_os2.o
 .debug_info    0x00013138      0x2af ./Middlewares/Third_Party/FreeRTOS/Source/list.o
 .debug_info    0x000133e7     0x164a ./Middlewares/Third_Party/FreeRTOS/Source/queue.o
 .debug_info    0x00014a31     0x23f7 ./Middlewares/Third_Party/FreeRTOS/Source/tasks.o
 .debug_info    0x00016e28     0x190f ./Middlewares/Third_Party/FreeRTOS/Source/timers.o
 .debug_info    0x00018737      0x300 ./Middlewares/Third_Party/FreeRTOS/Source/portable/GCC/ARM_CM4F/port.o
 .debug_info    0x00018a37      0x433 ./Middlewares/Third_Party/FreeRTOS/Source/portable/MemMang/heap_4.o

.debug_abbrev   0x00000000     0x3d9e
 .debug_abbrev  0x00000000      0x260 ./Core/Src/main.o
 .debug_abbrev  0x00000260      0x1c9 ./Core/Src/stm32f4xx_hal_msp.o
 .debug_abbrev  0x00000429      0x207 ./Core/Src/stm32f4xx_hal_timebase_tim.o
 .debug_abbrev  0x00000630      0x190 ./Core/Src/stm32f4xx_it.o
 .debug_abbrev  0x000007c0      0x11a ./Core/Src/system_stm32f4xx.o
 .debug_abbrev  0x000008da       0x24 ./Core/Startup/startup_stm32f401rctx.o
 .debug_abbrev  0x000008fe      0x1fc ./Core/code/src/actuating/HAL/motor/motor.o
 .debug_abbrev  0x00000afa      0x20e ./Core/code/src/actuating/app/app.o
 .debug_abbrev  0x00000d08      0x1d9 ./Core/code/src/communication/communication.o
 .debug_abbrev  0x00000ee1      0x19d ./Core/code/src/communication/receiver/reception/reception.o
 .debug_abbrev  0x0000107e       0xa5 ./Core/code/src/communication/sender/formatter/serialization.o
 .debug_abbrev  0x00001123      0x1d2 ./Core/code/src/communication/sender/transmission/transmission.o
 .debug_abbrev  0x000012f5      0x220 ./Core/code/src/perception/HAL/ultraSonic/ultraSonic.o
 .debug_abbrev  0x00001515      0x21c ./Core/code/src/perception/app/app.o
 .debug_abbrev  0x00001731      0x24b ./Drivers/STM32F4xx_HAL_Driver/Src/stm32f4xx_hal.o
 .debug_abbrev  0x0000197c      0x31d ./Drivers/STM32F4xx_HAL_Driver/Src/stm32f4xx_hal_cortex.o
 .debug_abbrev  0x00001c99      0x1d3 ./Drivers/STM32F4xx_HAL_Driver/Src/stm32f4xx_hal_gpio.o
 .debug_abbrev  0x00001e6c      0x2b6 ./Drivers/STM32F4xx_HAL_Driver/Src/stm32f4xx_hal_rcc.o
 .debug_abbrev  0x00002122      0x276 ./Drivers/STM32F4xx_HAL_Driver/Src/stm32f4xx_hal_spi.o
 .debug_abbrev  0x00002398      0x28b ./Drivers/STM32F4xx_HAL_Driver/Src/stm32f4xx_hal_tim.o
 .debug_abbrev  0x00002623      0x296 ./Drivers/STM32F4xx_HAL_Driver/Src/stm32f4xx_hal_tim_ex.o
 .debug_abbrev  0x000028b9      0x548 ./Middlewares/Third_Party/FreeRTOS/Source/CMSIS_RTOS_V2/cmsis_os2.o
 .debug_abbrev  0x00002e01       0xf5 ./Middlewares/Third_Party/FreeRTOS/Source/list.o
 .debug_abbrev  0x00002ef6      0x3a6 ./Middlewares/Third_Party/FreeRTOS/Source/queue.o
 .debug_abbrev  0x0000329c      0x3fe ./Middlewares/Third_Party/FreeRTOS/Source/tasks.o
 .debug_abbrev  0x0000369a      0x328 ./Middlewares/Third_Party/FreeRTOS/Source/timers.o
 .debug_abbrev  0x000039c2      0x223 ./Middlewares/Third_Party/FreeRTOS/Source/portable/GCC/ARM_CM4F/port.o
 .debug_abbrev  0x00003be5      0x1b9 ./Middlewares/Third_Party/FreeRTOS/Source/portable/MemMang/heap_4.o

.debug_aranges  0x00000000     0x14f8
 .debug_aranges
                0x00000000       0x40 ./Core/Src/main.o
 .debug_aranges
                0x00000040       0x30 ./Core/Src/stm32f4xx_hal_msp.o
 .debug_aranges
                0x00000070       0x30 ./Core/Src/stm32f4xx_hal_timebase_tim.o
 .debug_aranges
                0x000000a0       0x50 ./Core/Src/stm32f4xx_it.o
 .debug_aranges
                0x000000f0       0x28 ./Core/Src/system_stm32f4xx.o
 .debug_aranges
                0x00000118       0x28 ./Core/Startup/startup_stm32f401rctx.o
 .debug_aranges
                0x00000140       0x40 ./Core/code/src/actuating/HAL/motor/motor.o
 .debug_aranges
                0x00000180       0x30 ./Core/code/src/actuating/app/app.o
 .debug_aranges
                0x000001b0       0x38 ./Core/code/src/communication/communication.o
 .debug_aranges
                0x000001e8       0x20 ./Core/code/src/communication/receiver/reception/reception.o
 .debug_aranges
                0x00000208       0x20 ./Core/code/src/communication/sender/formatter/serialization.o
 .debug_aranges
                0x00000228       0x38 ./Core/code/src/communication/sender/transmission/transmission.o
 .debug_aranges
                0x00000260       0x40 ./Core/code/src/perception/HAL/ultraSonic/ultraSonic.o
 .debug_aranges
                0x000002a0       0x40 ./Core/code/src/perception/app/app.o
 .debug_aranges
                0x000002e0       0xf0 ./Drivers/STM32F4xx_HAL_Driver/Src/stm32f4xx_hal.o
 .debug_aranges
                0x000003d0      0x130 ./Drivers/STM32F4xx_HAL_Driver/Src/stm32f4xx_hal_cortex.o
 .debug_aranges
                0x00000500       0x58 ./Drivers/STM32F4xx_HAL_Driver/Src/stm32f4xx_hal_gpio.o
 .debug_aranges
                0x00000558       0x88 ./Drivers/STM32F4xx_HAL_Driver/Src/stm32f4xx_hal_rcc.o
 .debug_aranges
                0x000005e0      0x1d0 ./Drivers/STM32F4xx_HAL_Driver/Src/stm32f4xx_hal_spi.o
 .debug_aranges
                0x000007b0      0x3d0 ./Drivers/STM32F4xx_HAL_Driver/Src/stm32f4xx_hal_tim.o
 .debug_aranges
                0x00000b80      0x168 ./Drivers/STM32F4xx_HAL_Driver/Src/stm32f4xx_hal_tim_ex.o
 .debug_aranges
                0x00000ce8      0x2b0 ./Middlewares/Third_Party/FreeRTOS/Source/CMSIS_RTOS_V2/cmsis_os2.o
 .debug_aranges
                0x00000f98       0x40 ./Middlewares/Third_Party/FreeRTOS/Source/list.o
 .debug_aranges
                0x00000fd8      0x158 ./Middlewares/Third_Party/FreeRTOS/Source/queue.o
 .debug_aranges
                0x00001130      0x208 ./Middlewares/Third_Party/FreeRTOS/Source/tasks.o
 .debug_aranges
                0x00001338       0xf0 ./Middlewares/Third_Party/FreeRTOS/Source/timers.o
 .debug_aranges
                0x00001428       0x78 ./Middlewares/Third_Party/FreeRTOS/Source/portable/GCC/ARM_CM4F/port.o
 .debug_aranges
                0x000014a0       0x58 ./Middlewares/Third_Party/FreeRTOS/Source/portable/MemMang/heap_4.o

.debug_rnglists
                0x00000000     0x1000
 .debug_rnglists
                0x00000000       0x2d ./Core/Src/main.o
 .debug_rnglists
                0x0000002d       0x20 ./Core/Src/stm32f4xx_hal_msp.o
 .debug_rnglists
                0x0000004d       0x20 ./Core/Src/stm32f4xx_hal_timebase_tim.o
 .debug_rnglists
                0x0000006d       0x37 ./Core/Src/stm32f4xx_it.o
 .debug_rnglists
                0x000000a4       0x1a ./Core/Src/system_stm32f4xx.o
 .debug_rnglists
                0x000000be       0x19 ./Core/Startup/startup_stm32f401rctx.o
 .debug_rnglists
                0x000000d7       0x2e ./Core/code/src/actuating/HAL/motor/motor.o
 .debug_rnglists
                0x00000105       0x20 ./Core/code/src/actuating/app/app.o
 .debug_rnglists
                0x00000125       0x26 ./Core/code/src/communication/communication.o
 .debug_rnglists
                0x0000014b       0x13 ./Core/code/src/communication/receiver/reception/reception.o
 .debug_rnglists
                0x0000015e       0x13 ./Core/code/src/communication/sender/formatter/serialization.o
 .debug_rnglists
                0x00000171       0x25 ./Core/code/src/communication/sender/transmission/transmission.o
 .debug_rnglists
                0x00000196       0x2c ./Core/code/src/perception/HAL/ultraSonic/ultraSonic.o
 .debug_rnglists
                0x000001c2       0x2c ./Core/code/src/perception/app/app.o
 .debug_rnglists
                0x000001ee       0xaf ./Drivers/STM32F4xx_HAL_Driver/Src/stm32f4xx_hal.o
 .debug_rnglists
                0x0000029d       0xe0 ./Drivers/STM32F4xx_HAL_Driver/Src/stm32f4xx_hal_cortex.o
 .debug_rnglists
                0x0000037d       0x3f ./Drivers/STM32F4xx_HAL_Driver/Src/stm32f4xx_hal_gpio.o
 .debug_rnglists
                0x000003bc       0x66 ./Drivers/STM32F4xx_HAL_Driver/Src/stm32f4xx_hal_rcc.o
 .debug_rnglists
                0x00000422      0x16f ./Drivers/STM32F4xx_HAL_Driver/Src/stm32f4xx_hal_spi.o
 .debug_rnglists
                0x00000591      0x31a ./Drivers/STM32F4xx_HAL_Driver/Src/stm32f4xx_hal_tim.o
 .debug_rnglists
                0x000008ab      0x125 ./Drivers/STM32F4xx_HAL_Driver/Src/stm32f4xx_hal_tim_ex.o
 .debug_rnglists
                0x000009d0      0x212 ./Middlewares/Third_Party/FreeRTOS/Source/CMSIS_RTOS_V2/cmsis_os2.o
 .debug_rnglists
                0x00000be2       0x2b ./Middlewares/Third_Party/FreeRTOS/Source/list.o
 .debug_rnglists
                0x00000c0d      0x107 ./Middlewares/Third_Party/FreeRTOS/Source/queue.o
 .debug_rnglists
                0x00000d14      0x19f ./Middlewares/Third_Party/FreeRTOS/Source/tasks.o
 .debug_rnglists
                0x00000eb3       0xb6 ./Middlewares/Third_Party/FreeRTOS/Source/timers.o
 .debug_rnglists
                0x00000f69       0x55 ./Middlewares/Third_Party/FreeRTOS/Source/portable/GCC/ARM_CM4F/port.o
 .debug_rnglists
                0x00000fbe       0x42 ./Middlewares/Third_Party/FreeRTOS/Source/portable/MemMang/heap_4.o

.debug_macro    0x00000000     0x40e4
 .debug_macro   0x00000000      0x321 ./Core/Src/main.o
 .debug_macro   0x00000321      0x168 ./Core/Src/main.o
 .debug_macro   0x00000489       0x66 ./Core/Src/main.o
 .debug_macro   0x000004ef       0x74 ./Core/Src/main.o
 .debug_macro   0x00000563       0xdd ./Core/Src/main.o
 .debug_macro   0x00000640       0x4c ./Core/Src/main.o
 .debug_macro   0x0000068c       0x10 ./Core/Src/main.o
 .debug_macro   0x0000069c      0x1d8 ./Core/Src/stm32f4xx_hal_msp.o
 .debug_macro   0x00000874      0x1ce ./Core/Src/stm32f4xx_hal_timebase_tim.o
 .debug_macro   0x00000a42      0x1e2 ./Core/Src/stm32f4xx_it.o
 .debug_macro   0x00000c24      0x1ce ./Core/Src/system_stm32f4xx.o
 .debug_macro   0x00000df2      0x1d7 ./Core/code/src/actuating/HAL/motor/motor.o
 .debug_macro   0x00000fc9       0x3a ./Core/code/src/actuating/HAL/motor/motor.o
 .debug_macro   0x00001003      0x317 ./Core/code/src/actuating/app/app.o
 .debug_macro   0x0000131a      0x1d7 ./Core/code/src/communication/communication.o
 .debug_macro   0x000014f1      0x1e1 ./Core/code/src/communication/receiver/reception/reception.o
 .debug_macro   0x000016d2       0x77 ./Core/code/src/communication/sender/formatter/serialization.o
 .debug_macro   0x00001749      0x1eb ./Core/code/src/communication/sender/transmission/transmission.o
 .debug_macro   0x00001934       0x1c ./Core/code/src/communication/sender/transmission/transmission.o
 .debug_macro   0x00001950      0x1d7 ./Core/code/src/perception/HAL/ultraSonic/ultraSonic.o
 .debug_macro   0x00001b27       0x8e ./Core/code/src/perception/HAL/ultraSonic/ultraSonic.o
 .debug_macro   0x00001bb5      0x32a ./Core/code/src/perception/app/app.o
 .debug_macro   0x00001edf      0x22e ./Drivers/STM32F4xx_HAL_Driver/Src/stm32f4xx_hal.o
 .debug_macro   0x0000210d      0x1ce ./Drivers/STM32F4xx_HAL_Driver/Src/stm32f4xx_hal_cortex.o
 .debug_macro   0x000022db      0x1d4 ./Drivers/STM32F4xx_HAL_Driver/Src/stm32f4xx_hal_gpio.o
 .debug_macro   0x000024af      0x1f2 ./Drivers/STM32F4xx_HAL_Driver/Src/stm32f4xx_hal_rcc.o
 .debug_macro   0x000026a1      0x1dd ./Drivers/STM32F4xx_HAL_Driver/Src/stm32f4xx_hal_spi.o
 .debug_macro   0x0000287e      0x1cf ./Drivers/STM32F4xx_HAL_Driver/Src/stm32f4xx_hal_tim.o
 .debug_macro   0x00002a4d      0x1ce ./Drivers/STM32F4xx_HAL_Driver/Src/stm32f4xx_hal_tim_ex.o
 .debug_macro   0x00002c1b      0x3d7 ./Middlewares/Third_Party/FreeRTOS/Source/CMSIS_RTOS_V2/cmsis_os2.o
 .debug_macro   0x00002ff2       0x10 ./Middlewares/Third_Party/FreeRTOS/Source/CMSIS_RTOS_V2/cmsis_os2.o
 .debug_macro   0x00003002       0x20 ./Middlewares/Third_Party/FreeRTOS/Source/CMSIS_RTOS_V2/cmsis_os2.o
 .debug_macro   0x00003022       0x10 ./Middlewares/Third_Party/FreeRTOS/Source/CMSIS_RTOS_V2/cmsis_os2.o
 .debug_macro   0x00003032       0xf5 ./Middlewares/Third_Party/FreeRTOS/Source/CMSIS_RTOS_V2/cmsis_os2.o
 .debug_macro   0x00003127       0x16 ./Middlewares/Third_Party/FreeRTOS/Source/CMSIS_RTOS_V2/cmsis_os2.o
 .debug_macro   0x0000313d       0x91 ./Middlewares/Third_Party/FreeRTOS/Source/CMSIS_RTOS_V2/cmsis_os2.o
 .debug_macro   0x000031ce       0x8d ./Middlewares/Third_Party/FreeRTOS/Source/CMSIS_RTOS_V2/cmsis_os2.o
 .debug_macro   0x0000325b       0x9a ./Middlewares/Third_Party/FreeRTOS/Source/CMSIS_RTOS_V2/cmsis_os2.o
 .debug_macro   0x000032f5       0x22 ./Middlewares/Third_Party/FreeRTOS/Source/CMSIS_RTOS_V2/cmsis_os2.o
 .debug_macro   0x00003317       0x56 ./Middlewares/Third_Party/FreeRTOS/Source/CMSIS_RTOS_V2/cmsis_os2.o
 .debug_macro   0x0000336d      0x199 ./Middlewares/Third_Party/FreeRTOS/Source/list.o
 .debug_macro   0x00003506      0x228 ./Middlewares/Third_Party/FreeRTOS/Source/queue.o
 .debug_macro   0x0000372e       0x16 ./Middlewares/Third_Party/FreeRTOS/Source/queue.o
 .debug_macro   0x00003744       0x87 ./Middlewares/Third_Party/FreeRTOS/Source/queue.o
 .debug_macro   0x000037cb      0x291 ./Middlewares/Third_Party/FreeRTOS/Source/tasks.o
 .debug_macro   0x00003a5c       0x10 ./Middlewares/Third_Party/FreeRTOS/Source/tasks.o
 .debug_macro   0x00003a6c      0x1ee ./Middlewares/Third_Party/FreeRTOS/Source/timers.o
 .debug_macro   0x00003c5a       0x97 ./Middlewares/Third_Party/FreeRTOS/Source/timers.o
 .debug_macro   0x00003cf1      0x233 ./Middlewares/Third_Party/FreeRTOS/Source/portable/GCC/ARM_CM4F/port.o
 .debug_macro   0x00003f24      0x1c0 ./Middlewares/Third_Party/FreeRTOS/Source/portable/MemMang/heap_4.o

.debug_line     0x00000000    0x1adfc
 .debug_line    0x00000000      0xcd5 ./Core/Src/main.o
 .debug_line    0x00000cd5      0x914 ./Core/Src/stm32f4xx_hal_msp.o
 .debug_line    0x000015e9      0x933 ./Core/Src/stm32f4xx_hal_timebase_tim.o
 .debug_line    0x00001f1c      0x962 ./Core/Src/stm32f4xx_it.o
 .debug_line    0x0000287e      0x94a ./Core/Src/system_stm32f4xx.o
 .debug_line    0x000031c8       0x7a ./Core/Startup/startup_stm32f401rctx.o
 .debug_line    0x00003242      0xa59 ./Core/code/src/actuating/HAL/motor/motor.o
 .debug_line    0x00003c9b      0xc9a ./Core/code/src/actuating/app/app.o
 .debug_line    0x00004935      0x9a2 ./Core/code/src/communication/communication.o
 .debug_line    0x000052d7      0x98b ./Core/code/src/communication/receiver/reception/reception.o
 .debug_line    0x00005c62      0x656 ./Core/code/src/communication/sender/formatter/serialization.o
 .debug_line    0x000062b8      0xa1c ./Core/code/src/communication/sender/transmission/transmission.o
 .debug_line    0x00006cd4      0xa4f ./Core/code/src/perception/HAL/ultraSonic/ultraSonic.o
 .debug_line    0x00007723      0xdc0 ./Core/code/src/perception/app/app.o
 .debug_line    0x000084e3      0xbb3 ./Drivers/STM32F4xx_HAL_Driver/Src/stm32f4xx_hal.o
 .debug_line    0x00009096      0xea5 ./Drivers/STM32F4xx_HAL_Driver/Src/stm32f4xx_hal_cortex.o
 .debug_line    0x00009f3b      0xd03 ./Drivers/STM32F4xx_HAL_Driver/Src/stm32f4xx_hal_gpio.o
 .debug_line    0x0000ac3e      0xf3c ./Drivers/STM32F4xx_HAL_Driver/Src/stm32f4xx_hal_rcc.o
 .debug_line    0x0000bb7a     0x1ed1 ./Drivers/STM32F4xx_HAL_Driver/Src/stm32f4xx_hal_spi.o
 .debug_line    0x0000da4b     0x3731 ./Drivers/STM32F4xx_HAL_Driver/Src/stm32f4xx_hal_tim.o
 .debug_line    0x0001117c     0x1b44 ./Drivers/STM32F4xx_HAL_Driver/Src/stm32f4xx_hal_tim_ex.o
 .debug_line    0x00012cc0     0x255f ./Middlewares/Third_Party/FreeRTOS/Source/CMSIS_RTOS_V2/cmsis_os2.o