Archive member included to satisfy reference by file (symbol)

D:/Program Files/en.st-stm32cubeide_1.16.1_22882_20240916_0822_x86_64.exe/STM32CubeIDE_1.16.1/STM32CubeIDE/plugins/com.st.stm32cube.ide.mcu.externaltools.gnu-tools-for-stm32.12.3.rel1.win32_1.0.200.202406191623/tools/bin/../lib/gcc/arm-none-eabi/12.3.1/../../../../arm-none-eabi/lib/thumb/v7e-m+fp/hard\libc_nano.a(libc_a-exit.o)
                              D:/Program Files/en.st-stm32cubeide_1.16.1_22882_20240916_0822_x86_64.exe/STM32CubeIDE_1.16.1/STM32CubeIDE/plugins/com.st.stm32cube.ide.mcu.externaltools.gnu-tools-for-stm32.12.3.rel1.win32_1.0.200.202406191623/tools/bin/../lib/gcc/arm-none-eabi/12.3.1/../../../../arm-none-eabi/lib/thumb/v7e-m+fp/hard/crt0.o (exit)
D:/Program Files/en.st-stm32cubeide_1.16.1_22882_20240916_0822_x86_64.exe/STM32CubeIDE_1.16.1/STM32CubeIDE/plugins/com.st.stm32cube.ide.mcu.externaltools.gnu-tools-for-stm32.12.3.rel1.win32_1.0.200.202406191623/tools/bin/../lib/gcc/arm-none-eabi/12.3.1/../../../../arm-none-eabi/lib/thumb/v7e-m+fp/hard\libc_nano.a(libc_a-findfp.o)
                              ./Middlewares/Third_Party/FreeRTOS/Source/tasks.o (__sf)
D:/Program Files/en.st-stm32cubeide_1.16.1_22882_20240916_0822_x86_64.exe/STM32CubeIDE_1.16.1/STM32CubeIDE/plugins/com.st.stm32cube.ide.mcu.externaltools.gnu-tools-for-stm32.12.3.rel1.win32_1.0.200.202406191623/tools/bin/../lib/gcc/arm-none-eabi/12.3.1/../../../../arm-none-eabi/lib/thumb/v7e-m+fp/hard\libc_nano.a(libc_a-fwalk.o)
                              D:/Program Files/en.st-stm32cubeide_1.16.1_22882_20240916_0822_x86_64.exe/STM32CubeIDE_1.16.1/STM32CubeIDE/plugins/com.st.stm32cube.ide.mcu.externaltools.gnu-tools-for-stm32.12.3.rel1.win32_1.0.200.202406191623/tools/bin/../lib/gcc/arm-none-eabi/12.3.1/../../../../arm-none-eabi/lib/thumb/v7e-m+fp/hard\libc_nano.a(libc_a-findfp.o) (_fwalk_sglue)
D:/Program Files/en.st-stm32cubeide_1.16.1_22882_20240916_0822_x86_64.exe/STM32CubeIDE_1.16.1/STM32CubeIDE/plugins/com.st.stm32cube.ide.mcu.externaltools.gnu-tools-for-stm32.12.3.rel1.win32_1.0.200.202406191623/tools/bin/../lib/gcc/arm-none-eabi/12.3.1/../../../../arm-none-eabi/lib/thumb/v7e-m+fp/hard\libc_nano.a(libc_a-stdio.o)
                              D:/Program Files/en.st-stm32cubeide_1.16.1_22882_20240916_0822_x86_64.exe/STM32CubeIDE_1.16.1/STM32CubeIDE/plugins/com.st.stm32cube.ide.mcu.externaltools.gnu-tools-for-stm32.12.3.rel1.win32_1.0.200.202406191623/tools/bin/../lib/gcc/arm-none-eabi/12.3.1/../../../../arm-none-eabi/lib/thumb/v7e-m+fp/hard\libc_nano.a(libc_a-findfp.o) (__sread)
D:/Program Files/en.st-stm32cubeide_1.16.1_22882_20240916_0822_x86_64.exe/STM32CubeIDE_1.16.1/STM32CubeIDE/plugins/com.st.stm32cube.ide.mcu.externaltools.gnu-tools-for-stm32.12.3.rel1.win32_1.0.200.202406191623/tools/bin/../lib/gcc/arm-none-eabi/12.3.1/../../../../arm-none-eabi/lib/thumb/v7e-m+fp/hard\libc_nano.a(libc_a-memset.o)
                              D:/Program Files/en.st-stm32cubeide_1.16.1_22882_20240916_0822_x86_64.exe/STM32CubeIDE_1.16.1/STM32CubeIDE/plugins/com.st.stm32cube.ide.mcu.externaltools.gnu-tools-for-stm32.12.3.rel1.win32_1.0.200.202406191623/tools/bin/../lib/gcc/arm-none-eabi/12.3.1/../../../../arm-none-eabi/lib/thumb/v7e-m+fp/hard/crt0.o (memset)
D:/Program Files/en.st-stm32cubeide_1.16.1_22882_20240916_0822_x86_64.exe/STM32CubeIDE_1.16.1/STM32CubeIDE/plugins/com.st.stm32cube.ide.mcu.externaltools.gnu-tools-for-stm32.12.3.rel1.win32_1.0.200.202406191623/tools/bin/../lib/gcc/arm-none-eabi/12.3.1/../../../../arm-none-eabi/lib/thumb/v7e-m+fp/hard\libc_nano.a(libc_a-closer.o)
                              D:/Program Files/en.st-stm32cubeide_1.16.1_22882_20240916_0822_x86_64.exe/STM32CubeIDE_1.16.1/STM32CubeIDE/plugins/com.st.stm32cube.ide.mcu.externaltools.gnu-tools-for-stm32.12.3.rel1.win32_1.0.200.202406191623/tools/bin/../lib/gcc/arm-none-eabi/12.3.1/../../../../arm-none-eabi/lib/thumb/v7e-m+fp/hard\libc_nano.a(libc_a-stdio.o) (_close_r)
D:/Program Files/en.st-stm32cubeide_1.16.1_22882_20240916_0822_x86_64.exe/STM32CubeIDE_1.16.1/STM32CubeIDE/plugins/com.st.stm32cube.ide.mcu.externaltools.gnu-tools-for-stm32.12.3.rel1.win32_1.0.200.202406191623/tools/bin/../lib/gcc/arm-none-eabi/12.3.1/../../../../arm-none-eabi/lib/thumb/v7e-m+fp/hard\libc_nano.a(libc_a-reent.o)
                              ./Middlewares/Third_Party/FreeRTOS/Source/tasks.o (_reclaim_reent)
D:/Program Files/en.st-stm32cubeide_1.16.1_22882_20240916_0822_x86_64.exe/STM32CubeIDE_1.16.1/STM32CubeIDE/plugins/com.st.stm32cube.ide.mcu.externaltools.gnu-tools-for-stm32.12.3.rel1.win32_1.0.200.202406191623/tools/bin/../lib/gcc/arm-none-eabi/12.3.1/../../../../arm-none-eabi/lib/thumb/v7e-m+fp/hard\libc_nano.a(libc_a-impure.o)
                              ./Middlewares/Third_Party/FreeRTOS/Source/tasks.o (_impure_ptr)
[...]
Memory Configuration

Name             Origin             Length             Attributes
RAM              0x20000000         0x00010000         xrw
FLASH            0x08000000         0x00040000         xr
*default*        0x00000000         0xffffffff

Linker script and memory map

LOAD D:/Program Files/en.st-stm32cubeide_1.16.1_22882_20240916_0822_x86_64.exe/STM32CubeIDE_1.16.1/STM32CubeIDE/plugins/com.st.stm32cube.ide.mcu.externaltools.gnu-tools-for-stm32.12.3.rel1.win32_1.0.200.202406191623/tools/bin/../lib/gcc/arm-none-eabi/12.3.1/thumb/v7e-m+fp/hard/crti.o
LOAD D:/Program Files/en.st-stm32cubeide_1.16.1_22882_20240916_0822_x86_64.exe/STM32CubeIDE_1.16.1/STM32CubeIDE/plugins/com.st.stm32cube.ide.mcu.externaltools.gnu-tools-for-stm32.12.3.rel1.win32_1.0.200.202406191623/tools/bin/../lib/gcc/arm-none-eabi/12.3.1/thumb/v7e-m+fp/hard/crtbegin.o
LOAD D:/Program Files/en.st-stm32cubeide_1.16.1_22882_20240916_0822_x86_64.exe/STM32CubeIDE_1.16.1/STM32CubeIDE/plugins/com.st.stm32cube.ide.mcu.externaltools.gnu-tools-for-stm32.12.3.rel1.win32_1.0.200.202406191623/tools/bin/../lib/gcc/arm-none-eabi/12.3.1/../../../../arm-none-eabi/lib/thumb/v7e-m+fp/hard/crt0.o
LOAD ./Core/Src/freertos.o
LOAD ./Core/Src/main.o
LOAD ./Core/Src/stm32f4xx_hal_msp.o
LOAD ./Core/Src/stm32f4xx_hal_timebase_tim.o
LOAD ./Core/Src/stm32f4xx_it.o
LOAD ./Core/Src/syscalls.o
LOAD ./Core/Src/sysmem.o
LOAD ./Core/Src/system_stm32f4xx.o
LOAD ./Core/Startup/startup_stm32f401rctx.o
LOAD ./Core/code/src/actuating/HAL/motor/motor.o
LOAD ./Core/code/src/actuating/app/app.o
LOAD ./Core/code/src/communication/communication.o
LOAD ./Core/code/src/communication/receiver/reception/reception.o
LOAD ./Core/code/src/communication/sender/formatter/serialization.o
LOAD ./Core/code/src/communication/sender/transmission/transmission.o
LOAD ./Core/code/src/perception/HAL/ultraSonic/ultraSonic.o
LOAD ./Core/code/src/perception/app/app.o
LOAD ./Core/code/src/utils/utils.o
LOAD ./Drivers/STM32F4xx_HAL_Driver/Src/stm32f4xx_hal.o
LOAD ./Drivers/STM32F4xx_HAL_Driver/Src/stm32f4xx_hal_cortex.o
LOAD ./Drivers/STM32F4xx_HAL_Driver/Src/stm32f4xx_hal_dma.o
LOAD ./Drivers/STM32F4xx_HAL_Driver/Src/stm32f4xx_hal_dma_ex.o
LOAD ./Drivers/STM32F4xx_HAL_Driver/Src/stm32f4xx_hal_exti.o
LOAD ./Drivers/STM32F4xx_HAL_Driver/Src/stm32f4xx_hal_flash.o
LOAD ./Drivers/STM32F4xx_HAL_Driver/Src/stm32f4xx_hal_flash_ex.o
LOAD ./Drivers/STM32F4xx_HAL_Driver/Src/stm32f4xx_hal_flash_ramfunc.o
LOAD ./Drivers/STM32F4xx_HAL_Driver/Src/stm32f4xx_hal_gpio.o
LOAD ./Drivers/STM32F4xx_HAL_Driver/Src/stm32f4xx_hal_pwr.o
LOAD ./Drivers/STM32F4xx_HAL_Driver/Src/stm32f4xx_hal_pwr_ex.o
LOAD ./Drivers/STM32F4xx_HAL_Driver/Src/stm32f4xx_hal_rcc.o
LOAD ./Drivers/STM32F4xx_HAL_Driver/Src/stm32f4xx_hal_rcc_ex.o
LOAD ./Drivers/STM32F4xx_HAL_Driver/Src/stm32f4xx_hal_spi.o
LOAD ./Drivers/STM32F4xx_HAL_Driver/Src/stm32f4xx_hal_tim.o
LOAD ./Drivers/STM32F4xx_HAL_Driver/Src/stm32f4xx_hal_tim_ex.o
LOAD ./Middlewares/Third_Party/FreeRTOS/Source/CMSIS_RTOS_V2/cmsis_os2.o
LOAD ./Middlewares/Third_Party/FreeRTOS/Source/croutine.o
LOAD ./Middlewares/Third_Party/FreeRTOS/Source/event_groups.o
LOAD ./Middlewares/Third_Party/FreeRTOS/Source/list.o
LOAD ./Middlewares/Third_Party/FreeRTOS/Source/queue.o
LOAD ./Middlewares/Third_Party/FreeRTOS/Source/stream_buffer.o
LOAD ./Middlewares/Third_Party/FreeRTOS/Source/tasks.o
LOAD ./Middlewares/Third_Party/FreeRTOS/Source/timers.o
LOAD ./Middlewares/Third_Party/FreeRTOS/Source/portable/GCC/ARM_CM4F/port.o
LOAD ./Middlewares/Third_Party/FreeRTOS/Source/portable/MemMang/heap_4.o
START GROUP
LOAD D:/Program Files/en.st-stm32cubeide_1.16.1_22882_20240916_0822_x86_64.exe/STM32CubeIDE_1.16.1/STM32CubeIDE/plugins/com.st.stm32cube.ide.mcu.externaltools.gnu-tools-for-stm32.12.3.rel1.win32_1.0.200.202406191623/tools/bin/../lib/gcc/arm-none-eabi/12.3.1/../../../../arm-none-eabi/lib/thumb/v7e-m+fp/hard\libc_nano.a
LOAD D:/Program Files/en.st-stm32cubeide_1.16.1_22882_20240916_0822_x86_64.exe/STM32CubeIDE_1.16.1/STM32CubeIDE/plugins/com.st.stm32cube.ide.mcu.externaltools.gnu-tools-for-stm32.12.3.rel1.win32_1.0.200.202406191623/tools/bin/../lib/gcc/arm-none-eabi/12.3.1/../../../../arm-none-eabi/lib/thumb/v7e-m+fp/hard\libm.a
END GROUP
START GROUP
LOAD D:/Program Files/en.st-stm32cubeide_1.16.1_22882_20240916_0822_x86_64.exe/STM32CubeIDE_1.16.1/STM32CubeIDE/plugins/com.st.stm32cube.ide.mcu.externaltools.gnu-tools-for-stm32.12.3.rel1.win32_1.0.200.202406191623/tools/bin/../lib/gcc/arm-none-eabi/12.3.1/thumb/v7e-m+fp/hard\libgcc.a
LOAD D:/Program Files/en.st-stm32cubeide_1.16.1_22882_20240916_0822_x86_64.exe/STM32CubeIDE_1.16.1/STM32CubeIDE/plugins/com.st.stm32cube.ide.mcu.externaltools.gnu-tools-for-stm32.12.3.rel1.win32_1.0.200.202406191623/tools/bin/../lib/gcc/arm-none-eabi/12.3.1/../../../../arm-none-eabi/lib/thumb/v7e-m+fp/hard\libc_nano.a
END GROUP
START GROUP
LOAD D:/Program Files/en.st-stm32cubeide_1.16.1_22882_20240916_0822_x86_64.exe/STM32CubeIDE_1.16.1/STM32CubeIDE/plugins/com.st.stm32cube.ide.mcu.externaltools.gnu-tools-for-stm32.12.3.rel1.win32_1.0.200.202406191623/tools/bin/../lib/gcc/arm-none-eabi/12.3.1/thumb/v7e-m+fp/hard\libgcc.a
LOAD D:/Program Files/en.st-stm32cubeide_1.16.1_22882_20240916_0822_x86_64.exe/STM32CubeIDE_1.16.1/STM32CubeIDE/plugins/com.st.stm32cube.ide.mcu.externaltools.gnu-tools-for-stm32.12.3.rel1.win32_1.0.200.202406191623/tools/bin/../lib/gcc/arm-none-eabi/12.3.1/../../../../arm-none-eabi/lib/thumb/v7e-m+fp/hard\libc_nano.a
LOAD D:/Program Files/en.st-stm32cubeide_1.16.1_22882_20240916_0822_x86_64.exe/STM32CubeIDE_1.16.1/STM32CubeIDE/plugins/com.st.stm32cube.ide.mcu.externaltools.gnu-tools-for-stm32.12.3.rel1.win32_1.0.200.202406191623/tools/bin/../lib/gcc/arm-none-eabi/12.3.1/../../../../arm-none-eabi/lib/thumb/v7e-m+fp/hard\libnosys.a
END GROUP
START GROUP
LOAD D:/Program Files/en.st-stm32cubeide_1.16.1_22882_20240916_0822_x86_64.exe/STM32CubeIDE_1.16.1/STM32CubeIDE/plugins/com.st.stm32cube.ide.mcu.externaltools.gnu-tools-for-stm32.12.3.rel1.win32_1.0.200.202406191623/tools/bin/../lib/gcc/arm-none-eabi/12.3.1/thumb/v7e-m+fp/hard\libgcc.a
LOAD D:/Program Files/en.st-stm32cubeide_1.16.1_22882_20240916_0822_x86_64.exe/STM32CubeIDE_1.16.1/STM32CubeIDE/plugins/com.st.stm32cube.ide.mcu.externaltools.gnu-tools-for-stm32.12.3.rel1.win32_1.0.200.202406191623/tools/bin/../lib/gcc/arm-none-eabi/12.3.1/../../../../arm-none-eabi/lib/thumb/v7e-m+fp/hard\libc_nano.a
LOAD D:/Program Files/en.st-stm32cubeide_1.16.1_22882_20240916_0822_x86_64.exe/STM32CubeIDE_1.16.1/STM32CubeIDE/plugins/com.st.stm32cube.ide.mcu.externaltools.gnu-tools-for-stm32.12.3.rel1.win32_1.0.200.202406191623/tools/bin/../lib/gcc/arm-none-eabi/12.3.1/../../../../arm-none-eabi/lib/thumb/v7e-m+fp/hard\libnosys.a
END GROUP
LOAD D:/Program Files/en.st-stm32cubeide_1.16.1_22882_20240916_0822_x86_64.exe/STM32CubeIDE_1.16.1/STM32CubeIDE/plugins/com.st.stm32cube.ide.mcu.externaltools.gnu-tools-for-stm32.12.3.rel1.win32_1.0.200.202406191623/tools/bin/../lib/gcc/arm-none-eabi/12.3.1/thumb/v7e-m+fp/hard/crtend.o
LOAD D:/Program Files/en.st-stm32cubeide_1.16.1_22882_20240916_0822_x86_64.exe/STM32CubeIDE_1.16.1/STM32CubeIDE/plugins/com.st.stm32cube.ide.mcu.externaltools.gnu-tools-for-stm32.12.3.rel1.win32_1.0.200.202406191623/tools/bin/../lib/gcc/arm-none-eabi/12.3.1/thumb/v7e-m+fp/hard/crtn.o
                0x20010000                        _estack = (ORIGIN (RAM) + LENGTH (RAM))
                0x00000200                        _Min_Heap_Size = 0x200
                0x00000400                        _Min_Stack_Size = 0x400

.isr_vector     0x08000000      0x194
                0x08000000                        . = ALIGN (0x4)
 *(.isr_vector)
 .isr_vector    0x08000000      0x194 ./Core/Startup/startup_stm32f401rctx.o
                0x08000000                g_pfnVectors
                0x08000194                        . = ALIGN (0x4)

.text           0x080001a0     0x6e6c
                0x080001a0                        . = ALIGN (0x4)
 *(.text)
 .text          0x080001a0       0x40 D:/Program Files/en.st-stm32cubeide_1.16.1_22882_20240916_0822_x86_64.exe/STM32CubeIDE_1.16.1/STM32CubeIDE/plugins/com.st.stm32cube.ide.mcu.externaltools.gnu-tools-for-stm32.12.3.rel1.win32_1.0.200.202406191623/tools/bin/../lib/gcc/arm-none-eabi/12.3.1/thumb/v7e-m+fp/hard/crtbegin.o
 .text          0x080001e0       0x30 D:/Program Files/en.st-stm32cubeide_1.16.1_22882_20240916_0822_x86_64.exe/STM32CubeIDE_1.16.1/STM32CubeIDE/plugins/com.st.stm32cube.ide.mcu.externaltools.gnu-tools-for-stm32.12.3.rel1.win32_1.0.200.202406191623/tools/bin/../lib/gcc/arm-none-eabi/12.3.1/thumb/v7e-m+fp/hard\libgcc.a(_aeabi_uldivmod.o)
                0x080001e0                __aeabi_uldivmod
 .text          0x08000210      0x2bc D:/Program Files/en.st-stm32cubeide_1.16.1_22882_20240916_0822_x86_64.exe/STM32CubeIDE_1.16.1/STM32CubeIDE/plugins/com.st.stm32cube.ide.mcu.externaltools.gnu-tools-for-stm32.12.3.rel1.win32_1.0.200.202406191623/tools/bin/../lib/gcc/arm-none-eabi/12.3.1/thumb/v7e-m+fp/hard\libgcc.a(_udivmoddi4.o)
                0x08000210                __udivmoddi4
 .text          0x080004cc        0x4 D:/Program Files/en.st-stm32cubeide_1.16.1_22882_20240916_0822_x86_64.exe/STM32CubeIDE_1.16.1/STM32CubeIDE/plugins/com.st.stm32cube.ide.mcu.externaltools.gnu-tools-for-stm32.12.3.rel1.win32_1.0.200.202406191623/tools/bin/../lib/gcc/arm-none-eabi/12.3.1/thumb/v7e-m+fp/hard\libgcc.a(_dvmd_tls.o)
                0x080004cc                __aeabi_idiv0
                0x080004cc                __aeabi_ldiv0
 *(.text*)
 .text.main     0x080004d0       0x30 ./Core/Src/main.o
                0x080004d0                main
 .text.SystemClock_Config
                0x08000500       0xc0 ./Core/Src/main.o
                0x08000500                SystemClock_Config
 .text.SystemRCCInit
                0x080005c0       0xdc ./Core/Src/main.o
                0x080005c0                SystemRCCInit
 .text.HAL_TIM_PeriodElapsedCallback
                0x0800069c       0x24 ./Core/Src/main.o
                0x0800069c                HAL_TIM_PeriodElapsedCallback
 .text.Error_Handler
                0x080006c0        0xc ./Core/Src/main.o
                0x080006c0                Error_Handler
 .text.HAL_MspInit
                0x080006cc       0x58 ./Core/Src/stm32f4xx_hal_msp.o
                0x080006cc                HAL_MspInit
 .text.HAL_SPI_MspInit
                0x08000724       0x90 ./Core/Src/stm32f4xx_hal_msp.o
                0x08000724                HAL_SPI_MspInit
 .text.HAL_InitTick
                0x080007b4       0xe4 ./Core/Src/stm32f4xx_hal_timebase_tim.o
                0x080007b4                HAL_InitTick
 .text.NMI_Handler
                0x08000898        0x8 ./Core/Src/stm32f4xx_it.o
                0x08000898                NMI_Handler
 .text.HardFault_Handler
                0x080008a0        0x8 ./Core/Src/stm32f4xx_it.o
                0x080008a0                HardFault_Handler
 .text.MemManage_Handler
                0x080008a8        0x8 ./Core/Src/stm32f4xx_it.o
                0x080008a8                MemManage_Handler
 .text.BusFault_Handler
                0x080008b0        0x8 ./Core/Src/stm32f4xx_it.o
                0x080008b0                BusFault_Handler
 .text.UsageFault_Handler
                0x080008b8        0x8 ./Core/Src/stm32f4xx_it.o
                0x080008b8                UsageFault_Handler
 .text.DebugMon_Handler
                0x080008c0        0xe ./Core/Src/stm32f4xx_it.o
                0x080008c0                DebugMon_Handler
 *fill*         0x080008ce        0x2 
 .text.TIM3_IRQHandler
                0x080008d0       0x14 ./Core/Src/stm32f4xx_it.o
                0x080008d0                TIM3_IRQHandler
 .text.TIM4_IRQHandler
                0x080008e4       0x14 ./Core/Src/stm32f4xx_it.o
                0x080008e4                TIM4_IRQHandler
 .text.TIM5_IRQHandler
                0x080008f8       0x14 ./Core/Src/stm32f4xx_it.o
                0x080008f8                TIM5_IRQHandler
 .text.TIM1_UP_TIM10_IRQHandler
                0x0800090c       0x14 ./Core/Src/stm32f4xx_it.o
                0x0800090c                TIM1_UP_TIM10_IRQHandler
 .text.SystemInit
                0x08000920       0x24 ./Core/Src/system_stm32f4xx.o
                0x08000920                SystemInit
 .text.Reset_Handler
                0x08000944       0x50 ./Core/Startup/startup_stm32f401rctx.o
                0x08000944                Reset_Handler
 .text.Default_Handler
                0x08000994        0x2 ./Core/Startup/startup_stm32f401rctx.o
                0x08000994                RTC_Alarm_IRQHandler
                0x08000994                EXTI2_IRQHandler
                0x08000994                SPI4_IRQHandler
                0x08000994                TIM1_CC_IRQHandler
                0x08000994                DMA2_Stream5_IRQHandler
                0x08000994                DMA1_Stream5_IRQHandler
                0x08000994                PVD_IRQHandler
                0x08000994                SDIO_IRQHandler
                0x08000994                TAMP_STAMP_IRQHandler
                0x08000994                EXTI3_IRQHandler
                0x08000994                I2C3_ER_IRQHandler
                0x08000994                EXTI0_IRQHandler
                0x08000994                I2C2_EV_IRQHandler
                0x08000994                DMA1_Stream2_IRQHandler
                0x08000994                FPU_IRQHandler
                0x08000994                DMA2_Stream2_IRQHandler
                0x08000994                SPI1_IRQHandler
                0x08000994                TIM1_BRK_TIM9_IRQHandler
                0x08000994                DMA2_Stream3_IRQHandler
                0x08000994                USART6_IRQHandler
                0x08000994                DMA2_Stream0_IRQHandler
                0x08000994                I2C1_EV_IRQHandler
                0x08000994                DMA1_Stream6_IRQHandler
                0x08000994                DMA1_Stream1_IRQHandler
                0x08000994                RCC_IRQHandler
                0x08000994                Default_Handler
                0x08000994                EXTI15_10_IRQHandler
                0x08000994                ADC_IRQHandler
                0x08000994                DMA1_Stream7_IRQHandler
                0x08000994                DMA2_Stream7_IRQHandler
                0x08000994                I2C3_EV_IRQHandler
                0x08000994                EXTI9_5_IRQHandler
                0x08000994                RTC_WKUP_IRQHandler
                0x08000994                SPI2_IRQHandler
                0x08000994                DMA1_Stream0_IRQHandler
                0x08000994                EXTI4_IRQHandler
                0x08000994                WWDG_IRQHandler
                0x08000994                TIM2_IRQHandler
                0x08000994                OTG_FS_WKUP_IRQHandler
                0x08000994                TIM1_TRG_COM_TIM11_IRQHandler
                0x08000994                EXTI1_IRQHandler
                0x08000994                USART2_IRQHandler
                0x08000994                I2C2_ER_IRQHandler
                0x08000994                DMA2_Stream1_IRQHandler
                0x08000994                FLASH_IRQHandler
                0x08000994                DMA2_Stream4_IRQHandler
                0x08000994                USART1_IRQHandler
                0x08000994                OTG_FS_IRQHandler
                0x08000994                SPI3_IRQHandler
                0x08000994                DMA1_Stream4_IRQHandler
                0x08000994                I2C1_ER_IRQHandler
                0x08000994                DMA2_Stream6_IRQHandler
                0x08000994                DMA1_Stream3_IRQHandler
 .text.motorVidinit
                0x08000996      0x114 ./Core/code/src/actuating/HAL/motor/motor.o
                0x08000996                motorVidinit
 .text.motorVidStart
                0x08000aaa       0x3c ./Core/code/src/actuating/HAL/motor/motor.o
                0x08000aaa                motorVidStart
 *fill*         0x08000ae6        0x2 
 .text.motorVidSetSpeed
                0x08000ae8      0x158 ./Core/code/src/actuating/HAL/motor/motor.o
                0x08000ae8                motorVidSetSpeed
 .text.motorVidSetMotorDirection
                0x08000c40       0xc0 ./Core/code/src/actuating/HAL/motor/motor.o
                0x08000c40                motorVidSetMotorDirection
 .text.motorVidStop
                0x08000d00       0x44 ./Core/code/src/actuating/HAL/motor/motor.o
                0x08000d00                motorVidStop
 .text.actuatingVidInit
                0x08000d44       0x1c ./Core/code/src/actuating/app/app.o
                0x08000d44                actuatingVidInit
 .text.actuatingVidExecuteCommandTask
                0x08000d60       0xf8 ./Core/code/src/actuating/app/app.o
                0x08000d60                actuatingVidExecuteCommandTask
 .text.actuatingVidBegin
                0x08000e58       0x40 ./Core/code/src/actuating/app/app.o
                0x08000e58                actuatingVidBegin
 .text.communicationVidInit
                0x08000e98       0xb4 ./Core/code/src/communication/communication.o
                0x08000e98                communicationVidInit
 .text.receptionVidReceiveCommand
                0x08000f4c       0x30 ./Core/code/src/communication/receiver/reception/reception.o
                0x08000f4c                receptionVidReceiveCommand
 .text.serializeSensorData
                0x08000f7c       0x1a ./Core/code/src/communication/sender/formatter/serialization.o
                0x08000f7c                serializeSensorData
 *fill*         0x08000f96        0x2 
 .text.transmissionVidSendSensorData
                0x08000f98       0x44 ./Core/code/src/communication/sender/transmission/transmission.o
                0x08000f98                transmissionVidSendSensorData
 .text.ultraSonicVidInit
                0x08000fdc       0xf2 ./Core/code/src/perception/HAL/ultraSonic/ultraSonic.o
                0x08000fdc                ultraSonicVidInit
 .text.ultraSonicVidStart
                0x080010ce       0x1c ./Core/code/src/perception/HAL/ultraSonic/ultraSonic.o
                0x080010ce                ultraSonicVidStart
 *fill*         0x080010ea        0x2 
 .text.ultraSonicFloatGetDistance
                0x080010ec       0x78 ./Core/code/src/perception/HAL/ultraSonic/ultraSonic.o
                0x080010ec                ultraSonicFloatGetDistance
 .text.ultraSonicVidInputCaptureHandler
                0x08001164      0x10c ./Core/code/src/perception/HAL/ultraSonic/ultraSonic.o
                0x08001164                ultraSonicVidInputCaptureHandler
 .text.ultraSonicVidTrig
                0x08001270       0x22 ./Core/code/src/perception/HAL/ultraSonic/ultraSonic.o
                0x08001270                ultraSonicVidTrig
 .text.ultraSonicVidHaltTrig
                0x08001292       0x22 ./Core/code/src/perception/HAL/ultraSonic/ultraSonic.o
                0x08001292                ultraSonicVidHaltTrig
 .text.ultraSonicVidDelayMicroSeconds
                0x080012b4       0x2a ./Core/code/src/perception/HAL/ultraSonic/ultraSonic.o
                0x080012b4                ultraSonicVidDelayMicroSeconds
 *fill*         0x080012de        0x2 
 .text.sendDataToQueue
                0x080012e0       0x50 ./Core/code/src/perception/app/app.o
                0x080012e0                sendDataToQueue
 .text.HAL_TIM_IC_CaptureCallback
                0x08001330       0xa4 ./Core/code/src/perception/app/app.o
                0x08001330                HAL_TIM_IC_CaptureCallback
 .text.perceptionVidTriggerSensorsTask
                0x080013d4       0x60 ./Core/code/src/perception/app/app.o
                0x080013d4                perceptionVidTriggerSensorsTask
 .text.perceptionVidSendSensorDataTask
                0x08001434       0x5c ./Core/code/src/perception/app/app.o
                0x08001434                perceptionVidSendSensorDataTask
 .text.perceptionVidInit
                0x08001490       0x50 ./Core/code/src/perception/app/app.o
                0x08001490                perceptionVidInit
 .text.perceptionVidBegin
                0x080014e0       0x70 ./Core/code/src/perception/app/app.o
                0x080014e0                perceptionVidBegin
 .text.HAL_Init
                0x08001550       0x44 ./Drivers/STM32F4xx_HAL_Driver/Src/stm32f4xx_hal.o
                0x08001550                HAL_Init
 .text.HAL_IncTick
                0x08001594       0x28 ./Drivers/STM32F4xx_HAL_Driver/Src/stm32f4xx_hal.o
                0x08001594                HAL_IncTick
 .text.HAL_GetTick
                0x080015bc       0x18 ./Drivers/STM32F4xx_HAL_Driver/Src/stm32f4xx_hal.o
                0x080015bc                HAL_GetTick
 .text.__NVIC_SetPriorityGrouping
                0x080015d4       0x48 ./Drivers/STM32F4xx_HAL_Driver/Src/stm32f4xx_hal_cortex.o
 .text.__NVIC_GetPriorityGrouping
                0x0800161c       0x1c ./Drivers/STM32F4xx_HAL_Driver/Src/stm32f4xx_hal_cortex.o
 .text.__NVIC_EnableIRQ
                0x08001638       0x3c ./Drivers/STM32F4xx_HAL_Driver/Src/stm32f4xx_hal_cortex.o
 .text.__NVIC_SetPriority
                0x08001674       0x54 ./Drivers/STM32F4xx_HAL_Driver/Src/stm32f4xx_hal_cortex.o
 .text.NVIC_EncodePriority
                0x080016c8       0x66 ./Drivers/STM32F4xx_HAL_Driver/Src/stm32f4xx_hal_cortex.o
 .text.HAL_NVIC_SetPriorityGrouping
                0x0800172e       0x16 ./Drivers/STM32F4xx_HAL_Driver/Src/stm32f4xx_hal_cortex.o
                0x0800172e                HAL_NVIC_SetPriorityGrouping
 .text.HAL_NVIC_SetPriority
                0x08001744       0x38 ./Drivers/STM32F4xx_HAL_Driver/Src/stm32f4xx_hal_cortex.o
                0x08001744                HAL_NVIC_SetPriority
 .text.HAL_NVIC_EnableIRQ
                0x0800177c       0x1c ./Drivers/STM32F4xx_HAL_Driver/Src/stm32f4xx_hal_cortex.o
                0x0800177c                HAL_NVIC_EnableIRQ
 .text.HAL_GPIO_Init
                0x08001798      0x308 ./Drivers/STM32F4xx_HAL_Driver/Src/stm32f4xx_hal_gpio.o
                0x08001798                HAL_GPIO_Init
 .text.HAL_GPIO_ReadPin
                0x08001aa0       0x30 ./Drivers/STM32F4xx_HAL_Driver/Src/stm32f4xx_hal_gpio.o
                0x08001aa0                HAL_GPIO_ReadPin
 .text.HAL_GPIO_WritePin
                0x08001ad0       0x32 ./Drivers/STM32F4xx_HAL_Driver/Src/stm32f4xx_hal_gpio.o
                0x08001ad0                HAL_GPIO_WritePin
 *fill*         0x08001b02        0x2 
 .text.HAL_RCC_OscConfig
                0x08001b04      0x4f0 ./Drivers/STM32F4xx_HAL_Driver/Src/stm32f4xx_hal_rcc.o
                0x08001b04                HAL_RCC_OscConfig
 .text.HAL_RCC_ClockConfig
                0x08001ff4      0x1cc ./Drivers/STM32F4xx_HAL_Driver/Src/stm32f4xx_hal_rcc.o
                0x08001ff4                HAL_RCC_ClockConfig
 .text.HAL_RCC_GetSysClockFreq
                0x080021c0      0x18c ./Drivers/STM32F4xx_HAL_Driver/Src/stm32f4xx_hal_rcc.o
                0x080021c0                HAL_RCC_GetSysClockFreq
 .text.HAL_RCC_GetHCLKFreq
                0x0800234c       0x18 ./Drivers/STM32F4xx_HAL_Driver/Src/stm32f4xx_hal_rcc.o
                0x0800234c                HAL_RCC_GetHCLKFreq
 .text.HAL_RCC_GetPCLK2Freq
                0x08002364       0x28 ./Drivers/STM32F4xx_HAL_Driver/Src/stm32f4xx_hal_rcc.o
                0x08002364                HAL_RCC_GetPCLK2Freq
 .text.HAL_RCC_GetClockConfig
                0x0800238c       0x64 ./Drivers/STM32F4xx_HAL_Driver/Src/stm32f4xx_hal_rcc.o
                0x0800238c                HAL_RCC_GetClockConfig
 .text.HAL_SPI_Init
                0x080023f0      0x112 ./Drivers/STM32F4xx_HAL_Driver/Src/stm32f4xx_hal_spi.o
                0x080023f0                HAL_SPI_Init
 .text.HAL_SPI_Transmit
                0x08002502      0x288 ./Drivers/STM32F4xx_HAL_Driver/Src/stm32f4xx_hal_spi.o
                0x08002502                HAL_SPI_Transmit
 .text.HAL_SPI_TransmitReceive
                0x0800278a      0x352 ./Drivers/STM32F4xx_HAL_Driver/Src/stm32f4xx_hal_spi.o
                0x0800278a                HAL_SPI_TransmitReceive
 .text.SPI_WaitFlagStateUntilTimeout
                0x08002adc      0x110 ./Drivers/STM32F4xx_HAL_Driver/Src/stm32f4xx_hal_spi.o
 .text.SPI_EndRxTxTransaction
                0x08002bec       0xa8 ./Drivers/STM32F4xx_HAL_Driver/Src/stm32f4xx_hal_spi.o
 .text.HAL_TIM_Base_Init
                0x08002c94       0x9e ./Drivers/STM32F4xx_HAL_Driver/Src/stm32f4xx_hal_tim.o
                0x08002c94                HAL_TIM_Base_Init
 .text.HAL_TIM_Base_MspInit
                0x08002d32       0x14 ./Drivers/STM32F4xx_HAL_Driver/Src/stm32f4xx_hal_tim.o
                0x08002d32                HAL_TIM_Base_MspInit
 *fill*         0x08002d46        0x2 
 .text.HAL_TIM_Base_Start_IT
                0x08002d48       0xc4 ./Drivers/STM32F4xx_HAL_Driver/Src/stm32f4xx_hal_tim.o
                0x08002d48                HAL_TIM_Base_Start_IT
 .text.HAL_TIM_PWM_Init
                0x08002e0c       0x9e ./Drivers/STM32F4xx_HAL_Driver/Src/stm32f4xx_hal_tim.o
                0x08002e0c                HAL_TIM_PWM_Init
 .text.HAL_TIM_PWM_MspInit
                0x08002eaa       0x14 ./Drivers/STM32F4xx_HAL_Driver/Src/stm32f4xx_hal_tim.o
                0x08002eaa                HAL_TIM_PWM_MspInit
 *fill*         0x08002ebe        0x2 
 .text.HAL_TIM_PWM_Start
                0x08002ec0      0x160 ./Drivers/STM32F4xx_HAL_Driver/Src/stm32f4xx_hal_tim.o
                0x08002ec0                HAL_TIM_PWM_Start
 .text.HAL_TIM_PWM_Stop
                0x08003020       0xc8 ./Drivers/STM32F4xx_HAL_Driver/Src/stm32f4xx_hal_tim.o
                0x08003020                HAL_TIM_PWM_Stop
 .text.HAL_TIM_IC_Init
                0x080030e8       0x9e ./Drivers/STM32F4xx_HAL_Driver/Src/stm32f4xx_hal_tim.o
                0x080030e8                HAL_TIM_IC_Init
 .text.HAL_TIM_IC_MspInit
                0x08003186       0x14 ./Drivers/STM32F4xx_HAL_Driver/Src/stm32f4xx_hal_tim.o
                0x08003186                HAL_TIM_IC_MspInit
 *fill*         0x0800319a        0x2 
 .text.HAL_TIM_IC_Start_IT
                0x0800319c      0x234 ./Drivers/STM32F4xx_HAL_Driver/Src/stm32f4xx_hal_tim.o
                0x0800319c                HAL_TIM_IC_Start_IT
 .text.HAL_TIM_IRQHandler
                0x080033d0      0x1e0 ./Drivers/STM32F4xx_HAL_Driver/Src/stm32f4xx_hal_tim.o
                0x080033d0                HAL_TIM_IRQHandler
 .text.HAL_TIM_IC_ConfigChannel
                0x080035b0      0x138 ./Drivers/STM32F4xx_HAL_Driver/Src/stm32f4xx_hal_tim.o
                0x080035b0                HAL_TIM_IC_ConfigChannel
 .text.HAL_TIM_PWM_ConfigChannel
                0x080036e8      0x184 ./Drivers/STM32F4xx_HAL_Driver/Src/stm32f4xx_hal_tim.o
                0x080036e8                HAL_TIM_PWM_ConfigChannel
 .text.HAL_TIM_ReadCapturedValue
                0x0800386c       0x88 ./Drivers/STM32F4xx_HAL_Driver/Src/stm32f4xx_hal_tim.o
                0x0800386c                HAL_TIM_ReadCapturedValue
 .text.HAL_TIM_OC_DelayElapsedCallback
                0x080038f4       0x14 ./Drivers/STM32F4xx_HAL_Driver/Src/stm32f4xx_hal_tim.o
                0x080038f4                HAL_TIM_OC_DelayElapsedCallback
 .text.HAL_TIM_PWM_PulseFinishedCallback
                0x08003908       0x14 ./Drivers/STM32F4xx_HAL_Driver/Src/stm32f4xx_hal_tim.o
                0x08003908                HAL_TIM_PWM_PulseFinishedCallback
 .text.HAL_TIM_TriggerCallback
                0x0800391c       0x14 ./Drivers/STM32F4xx_HAL_Driver/Src/stm32f4xx_hal_tim.o
                0x0800391c                HAL_TIM_TriggerCallback
 .text.TIM_Base_SetConfig
                0x08003930      0x118 ./Drivers/STM32F4xx_HAL_Driver/Src/stm32f4xx_hal_tim.o
                0x08003930                TIM_Base_SetConfig
 .text.TIM_OC1_SetConfig
                0x08003a48       0xcc ./Drivers/STM32F4xx_HAL_Driver/Src/stm32f4xx_hal_tim.o
 .text.TIM_OC2_SetConfig
                0x08003b14       0xd8 ./Drivers/STM32F4xx_HAL_Driver/Src/stm32f4xx_hal_tim.o
                0x08003b14                TIM_OC2_SetConfig
 .text.TIM_OC3_SetConfig
                0x08003bec       0xd4 ./Drivers/STM32F4xx_HAL_Driver/Src/stm32f4xx_hal_tim.o
 .text.TIM_OC4_SetConfig
                0x08003cc0       0xa0 ./Drivers/STM32F4xx_HAL_Driver/Src/stm32f4xx_hal_tim.o
 .text.TIM_TI1_SetConfig
                0x08003d60       0xd0 ./Drivers/STM32F4xx_HAL_Driver/Src/stm32f4xx_hal_tim.o
                0x08003d60                TIM_TI1_SetConfig
 .text.TIM_TI2_SetConfig
                0x08003e30       0x7a ./Drivers/STM32F4xx_HAL_Driver/Src/stm32f4xx_hal_tim.o
 .text.TIM_TI3_SetConfig
                0x08003eaa       0x78 ./Drivers/STM32F4xx_HAL_Driver/Src/stm32f4xx_hal_tim.o
 .text.TIM_TI4_SetConfig
                0x08003f22       0x7a ./Drivers/STM32F4xx_HAL_Driver/Src/stm32f4xx_hal_tim.o
 .text.TIM_CCxChannelCmd
                0x08003f9c       0x4a ./Drivers/STM32F4xx_HAL_Driver/Src/stm32f4xx_hal_tim.o
                0x08003f9c                TIM_CCxChannelCmd
 .text.HAL_TIMEx_CommutCallback
                0x08003fe6       0x14 ./Drivers/STM32F4xx_HAL_Driver/Src/stm32f4xx_hal_tim_ex.o
                0x08003fe6                HAL_TIMEx_CommutCallback
 .text.HAL_TIMEx_BreakCallback
                0x08003ffa       0x14 ./Drivers/STM32F4xx_HAL_Driver/Src/stm32f4xx_hal_tim_ex.o
                0x08003ffa                HAL_TIMEx_BreakCallback
 *fill*         0x0800400e        0x2 
 .text.__NVIC_SetPriority
                0x08004010       0x54 ./Middlewares/Third_Party/FreeRTOS/Source/CMSIS_RTOS_V2/cmsis_os2.o
 .text.SysTick_Handler
                0x08004064       0x20 ./Middlewares/Third_Party/FreeRTOS/Source/CMSIS_RTOS_V2/cmsis_os2.o
                0x08004064                SysTick_Handler
 .text.SVC_Setup
                0x08004084       0x12 ./Middlewares/Third_Party/FreeRTOS/Source/CMSIS_RTOS_V2/cmsis_os2.o
 *fill*         0x08004096        0x2 
 .text.osKernelInitialize
                0x08004098       0x48 ./Middlewares/Third_Party/FreeRTOS/Source/CMSIS_RTOS_V2/cmsis_os2.o
                0x08004098                osKernelInitialize
 .text.osKernelStart
                0x080040e0       0x4c ./Middlewares/Third_Party/FreeRTOS/Source/CMSIS_RTOS_V2/cmsis_os2.o
                0x080040e0                osKernelStart
 .text.osThreadNew
                0x0800412c      0x124 ./Middlewares/Third_Party/FreeRTOS/Source/CMSIS_RTOS_V2/cmsis_os2.o
                0x0800412c                osThreadNew
 .text.osDelay  0x08004250       0x36 ./Middlewares/Third_Party/FreeRTOS/Source/CMSIS_RTOS_V2/cmsis_os2.o
                0x08004250                osDelay
 .text.osMutexNew
                0x08004286      0x10c ./Middlewares/Third_Party/FreeRTOS/Source/CMSIS_RTOS_V2/cmsis_os2.o
                0x08004286                osMutexNew
 .text.osMutexAcquire
                0x08004392       0x96 ./Middlewares/Third_Party/FreeRTOS/Source/CMSIS_RTOS_V2/cmsis_os2.o
                0x08004392                osMutexAcquire
 .text.osMutexRelease
                0x08004428       0x7a ./Middlewares/Third_Party/FreeRTOS/Source/CMSIS_RTOS_V2/cmsis_os2.o
                0x08004428                osMutexRelease
 .text.osMessageQueueNew
                0x080044a2       0xe6 ./Middlewares/Third_Party/FreeRTOS/Source/CMSIS_RTOS_V2/cmsis_os2.o
                0x080044a2                osMessageQueueNew
 .text.osMessageQueuePut
                0x08004588       0xc0 ./Middlewares/Third_Party/FreeRTOS/Source/CMSIS_RTOS_V2/cmsis_os2.o
                0x08004588                osMessageQueuePut
 .text.osMessageQueueGet
                0x08004648       0xbc ./Middlewares/Third_Party/FreeRTOS/Source/CMSIS_RTOS_V2/cmsis_os2.o
                0x08004648                osMessageQueueGet
 .text.vApplicationGetIdleTaskMemory
                0x08004704       0x34 ./Middlewares/Third_Party/FreeRTOS/Source/CMSIS_RTOS_V2/cmsis_os2.o
                0x08004704                vApplicationGetIdleTaskMemory
 .text.vApplicationGetTimerTaskMemory
                0x08004738       0x34 ./Middlewares/Third_Party/FreeRTOS/Source/CMSIS_RTOS_V2/cmsis_os2.o
                0x08004738                vApplicationGetTimerTaskMemory
 .text.vListInitialise
                0x0800476c       0x40 ./Middlewares/Third_Party/FreeRTOS/Source/list.o
                0x0800476c                vListInitialise
 .text.vListInitialiseItem
                0x080047ac       0x1a ./Middlewares/Third_Party/FreeRTOS/Source/list.o
                0x080047ac                vListInitialiseItem
 .text.vListInsertEnd
                0x080047c6       0x48 ./Middlewares/Third_Party/FreeRTOS/Source/list.o
                0x080047c6                vListInsertEnd
 .text.vListInsert
                0x0800480e       0x72 ./Middlewares/Third_Party/FreeRTOS/Source/list.o
                0x0800480e                vListInsert
 .text.uxListRemove
                0x08004880       0x54 ./Middlewares/Third_Party/FreeRTOS/Source/list.o
                0x08004880                uxListRemove
 .text.xQueueGenericReset
                0x080048d4       0xb4 ./Middlewares/Third_Party/FreeRTOS/Source/queue.o
                0x080048d4                xQueueGenericReset
 .text.xQueueGenericCreateStatic
                0x08004988       0x3e ./Middlewares/Third_Party/FreeRTOS/Source/queue.o
                0x08004988                xQueueGenericCreateStatic
 .text.xQueueGenericCreate
                0x080049c6       0x58 ./Middlewares/Third_Party/FreeRTOS/Source/queue.o
                0x080049c6                xQueueGenericCreate
 .text.prvInitialiseNewQueue
                0x08004a1e       0x46 ./Middlewares/Third_Party/FreeRTOS/Source/queue.o
 .text.prvInitialiseMutex
                0x08004a64       0x34 ./Middlewares/Third_Party/FreeRTOS/Source/queue.o
 .text.xQueueCreateMutex
                0x08004a98       0x30 ./Middlewares/Third_Party/FreeRTOS/Source/queue.o
                0x08004a98                xQueueCreateMutex
 .text.xQueueCreateMutexStatic
                0x08004ac8       0x36 ./Middlewares/Third_Party/FreeRTOS/Source/queue.o
                0x08004ac8                xQueueCreateMutexStatic
 .text.xQueueGiveMutexRecursive
                0x08004afe       0x4c ./Middlewares/Third_Party/FreeRTOS/Source/queue.o
                0x08004afe                xQueueGiveMutexRecursive
 .text.xQueueTakeMutexRecursive
                0x08004b4a       0x50 ./Middlewares/Third_Party/FreeRTOS/Source/queue.o
                0x08004b4a                xQueueTakeMutexRecursive
 *fill*         0x08004b9a        0x2 
 .text.xQueueGenericSend
                0x08004b9c      0x154 ./Middlewares/Third_Party/FreeRTOS/Source/queue.o
                0x08004b9c                xQueueGenericSend
 .text.xQueueGenericSendFromISR
                0x08004cf0       0xba ./Middlewares/Third_Party/FreeRTOS/Source/queue.o
                0x08004cf0                xQueueGenericSendFromISR
 *fill*         0x08004daa        0x2 
 .text.xQueueReceive
                0x08004dac      0x144 ./Middlewares/Third_Party/FreeRTOS/Source/queue.o
                0x08004dac                xQueueReceive
 .text.xQueueSemaphoreTake
                0x08004ef0      0x190 ./Middlewares/Third_Party/FreeRTOS/Source/queue.o
                0x08004ef0                xQueueSemaphoreTake
 .text.xQueueReceiveFromISR
                0x08005080       0xae ./Middlewares/Third_Party/FreeRTOS/Source/queue.o
                0x08005080                xQueueReceiveFromISR
 .text.prvGetDisinheritPriorityAfterTimeout
                0x0800512e       0x30 ./Middlewares/Third_Party/FreeRTOS/Source/queue.o
 .text.prvCopyDataToQueue
                0x0800515e       0xd4 ./Middlewares/Third_Party/FreeRTOS/Source/queue.o
 .text.prvCopyDataFromQueue
                0x08005232       0x4c ./Middlewares/Third_Party/FreeRTOS/Source/queue.o
 .text.prvUnlockQueue
                0x0800527e       0xa4 ./Middlewares/Third_Party/FreeRTOS/Source/queue.o
 .text.prvIsQueueEmpty
                0x08005322       0x2c ./Middlewares/Third_Party/FreeRTOS/Source/queue.o
 .text.prvIsQueueFull
                0x0800534e       0x30 ./Middlewares/Third_Party/FreeRTOS/Source/queue.o
 *fill*         0x0800537e        0x2 
 .text.vQueueAddToRegistry
                0x08005380       0x54 ./Middlewares/Third_Party/FreeRTOS/Source/queue.o
                0x08005380                vQueueAddToRegistry
 .text.vQueueWaitForMessageRestricted
                0x080053d4       0x68 ./Middlewares/Third_Party/FreeRTOS/Source/queue.o
                0x080053d4                vQueueWaitForMessageRestricted
 .text.xTaskCreateStatic
                0x0800543c       0x60 ./Middlewares/Third_Party/FreeRTOS/Source/tasks.o
                0x0800543c                xTaskCreateStatic
 .text.xTaskCreate
                0x0800549c       0x8a ./Middlewares/Third_Party/FreeRTOS/Source/tasks.o
                0x0800549c                xTaskCreate
 *fill*         0x08005526        0x2 
 .text.prvInitialiseNewTask
                0x08005528      0x12c ./Middlewares/Third_Party/FreeRTOS/Source/tasks.o
 .text.prvAddNewTaskToReadyList
                0x08005654       0xe0 ./Middlewares/Third_Party/FreeRTOS/Source/tasks.o
 .text.vTaskDelay
                0x08005734       0x48 ./Middlewares/Third_Party/FreeRTOS/Source/tasks.o
                0x08005734                vTaskDelay
 .text.vTaskStartScheduler
                0x0800577c       0xc0 ./Middlewares/Third_Party/FreeRTOS/Source/tasks.o
                0x0800577c                vTaskStartScheduler
 .text.vTaskSuspendAll
                0x0800583c       0x1c ./Middlewares/Third_Party/FreeRTOS/Source/tasks.o
                0x0800583c                vTaskSuspendAll
 .text.xTaskResumeAll
                0x08005858      0x11c ./Middlewares/Third_Party/FreeRTOS/Source/tasks.o
                0x08005858                xTaskResumeAll
 .text.xTaskGetTickCount
                0x08005974       0x20 ./Middlewares/Third_Party/FreeRTOS/Source/tasks.o
                0x08005974                xTaskGetTickCount
 .text.xTaskIncrementTick
                0x08005994      0x150 ./Middlewares/Third_Party/FreeRTOS/Source/tasks.o
                0x08005994                xTaskIncrementTick
 .text.vTaskSwitchContext
                0x08005ae4       0xac ./Middlewares/Third_Party/FreeRTOS/Source/tasks.o
                0x08005ae4                vTaskSwitchContext
 .text.vTaskPlaceOnEventList
                0x08005b90       0x2c ./Middlewares/Third_Party/FreeRTOS/Source/tasks.o
                0x08005b90                vTaskPlaceOnEventList
 .text.vTaskPlaceOnEventListRestricted
                0x08005bbc       0x3c ./Middlewares/Third_Party/FreeRTOS/Source/tasks.o
                0x08005bbc                vTaskPlaceOnEventListRestricted
 .text.xTaskRemoveFromEventList
                0x08005bf8       0xac ./Middlewares/Third_Party/FreeRTOS/Source/tasks.o
                0x08005bf8                xTaskRemoveFromEventList
 .text.vTaskInternalSetTimeOutState
                0x08005ca4       0x2c ./Middlewares/Third_Party/FreeRTOS/Source/tasks.o
                0x08005ca4                vTaskInternalSetTimeOutState
 .text.xTaskCheckForTimeOut
                0x08005cd0       0x8c ./Middlewares/Third_Party/FreeRTOS/Source/tasks.o
                0x08005cd0                xTaskCheckForTimeOut
 .text.vTaskMissedYield
                0x08005d5c       0x18 ./Middlewares/Third_Party/FreeRTOS/Source/tasks.o
                0x08005d5c                vTaskMissedYield
 .text.prvIdleTask
                0x08005d74       0x30 ./Middlewares/Third_Party/FreeRTOS/Source/tasks.o
 .text.prvInitialiseTaskLists
                0x08005da4       0x80 ./Middlewares/Third_Party/FreeRTOS/Source/tasks.o
 .text.prvCheckTasksWaitingTermination
                0x08005e24       0x5c ./Middlewares/Third_Party/FreeRTOS/Source/tasks.o
 .text.prvDeleteTCB
                0x08005e80       0x46 ./Middlewares/Third_Party/FreeRTOS/Source/tasks.o
 *fill*         0x08005ec6        0x2 
 .text.prvResetNextTaskUnblockTime
                0x08005ec8       0x40 ./Middlewares/Third_Party/FreeRTOS/Source/tasks.o
 .text.xTaskGetCurrentTaskHandle
                0x08005f08       0x20 ./Middlewares/Third_Party/FreeRTOS/Source/tasks.o
                0x08005f08                xTaskGetCurrentTaskHandle
 .text.xTaskGetSchedulerState
                0x08005f28       0x3c ./Middlewares/Third_Party/FreeRTOS/Source/tasks.o
                0x08005f28                xTaskGetSchedulerState
 .text.xTaskPriorityInherit
                0x08005f64       0xd0 ./Middlewares/Third_Party/FreeRTOS/Source/tasks.o
                0x08005f64                xTaskPriorityInherit
 .text.xTaskPriorityDisinherit
                0x08006034       0x98 ./Middlewares/Third_Party/FreeRTOS/Source/tasks.o
                0x08006034                xTaskPriorityDisinherit
 .text.vTaskPriorityDisinheritAfterTimeout
                0x080060cc       0xc0 ./Middlewares/Third_Party/FreeRTOS/Source/tasks.o
                0x080060cc                vTaskPriorityDisinheritAfterTimeout
 .text.pvTaskIncrementMutexHeldCount
                0x0800618c       0x28 ./Middlewares/Third_Party/FreeRTOS/Source/tasks.o
                0x0800618c                pvTaskIncrementMutexHeldCount
 .text.prvAddCurrentTaskToDelayedList
                0x080061b4       0xa8 ./Middlewares/Third_Party/FreeRTOS/Source/tasks.o
 .text.xTimerCreateTimerTask
                0x0800625c       0x74 ./Middlewares/Third_Party/FreeRTOS/Source/timers.o
                0x0800625c                xTimerCreateTimerTask
 .text.xTimerGenericCommand
                0x080062d0       0x80 ./Middlewares/Third_Party/FreeRTOS/Source/timers.o
                0x080062d0                xTimerGenericCommand
 .text.prvProcessExpiredTimer
                0x08006350       0x80 ./Middlewares/Third_Party/FreeRTOS/Source/timers.o
 .text.prvTimerTask
                0x080063d0       0x26 ./Middlewares/Third_Party/FreeRTOS/Source/timers.o
 *fill*         0x080063f6        0x2 
 .text.prvProcessTimerOrBlockTask
                0x080063f8       0x9c ./Middlewares/Third_Party/FreeRTOS/Source/timers.o
 .text.prvGetNextExpireTime
                0x08006494       0x48 ./Middlewares/Third_Party/FreeRTOS/Source/timers.o
 .text.prvSampleTimeNow
                0x080064dc       0x40 ./Middlewares/Third_Party/FreeRTOS/Source/timers.o
 .text.prvInsertTimerInActiveList
                0x0800651c       0x84 ./Middlewares/Third_Party/FreeRTOS/Source/timers.o
 .text.prvProcessReceivedCommands
                0x080065a0      0x174 ./Middlewares/Third_Party/FreeRTOS/Source/timers.o
 .text.prvSwitchTimerLists
                0x08006714       0xac ./Middlewares/Third_Party/FreeRTOS/Source/timers.o
 .text.prvCheckForValidListAndQueue
                0x080067c0       0x80 ./Middlewares/Third_Party/FreeRTOS/Source/timers.o
 .text.pxPortInitialiseStack
                0x08006840       0x68 ./Middlewares/Third_Party/FreeRTOS/Source/portable/GCC/ARM_CM4F/port.o
                0x08006840                pxPortInitialiseStack
 .text.prvTaskExitError
                0x080068a8       0x34 ./Middlewares/Third_Party/FreeRTOS/Source/portable/GCC/ARM_CM4F/port.o
 *fill*         0x080068dc        0x4 
 .text.SVC_Handler
                0x080068e0       0x28 ./Middlewares/Third_Party/FreeRTOS/Source/portable/GCC/ARM_CM4F/port.o
                0x080068e0                SVC_Handler
 .text.prvPortStartFirstTask
                0x08006908       0x28 ./Middlewares/Third_Party/FreeRTOS/Source/portable/GCC/ARM_CM4F/port.o
 .text.xPortStartScheduler
                0x08006930       0x54 ./Middlewares/Third_Party/FreeRTOS/Source/portable/GCC/ARM_CM4F/port.o
                0x08006930                xPortStartScheduler
 .text.vPortEnterCritical
                0x08006984       0x34 ./Middlewares/Third_Party/FreeRTOS/Source/portable/GCC/ARM_CM4F/port.o
                0x08006984                vPortEnterCritical
 .text.vPortExitCritical
                0x080069b8       0x34 ./Middlewares/Third_Party/FreeRTOS/Source/portable/GCC/ARM_CM4F/port.o
                0x080069b8                vPortExitCritical
 *fill*         0x080069ec        0x4 
 .text.PendSV_Handler
                0x080069f0       0x68 ./Middlewares/Third_Party/FreeRTOS/Source/portable/GCC/ARM_CM4F/port.o
                0x080069f0                PendSV_Handler
 .text.xPortSysTickHandler
                0x08006a58       0x44 ./Middlewares/Third_Party/FreeRTOS/Source/portable/GCC/ARM_CM4F/port.o
                0x08006a58                xPortSysTickHandler
 .text.vPortSetupTimerInterrupt
                0x08006a9c       0x48 ./Middlewares/Third_Party/FreeRTOS/Source/portable/GCC/ARM_CM4F/port.o
                0x08006a9c                vPortSetupTimerInterrupt
 .text.vPortEnableVFP
                0x08006ae4       0x14 ./Middlewares/Third_Party/FreeRTOS/Source/portable/GCC/ARM_CM4F/port.o
 .text.pvPortMalloc
                0x08006af8      0x134 ./Middlewares/Third_Party/FreeRTOS/Source/portable/MemMang/heap_4.o
                0x08006af8                pvPortMalloc
 .text.vPortFree
                0x08006c2c       0x80 ./Middlewares/Third_Party/FreeRTOS/Source/portable/MemMang/heap_4.o
                0x08006c2c                vPortFree
 .text.prvHeapInit
                0x08006cac       0xc4 ./Middlewares/Third_Party/FreeRTOS/Source/portable/MemMang/heap_4.o
 .text.prvInsertBlockIntoFreeList
                0x08006d70       0xb4 ./Middlewares/Third_Party/FreeRTOS/Source/portable/MemMang/heap_4.o
 .text.memset   0x08006e24       0x10 D:/Program Files/en.st-stm32cubeide_1.16.1_22882_20240916_0822_x86_64.exe/STM32CubeIDE_1.16.1/STM32CubeIDE/plugins/com.st.stm32cube.ide.mcu.externaltools.gnu-tools-for-stm32.12.3.rel1.win32_1.0.200.202406191623/tools/bin/../lib/gcc/arm-none-eabi/12.3.1/../../../../arm-none-eabi/lib/thumb/v7e-m+fp/hard\libc_nano.a(libc_a-memset.o)
                0x08006e24                memset
 .text._reclaim_reent
                0x08006e34       0xac D:/Program Files/en.st-stm32cubeide_1.16.1_22882_20240916_0822_x86_64.exe/STM32CubeIDE_1.16.1/STM32CubeIDE/plugins/com.st.stm32cube.ide.mcu.externaltools.gnu-tools-for-stm32.12.3.rel1.win32_1.0.200.202406191623/tools/bin/../lib/gcc/arm-none-eabi/12.3.1/../../../../arm-none-eabi/lib/thumb/v7e-m+fp/hard\libc_nano.a(libc_a-reent.o)
                0x08006e34                _reclaim_reent
 .text.__libc_init_array
                0x08006ee0       0x48 D:/Program Files/en.st-stm32cubeide_1.16.1_22882_20240916_0822_x86_64.exe/STM32CubeIDE_1.16.1/STM32CubeIDE/plugins/com.st.stm32cube.ide.mcu.externaltools.gnu-tools-for-stm32.12.3.rel1.win32_1.0.200.202406191623/tools/bin/../lib/gcc/arm-none-eabi/12.3.1/../../../../arm-none-eabi/lib/thumb/v7e-m+fp/hard\libc_nano.a(libc_a-init.o)
                0x08006ee0                __libc_init_array
 .text.__retarget_lock_acquire_recursive
                0x08006f28        0x2 D:/Program Files/en.st-stm32cubeide_1.16.1_22882_20240916_0822_x86_64.exe/STM32CubeIDE_1.16.1/STM32CubeIDE/plugins/com.st.stm32cube.ide.mcu.externaltools.gnu-tools-for-stm32.12.3.rel1.win32_1.0.200.202406191623/tools/bin/../lib/gcc/arm-none-eabi/12.3.1/../../../../arm-none-eabi/lib/thumb/v7e-m+fp/hard\libc_nano.a(libc_a-lock.o)
                0x08006f28                __retarget_lock_acquire_recursive
 .text.__retarget_lock_release_recursive
                0x08006f2a        0x2 D:/Program Files/en.st-stm32cubeide_1.16.1_22882_20240916_0822_x86_64.exe/STM32CubeIDE_1.16.1/STM32CubeIDE/plugins/com.st.stm32cube.ide.mcu.externaltools.gnu-tools-for-stm32.12.3.rel1.win32_1.0.200.202406191623/tools/bin/../lib/gcc/arm-none-eabi/12.3.1/../../../../arm-none-eabi/lib/thumb/v7e-m+fp/hard\libc_nano.a(libc_a-lock.o)
                0x08006f2a                __retarget_lock_release_recursive
 .text.memcpy   0x08006f2c       0x1c D:/Program Files/en.st-stm32cubeide_1.16.1_22882_20240916_0822_x86_64.exe/STM32CubeIDE_1.16.1/STM32CubeIDE/plugins/com.st.stm32cube.ide.mcu.externaltools.gnu-tools-for-stm32.12.3.rel1.win32_1.0.200.202406191623/tools/bin/../lib/gcc/arm-none-eabi/12.3.1/../../../../arm-none-eabi/lib/thumb/v7e-m+fp/hard\libc_nano.a(libc_a-memcpy-stub.o)
                0x08006f2c                memcpy
 .text._free_r  0x08006f48       0x94 D:/Program Files/en.st-stm32cubeide_1.16.1_22882_20240916_0822_x86_64.exe/STM32CubeIDE_1.16.1/STM32CubeIDE/plugins/com.st.stm32cube.ide.mcu.externaltools.gnu-tools-for-stm32.12.3.rel1.win32_1.0.200.202406191623/tools/bin/../lib/gcc/arm-none-eabi/12.3.1/../../../../arm-none-eabi/lib/thumb/v7e-m+fp/hard\libc_nano.a(libc_a-freer.o)
                0x08006f48                _free_r
 .text.__malloc_lock
                0x08006fdc        0xc D:/Program Files/en.st-stm32cubeide_1.16.1_22882_20240916_0822_x86_64.exe/STM32CubeIDE_1.16.1/STM32CubeIDE/plugins/com.st.stm32cube.ide.mcu.externaltools.gnu-tools-for-stm32.12.3.rel1.win32_1.0.200.202406191623/tools/bin/../lib/gcc/arm-none-eabi/12.3.1/../../../../arm-none-eabi/lib/thumb/v7e-m+fp/hard\libc_nano.a(libc_a-mlock.o)
                0x08006fdc                __malloc_lock
 .text.__malloc_unlock
                0x08006fe8        0xc D:/Program Files/en.st-stm32cubeide_1.16.1_22882_20240916_0822_x86_64.exe/STM32CubeIDE_1.16.1/STM32CubeIDE/plugins/com.st.stm32cube.ide.mcu.externaltools.gnu-tools-for-stm32.12.3.rel1.win32_1.0.200.202406191623/tools/bin/../lib/gcc/arm-none-eabi/12.3.1/../../../../arm-none-eabi/lib/thumb/v7e-m+fp/hard\libc_nano.a(libc_a-mlock.o)
                0x08006fe8                __malloc_unlock
 *(.glue_7)
 .glue_7        0x08006ff4        0x0 linker stubs
 *(.glue_7t)
 .glue_7t       0x08006ff4        0x0 linker stubs
 *(.eh_frame)
 .eh_frame      0x08006ff4        0x0 D:/Program Files/en.st-stm32cubeide_1.16.1_22882_20240916_0822_x86_64.exe/STM32CubeIDE_1.16.1/STM32CubeIDE/plugins/com.st.stm32cube.ide.mcu.externaltools.gnu-tools-for-stm32.12.3.rel1.win32_1.0.200.202406191623/tools/bin/../lib/gcc/arm-none-eabi/12.3.1/thumb/v7e-m+fp/hard/crtbegin.o
 *(.init)
 .init          0x08006ff4        0x4 D:/Program Files/en.st-stm32cubeide_1.16.1_22882_20240916_0822_x86_64.exe/STM32CubeIDE_1.16.1/STM32CubeIDE/plugins/com.st.stm32cube.ide.mcu.externaltools.gnu-tools-for-stm32.12.3.rel1.win32_1.0.200.202406191623/tools/bin/../lib/gcc/arm-none-eabi/12.3.1/thumb/v7e-m+fp/hard/crti.o
                0x08006ff4                _init
 .init          0x08006ff8        0x8 D:/Program Files/en.st-stm32cubeide_1.16.1_22882_20240916_0822_x86_64.exe/STM32CubeIDE_1.16.1/STM32CubeIDE/plugins/com.st.stm32cube.ide.mcu.externaltools.gnu-tools-for-stm32.12.3.rel1.win32_1.0.200.202406191623/tools/bin/../lib/gcc/arm-none-eabi/12.3.1/thumb/v7e-m+fp/hard/crtn.o
 *(.fini)
 .fini          0x08007000        0x4 D:/Program Files/en.st-stm32cubeide_1.16.1_22882_20240916_0822_x86_64.exe/STM32CubeIDE_1.16.1/STM32CubeIDE/plugins/com.st.stm32cube.ide.mcu.externaltools.gnu-tools-for-stm32.12.3.rel1.win32_1.0.200.202406191623/tools/bin/../lib/gcc/arm-none-eabi/12.3.1/thumb/v7e-m+fp/hard/crti.o
                0x08007000                _fini
 .fini          0x08007004        0x8 D:/Program Files/en.st-stm32cubeide_1.16.1_22882_20240916_0822_x86_64.exe/STM32CubeIDE_1.16.1/STM32CubeIDE/plugins/com.st.stm32cube.ide.mcu.externaltools.gnu-tools-for-stm32.12.3.rel1.win32_1.0.200.202406191623/tools/bin/../lib/gcc/arm-none-eabi/12.3.1/thumb/v7e-m+fp/hard/crtn.o
                0x0800700c                        . = ALIGN (0x4)
                0x0800700c                        _etext = .

.vfp11_veneer   0x0800700c        0x0
 .vfp11_veneer  0x0800700c        0x0 linker stubs

.v4_bx          0x0800700c        0x0
 .v4_bx         0x0800700c        0x0 linker stubs

.iplt           0x0800700c        0x0
 .iplt          0x0800700c        0x0 D:/Program Files/en.st-stm32cubeide_1.16.1_22882_20240916_0822_x86_64.exe/STM32CubeIDE_1.16.1/STM32CubeIDE/plugins/com.st.stm32cube.ide.mcu.externaltools.gnu-tools-for-stm32.12.3.rel1.win32_1.0.200.202406191623/tools/bin/../lib/gcc/arm-none-eabi/12.3.1/thumb/v7e-m+fp/hard/crtbegin.o

.rodata         0x0800700c       0xa8
                0x0800700c                        . = ALIGN (0x4)
 *(.rodata)
 .rodata        0x0800700c       0x17 ./Core/code/src/actuating/app/app.o
 *fill*         0x08007023        0x1 
 .rodata        0x08007024        0x9 ./Core/code/src/communication/communication.o
 *fill*         0x0800702d        0x3 
 .rodata        0x08007030       0x2b ./Core/code/src/perception/app/app.o
 *fill*         0x0800705b        0x1 
 .rodata        0x0800705c        0x5 ./Middlewares/Third_Party/FreeRTOS/Source/tasks.o
 *fill*         0x08007061        0x3 
 .rodata        0x08007064        0xd ./Middlewares/Third_Party/FreeRTOS/Source/timers.o
 *(.rodata*)
 *fill*         0x08007071        0x3 
 .rodata.AHBPrescTable
                0x08007074       0x10 ./Core/Src/system_stm32f4xx.o
                0x08007074                AHBPrescTable
 .rodata.APBPrescTable
                0x08007084        0x8 ./Core/Src/system_stm32f4xx.o
                0x08007084                APBPrescTable
 .rodata.spiMutex_attributes
                0x0800708c       0x10 ./Core/code/src/communication/communication.o
                0x0800708c                spiMutex_attributes
 .rodata.sensorQueue_attr
                0x0800709c       0x18 ./Core/code/src/perception/app/app.o
                0x0800709c                sensorQueue_attr
                0x080070b4                        . = ALIGN (0x4)

.ARM.extab      0x080070b4        0x0
                0x080070b4                        . = ALIGN (0x4)
 *(.ARM.extab* .gnu.linkonce.armextab.*)
                0x080070b4                        . = ALIGN (0x4)

.ARM            0x080070b4        0x8
                0x080070b4                        . = ALIGN (0x4)
                0x080070b4                        __exidx_start = .
 *(.ARM.exidx*)
 .ARM.exidx     0x080070b4        0x8 D:/Program Files/en.st-stm32cubeide_1.16.1_22882_20240916_0822_x86_64.exe/STM32CubeIDE_1.16.1/STM32CubeIDE/plugins/com.st.stm32cube.ide.mcu.externaltools.gnu-tools-for-stm32.12.3.rel1.win32_1.0.200.202406191623/tools/bin/../lib/gcc/arm-none-eabi/12.3.1/thumb/v7e-m+fp/hard\libgcc.a(_udivmoddi4.o)
                0x080070bc                        __exidx_end = .
                0x080070bc                        . = ALIGN (0x4)

.preinit_array  0x080070bc        0x0
                0x080070bc                        . = ALIGN (0x4)
                0x080070bc                        PROVIDE (__preinit_array_start = .)
 *(.preinit_array*)
                0x080070bc                        PROVIDE (__preinit_array_end = .)
                0x080070bc                        . = ALIGN (0x4)

.init_array     0x080070bc        0x4
                0x080070bc                        . = ALIGN (0x4)
                0x080070bc                        PROVIDE (__init_array_start = .)
 *(SORT_BY_NAME(.init_array.*))
 *(.init_array*)
 .init_array    0x080070bc        0x4 D:/Program Files/en.st-stm32cubeide_1.16.1_22882_20240916_0822_x86_64.exe/STM32CubeIDE_1.16.1/STM32CubeIDE/plugins/com.st.stm32cube.ide.mcu.externaltools.gnu-tools-for-stm32.12.3.rel1.win32_1.0.200.202406191623/tools/bin/../lib/gcc/arm-none-eabi/12.3.1/thumb/v7e-m+fp/hard/crtbegin.o
                0x080070c0                        PROVIDE (__init_array_end = .)
                0x080070c0                        . = ALIGN (0x4)

.fini_array     0x080070c0        0x4
                0x080070c0                        . = ALIGN (0x4)
                [!provide]                        PROVIDE (__fini_array_start = .)
 *(SORT_BY_NAME(.fini_array.*))
 *(.fini_array*)
 .fini_array    0x080070c0        0x4 D:/Program Files/en.st-stm32cubeide_1.16.1_22882_20240916_0822_x86_64.exe/STM32CubeIDE_1.16.1/STM32CubeIDE/plugins/com.st.stm32cube.ide.mcu.externaltools.gnu-tools-for-stm32.12.3.rel1.win32_1.0.200.202406191623/tools/bin/../lib/gcc/arm-none-eabi/12.3.1/thumb/v7e-m+fp/hard/crtbegin.o
                [!provide]                        PROVIDE (__fini_array_end = .)
                0x080070c4                        . = ALIGN (0x4)
                0x080070c4                        _sidata = LOADADDR (.data)

.rel.dyn        0x080070c4        0x0
 .rel.iplt      0x080070c4        0x0 D:/Program Files/en.st-stm32cubeide_1.16.1_22882_20240916_0822_x86_64.exe/STM32CubeIDE_1.16.1/STM32CubeIDE/plugins/com.st.stm32cube.ide.mcu.externaltools.gnu-tools-for-stm32.12.3.rel1.win32_1.0.200.202406191623/tools/bin/../lib/gcc/arm-none-eabi/12.3.1/thumb/v7e-m+fp/hard/crtbegin.o

.data           0x20000000      0x114 load address 0x080070c4
                0x20000000                        . = ALIGN (0x4)
                0x20000000                        _sdata = .
 *(.data)
 *(.data*)
 .data.SystemCoreClock
                0x20000000        0x4 ./Core/Src/system_stm32f4xx.o
                0x20000000                SystemCoreClock
 .data.LHS_Motor
                0x20000004       0x28 ./Core/code/src/actuating/app/app.o
                0x20000004                LHS_Motor
 .data.RHS_Motor
                0x2000002c       0x28 ./Core/code/src/actuating/app/app.o
                0x2000002c                RHS_Motor
 .data.checkValidityFrame
                0x20000054        0x1 ./Core/code/src/communication/receiver/reception/reception.o
                0x20000054                checkValidityFrame
 *fill*         0x20000055        0x3 
 .data.FRONT_ultraSonic
                0x20000058       0x20 ./Core/code/src/perception/app/app.o
                0x20000058                FRONT_ultraSonic
 .data.LHS_ultraSonic
                0x20000078       0x20 ./Core/code/src/perception/app/app.o
                0x20000078                LHS_ultraSonic
 .data.RHS_ultraSonic
                0x20000098       0x20 ./Core/code/src/perception/app/app.o
                0x20000098                RHS_ultraSonic
 .data.uwTickPrio
                0x200000b8        0x4 ./Drivers/STM32F4xx_HAL_Driver/Src/stm32f4xx_hal.o
                0x200000b8                uwTickPrio
 .data.uwTickFreq
                0x200000bc        0x1 ./Drivers/STM32F4xx_HAL_Driver/Src/stm32f4xx_hal.o
                0x200000bc                uwTickFreq
 *fill*         0x200000bd        0x3 
 .data.uxCriticalNesting
                0x200000c0        0x4 ./Middlewares/Third_Party/FreeRTOS/Source/portable/GCC/ARM_CM4F/port.o
 .data._impure_ptr
                0x200000c4        0x4 D:/Program Files/en.st-stm32cubeide_1.16.1_22882_20240916_0822_x86_64.exe/STM32CubeIDE_1.16.1/STM32CubeIDE/plugins/com.st.stm32cube.ide.mcu.externaltools.gnu-tools-for-stm32.12.3.rel1.win32_1.0.200.202406191623/tools/bin/../lib/gcc/arm-none-eabi/12.3.1/../../../../arm-none-eabi/lib/thumb/v7e-m+fp/hard\libc_nano.a(libc_a-impure.o)
                0x200000c4                _impure_ptr
 .data._impure_data
                0x200000c8       0x4c D:/Program Files/en.st-stm32cubeide_1.16.1_22882_20240916_0822_x86_64.exe/STM32CubeIDE_1.16.1/STM32CubeIDE/plugins/com.st.stm32cube.ide.mcu.externaltools.gnu-tools-for-stm32.12.3.rel1.win32_1.0.200.202406191623/tools/bin/../lib/gcc/arm-none-eabi/12.3.1/../../../../arm-none-eabi/lib/thumb/v7e-m+fp/hard\libc_nano.a(libc_a-impure.o)
                0x200000c8                _impure_data
 *(.RamFunc)
 *(.RamFunc*)
                0x20000114                        . = ALIGN (0x4)
                0x20000114                        _edata = .

.igot.plt       0x20000114        0x0 load address 0x080071d8
 .igot.plt      0x20000114        0x0 D:/Program Files/en.st-stm32cubeide_1.16.1_22882_20240916_0822_x86_64.exe/STM32CubeIDE_1.16.1/STM32CubeIDE/plugins/com.st.stm32cube.ide.mcu.externaltools.gnu-tools-for-stm32.12.3.rel1.win32_1.0.200.202406191623/tools/bin/../lib/gcc/arm-none-eabi/12.3.1/thumb/v7e-m+fp/hard/crtbegin.o
                0x20000114                        . = ALIGN (0x4)

.bss            0x20000114     0x4d24 load address 0x080071d8
                0x20000114                        _sbss = .
                0x20000114                        __bss_start__ = _sbss
 *(.bss)
 .bss           0x20000114       0x1c D:/Program Files/en.st-stm32cubeide_1.16.1_22882_20240916_0822_x86_64.exe/STM32CubeIDE_1.16.1/STM32CubeIDE/plugins/com.st.stm32cube.ide.mcu.externaltools.gnu-tools-for-stm32.12.3.rel1.win32_1.0.200.202406191623/tools/bin/../lib/gcc/arm-none-eabi/12.3.1/thumb/v7e-m+fp/hard/crtbegin.o
 *(.bss*)
 .bss.htim10    0x20000130       0x48 ./Core/Src/stm32f4xx_hal_timebase_tim.o
                0x20000130                htim10
 .bss.htim1     0x20000178       0x48 ./Core/code/src/actuating/app/app.o
                0x20000178                htim1
 .bss.hspi2     0x200001c0       0x58 ./Core/code/src/communication/communication.o
                0x200001c0                hspi2
 .bss.spiMutexHandle
                0x20000218        0x4 ./Core/code/src/communication/communication.o
                0x20000218                spiMutexHandle
 .bss.htim3     0x2000021c       0x48 ./Core/code/src/perception/app/app.o
                0x2000021c                htim3
 .bss.htim4     0x20000264       0x48 ./Core/code/src/perception/app/app.o
                0x20000264                htim4
 .bss.htim5     0x200002ac       0x48 ./Core/code/src/perception/app/app.o
                0x200002ac                htim5
 .bss.sensorQueueHandle
                0x200002f4        0x4 ./Core/code/src/perception/app/app.o
                0x200002f4                sensorQueueHandle
 .bss.FRONT_firstCap
                0x200002f8        0x4 ./Core/code/src/perception/app/app.o
                0x200002f8                FRONT_firstCap
 .bss.FRONT_secondCap
                0x200002fc        0x4 ./Core/code/src/perception/app/app.o
                0x200002fc                FRONT_secondCap
 .bss.LHS_firstCap
                0x20000300        0x4 ./Core/code/src/perception/app/app.o
                0x20000300                LHS_firstCap
 .bss.LHS_secondCap
                0x20000304        0x4 ./Core/code/src/perception/app/app.o
                0x20000304                LHS_secondCap
 .bss.RHS_firstCap
                0x20000308        0x4 ./Core/code/src/perception/app/app.o
                0x20000308                RHS_firstCap
 .bss.RHS_secondCap
                0x2000030c        0x4 ./Core/code/src/perception/app/app.o
                0x2000030c                RHS_secondCap
 .bss.FRONT_flag
                0x20000310        0x1 ./Core/code/src/perception/app/app.o
                0x20000310                FRONT_flag
 .bss.LHS_flag  0x20000311        0x1 ./Core/code/src/perception/app/app.o
                0x20000311                LHS_flag
 .bss.RHS_flag  0x20000312        0x1 ./Core/code/src/perception/app/app.o
                0x20000312                RHS_flag
 *fill*         0x20000313        0x1 
 .bss.uwTick    0x20000314        0x4 ./Drivers/STM32F4xx_HAL_Driver/Src/stm32f4xx_hal.o
                0x20000314                uwTick
 .bss.KernelState
                0x20000318        0x4 ./Middlewares/Third_Party/FreeRTOS/Source/CMSIS_RTOS_V2/cmsis_os2.o
 .bss.Idle_TCB.3
                0x2000031c       0xa8 ./Middlewares/Third_Party/FreeRTOS/Source/CMSIS_RTOS_V2/cmsis_os2.o
 .bss.Idle_Stack.2
                0x200003c4      0x200 ./Middlewares/Third_Party/FreeRTOS/Source/CMSIS_RTOS_V2/cmsis_os2.o
 .bss.Timer_TCB.1
                0x200005c4       0xa8 ./Middlewares/Third_Party/FreeRTOS/Source/CMSIS_RTOS_V2/cmsis_os2.o
 .bss.Timer_Stack.0
                0x2000066c      0x400 ./Middlewares/Third_Party/FreeRTOS/Source/CMSIS_RTOS_V2/cmsis_os2.o
 .bss.xQueueRegistry
                0x20000a6c       0x40 ./Middlewares/Third_Party/FreeRTOS/Source/queue.o
                0x20000a6c                xQueueRegistry
 .bss.pxCurrentTCB
                0x20000aac        0x4 ./Middlewares/Third_Party/FreeRTOS/Source/tasks.o
                0x20000aac                pxCurrentTCB
 .bss.pxReadyTasksLists
                0x20000ab0      0x460 ./Middlewares/Third_Party/FreeRTOS/Source/tasks.o
 .bss.xDelayedTaskList1
                0x20000f10       0x14 ./Middlewares/Third_Party/FreeRTOS/Source/tasks.o
 .bss.xDelayedTaskList2
                0x20000f24       0x14 ./Middlewares/Third_Party/FreeRTOS/Source/tasks.o
 .bss.pxDelayedTaskList
                0x20000f38        0x4 ./Middlewares/Third_Party/FreeRTOS/Source/tasks.o
 .bss.pxOverflowDelayedTaskList
                0x20000f3c        0x4 ./Middlewares/Third_Party/FreeRTOS/Source/tasks.o
 .bss.xPendingReadyList
                0x20000f40       0x14 ./Middlewares/Third_Party/FreeRTOS/Source/tasks.o
 .bss.xTasksWaitingTermination
                0x20000f54       0x14 ./Middlewares/Third_Party/FreeRTOS/Source/tasks.o
 .bss.uxDeletedTasksWaitingCleanUp
                0x20000f68        0x4 ./Middlewares/Third_Party/FreeRTOS/Source/tasks.o
 .bss.xSuspendedTaskList
                0x20000f6c       0x14 ./Middlewares/Third_Party/FreeRTOS/Source/tasks.o
 .bss.uxCurrentNumberOfTasks
                0x20000f80        0x4 ./Middlewares/Third_Party/FreeRTOS/Source/tasks.o
 .bss.xTickCount
                0x20000f84        0x4 ./Middlewares/Third_Party/FreeRTOS/Source/tasks.o
 .bss.uxTopReadyPriority
                0x20000f88        0x4 ./Middlewares/Third_Party/FreeRTOS/Source/tasks.o
 .bss.xSchedulerRunning
                0x20000f8c        0x4 ./Middlewares/Third_Party/FreeRTOS/Source/tasks.o
 .bss.xPendedTicks
                0x20000f90        0x4 ./Middlewares/Third_Party/FreeRTOS/Source/tasks.o
 .bss.xYieldPending
                0x20000f94        0x4 ./Middlewares/Third_Party/FreeRTOS/Source/tasks.o
 .bss.xNumOfOverflows
                0x20000f98        0x4 ./Middlewares/Third_Party/FreeRTOS/Source/tasks.o
 .bss.uxTaskNumber
                0x20000f9c        0x4 ./Middlewares/Third_Party/FreeRTOS/Source/tasks.o
 .bss.xNextTaskUnblockTime
                0x20000fa0        0x4 ./Middlewares/Third_Party/FreeRTOS/Source/tasks.o
 .bss.xIdleTaskHandle
                0x20000fa4        0x4 ./Middlewares/Third_Party/FreeRTOS/Source/tasks.o
 .bss.uxSchedulerSuspended
                0x20000fa8        0x4 ./Middlewares/Third_Party/FreeRTOS/Source/tasks.o
 .bss.xActiveTimerList1
                0x20000fac       0x14 ./Middlewares/Third_Party/FreeRTOS/Source/timers.o
 .bss.xActiveTimerList2
                0x20000fc0       0x14 ./Middlewares/Third_Party/FreeRTOS/Source/timers.o
 .bss.pxCurrentTimerList
                0x20000fd4        0x4 ./Middlewares/Third_Party/FreeRTOS/Source/timers.o
 .bss.pxOverflowTimerList
                0x20000fd8        0x4 ./Middlewares/Third_Party/FreeRTOS/Source/timers.o
 .bss.xTimerQueue
                0x20000fdc        0x4 ./Middlewares/Third_Party/FreeRTOS/Source/timers.o
 .bss.xTimerTaskHandle
                0x20000fe0        0x4 ./Middlewares/Third_Party/FreeRTOS/Source/timers.o
 .bss.xLastTime.2
                0x20000fe4        0x4 ./Middlewares/Third_Party/FreeRTOS/Source/timers.o
 .bss.ucStaticTimerQueueStorage.1
                0x20000fe8       0xa0 ./Middlewares/Third_Party/FreeRTOS/Source/timers.o
 .bss.xStaticTimerQueue.0
                0x20001088       0x50 ./Middlewares/Third_Party/FreeRTOS/Source/timers.o
 .bss.ucHeap    0x200010d8     0x3c00 ./Middlewares/Third_Party/FreeRTOS/Source/portable/MemMang/heap_4.o
 .bss.xStart    0x20004cd8        0x8 ./Middlewares/Third_Party/FreeRTOS/Source/portable/MemMang/heap_4.o
 .bss.pxEnd     0x20004ce0        0x4 ./Middlewares/Third_Party/FreeRTOS/Source/portable/MemMang/heap_4.o
 .bss.xFreeBytesRemaining
                0x20004ce4        0x4 ./Middlewares/Third_Party/FreeRTOS/Source/portable/MemMang/heap_4.o
 .bss.xMinimumEverFreeBytesRemaining
                0x20004ce8        0x4 ./Middlewares/Third_Party/FreeRTOS/Source/portable/MemMang/heap_4.o
 .bss.xNumberOfSuccessfulAllocations
                0x20004cec        0x4 ./Middlewares/Third_Party/FreeRTOS/Source/portable/MemMang/heap_4.o
 .bss.xNumberOfSuccessfulFrees
                0x20004cf0        0x4 ./Middlewares/Third_Party/FreeRTOS/Source/portable/MemMang/heap_4.o
 .bss.xBlockAllocatedBit
                0x20004cf4        0x4 ./Middlewares/Third_Party/FreeRTOS/Source/portable/MemMang/heap_4.o
 .bss.__sf      0x20004cf8      0x138 D:/Program Files/en.st-stm32cubeide_1.16.1_22882_20240916_0822_x86_64.exe/STM32CubeIDE_1.16.1/STM32CubeIDE/plugins/com.st.stm32cube.ide.mcu.externaltools.gnu-tools-for-stm32.12.3.rel1.win32_1.0.200.202406191623/tools/bin/../lib/gcc/arm-none-eabi/12.3.1/../../../../arm-none-eabi/lib/thumb/v7e-m+fp/hard\libc_nano.a(libc_a-findfp.o)
                0x20004cf8                __sf
 .bss.__lock___malloc_recursive_mutex
                0x20004e30        0x1 D:/Program Files/en.st-stm32cubeide_1.16.1_22882_20240916_0822_x86_64.exe/STM32CubeIDE_1.16.1/STM32CubeIDE/plugins/com.st.stm32cube.ide.mcu.externaltools.gnu-tools-for-stm32.12.3.rel1.win32_1.0.200.202406191623/tools/bin/../lib/gcc/arm-none-eabi/12.3.1/../../../../arm-none-eabi/lib/thumb/v7e-m+fp/hard\libc_nano.a(libc_a-lock.o)
                0x20004e30                __lock___malloc_recursive_mutex
 *fill*         0x20004e31        0x3 
 .bss.__malloc_free_list
                0x20004e34        0x4 D:/Program Files/en.st-stm32cubeide_1.16.1_22882_20240916_0822_x86_64.exe/STM32CubeIDE_1.16.1/STM32CubeIDE/plugins/com.st.stm32cube.ide.mcu.externaltools.gnu-tools-for-stm32.12.3.rel1.win32_1.0.200.202406191623/tools/bin/../lib/gcc/arm-none-eabi/12.3.1/../../../../arm-none-eabi/lib/thumb/v7e-m+fp/hard\libc_nano.a(libc_a-mallocr.o)
                0x20004e34                __malloc_free_list
 *(COMMON)
                0x20004e38                        . = ALIGN (0x4)
                0x20004e38                        _ebss = .
                0x20004e38                        __bss_end__ = _ebss

._user_heap_stack
                0x20004e38      0x600 load address 0x080071d8
                0x20004e38                        . = ALIGN (0x8)
                [!provide]                        PROVIDE (end = .)
                0x20004e38                        PROVIDE (_end = .)
                0x20005038                        . = (. + _Min_Heap_Size)
 *fill*         0x20004e38      0x200 
                0x20005438                        . = (. + _Min_Stack_Size)
 *fill*         0x20005038      0x400 
                0x20005438                        . = ALIGN (0x8)

/DISCARD/
 libc.a(*)
 libm.a(*)
 libgcc.a(*)

.ARM.attributes
                0x00000000       0x30
 *(.ARM.attributes)
 .ARM.attributes
                0x00000000       0x22 D:/Program Files/en.st-stm32cubeide_1.16.1_22882_20240916_0822_x86_64.exe/STM32CubeIDE_1.16.1/STM32CubeIDE/plugins/com.st.stm32cube.ide.mcu.externaltools.gnu-tools-for-stm32.12.3.rel1.win32_1.0.200.202406191623/tools/bin/../lib/gcc/arm-none-eabi/12.3.1/thumb/v7e-m+fp/hard/crti.o
 .ARM.attributes
                0x00000022       0x34 D:/Program Files/en.st-stm32cubeide_1.16.1_22882_20240916_0822_x86_64.exe/STM32CubeIDE_1.16.1/STM32CubeIDE/plugins/com.st.stm32cube.ide.mcu.externaltools.gnu-tools-for-stm32.12.3.rel1.win32_1.0.200.202406191623/tools/bin/../lib/gcc/arm-none-eabi/12.3.1/thumb/v7e-m+fp/hard/crtbegin.o
 .ARM.attributes
                0x00000056       0x34 ./Core/Src/main.o
 .ARM.attributes
                0x0000008a       0x34 ./Core/Src/stm32f4xx_hal_msp.o
 .ARM.attributes
                0x000000be       0x34 ./Core/Src/stm32f4xx_hal_timebase_tim.o
 .ARM.attributes
                0x000000f2       0x34 ./Core/Src/stm32f4xx_it.o
 .ARM.attributes
                0x00000126       0x34 ./Core/Src/system_stm32f4xx.o
 .ARM.attributes
                0x0000015a       0x21 ./Core/Startup/startup_stm32f401rctx.o
 .ARM.attributes
                0x0000017b       0x34 ./Core/code/src/actuating/HAL/motor/motor.o
 .ARM.attributes
                0x000001af       0x34 ./Core/code/src/actuating/app/app.o
 .ARM.attributes
                0x000001e3       0x34 ./Core/code/src/communication/communication.o
 .ARM.attributes
                0x00000217       0x34 ./Core/code/src/communication/receiver/reception/reception.o
 .ARM.attributes
                0x0000024b       0x34 ./Core/code/src/communication/sender/formatter/serialization.o
 .ARM.attributes
                0x0000027f       0x34 ./Core/code/src/communication/sender/transmission/transmission.o
 .ARM.attributes
                0x000002b3       0x34 ./Core/code/src/perception/HAL/ultraSonic/ultraSonic.o
 .ARM.attributes
                0x000002e7       0x34 ./Core/code/src/perception/app/app.o
 .ARM.attributes
                0x0000031b       0x34 ./Drivers/STM32F4xx_HAL_Driver/Src/stm32f4xx_hal.o
 .ARM.attributes
                0x0000034f       0x34 ./Drivers/STM32F4xx_HAL_Driver/Src/stm32f4xx_hal_cortex.o
 .ARM.attributes
                0x00000383       0x34 ./Drivers/STM32F4xx_HAL_Driver/Src/stm32f4xx_hal_gpio.o
 .ARM.attributes
                0x000003b7       0x34 ./Drivers/STM32F4xx_HAL_Driver/Src/stm32f4xx_hal_rcc.o
 .ARM.attributes
                0x000003eb       0x34 ./Drivers/STM32F4xx_HAL_Driver/Src/stm32f4xx_hal_spi.o
 .ARM.attributes
                0x0000041f       0x34 ./Drivers/STM32F4xx_HAL_Driver/Src/stm32f4xx_hal_tim.o
 .ARM.attributes
                0x00000453       0x34 ./Drivers/STM32F4xx_HAL_Driver/Src/stm32f4xx_hal_tim_ex.o
 .ARM.attributes
                0x00000487       0x34 ./Middlewares/Third_Party/FreeRTOS/Source/CMSIS_RTOS_V2/cmsis_os2.o
 .ARM.attributes
                0x000004bb       0x34 ./Middlewares/Third_Party/FreeRTOS/Source/list.o
 .ARM.attributes
                0x000004ef       0x34 ./Middlewares/Third_Party/FreeRTOS/Source/queue.o
 .ARM.attributes
                0x00000523       0x34 ./Middlewares/Third_Party/FreeRTOS/Source/tasks.o
 .ARM.attributes
                0x00000557       0x34 ./Middlewares/Third_Party/FreeRTOS/Source/timers.o
 .ARM.attributes
                0x0000058b       0x34 ./Middlewares/Third_Party/FreeRTOS/Source/portable/GCC/ARM_CM4F/port.o
 .ARM.attributes
                0x000005bf       0x34 ./Middlewares/Third_Party/FreeRTOS/Source/portable/MemMang/heap_4.o
 .ARM.attributes
                0x000005f3       0x34 D:/Program Files/en.st-stm32cubeide_1.16.1_22882_20240916_0822_x86_64.exe/STM32CubeIDE_1.16.1/STM32CubeIDE/plugins/com.st.stm32cube.ide.mcu.externaltools.gnu-tools-for-stm32.12.3.rel1.win32_1.0.200.202406191623/tools/bin/../lib/gcc/arm-none-eabi/12.3.1/../../../../arm-none-eabi/lib/thumb/v7e-m+fp/hard\libc_nano.a(libc_a-findfp.o)
 .ARM.attributes
                0x00000627       0x34 D:/Program Files/en.st-stm32cubeide_1.16.1_22882_20240916_0822_x86_64.exe/STM32CubeIDE_1.16.1/STM32CubeIDE/plugins/com.st.stm32cube.ide.mcu.externaltools.gnu-tools-for-stm32.12.3.rel1.win32_1.0.200.202406191623/tools/bin/../lib/gcc/arm-none-eabi/12.3.1/../../../../arm-none-eabi/lib/thumb/v7e-m+fp/hard\libc_nano.a(libc_a-memset.o)
 .ARM.attributes
                0x0000065b       0x34 D:/Program Files/en.st-stm32cubeide_1.16.1_22882_20240916_0822_x86_64.exe/STM32CubeIDE_1.16.1/STM32CubeIDE/plugins/com.st.stm32cube.ide.mcu.externaltools.gnu-tools-for-stm32.12.3.rel1.win32_1.0.200.202406191623/tools/bin/../lib/gcc/arm-none-eabi/12.3.1/../../../../arm-none-eabi/lib/thumb/v7e-m+fp/hard\libc_nano.a(libc_a-reent.o)
 .ARM.attributes
                0x0000068f       0x34 D:/Program Files/en.st-stm32cubeide_1.16.1_22882_20240916_0822_x86_64.exe/STM32CubeIDE_1.16.1/STM32CubeIDE/plugins/com.st.stm32cube.ide.mcu.externaltools.gnu-tools-for-stm32.12.3.rel1.win32_1.0.200.202406191623/tools/bin/../lib/gcc/arm-none-eabi/12.3.1/../../../../arm-none-eabi/lib/thumb/v7e-m+fp/hard\libc_nano.a(libc_a-impure.o)
 .ARM.attributes
                0x000006c3       0x34 D:/Program Files/en.st-stm32cubeide_1.16.1_22882_20240916_0822_x86_64.exe/STM32CubeIDE_1.16.1/STM32CubeIDE/plugins/com.st.stm32cube.ide.mcu.externaltools.gnu-tools-for-stm32.12.3.rel1.win32_1.0.200.202406191623/tools/bin/../lib/gcc/arm-none-eabi/12.3.1/../../../../arm-none-eabi/lib/thumb/v7e-m+fp/hard\libc_nano.a(libc_a-init.o)
 .ARM.attributes
                0x000006f7       0x34 D:/Program Files/en.st-stm32cubeide_1.16.1_22882_20240916_0822_x86_64.exe/STM32CubeIDE_1.16.1/STM32CubeIDE/plugins/com.st.stm32cube.ide.mcu.externaltools.gnu-tools-for-stm32.12.3.rel1.win32_1.0.200.202406191623/tools/bin/../lib/gcc/arm-none-eabi/12.3.1/../../../../arm-none-eabi/lib/thumb/v7e-m+fp/hard\libc_nano.a(libc_a-lock.o)
 .ARM.attributes
                0x0000072b       0x34 D:/Program Files/en.st-stm32cubeide_1.16.1_22882_20240916_0822_x86_64.exe/STM32CubeIDE_1.16.1/STM32CubeIDE/plugins/com.st.stm32cube.ide.mcu.externaltools.gnu-tools-for-stm32.12.3.rel1.win32_1.0.200.202406191623/tools/bin/../lib/gcc/arm-none-eabi/12.3.1/../../../../arm-none-eabi/lib/thumb/v7e-m+fp/hard\libc_nano.a(libc_a-memcpy-stub.o)
 .ARM.attributes
                0x0000075f       0x34 D:/Program Files/en.st-stm32cubeide_1.16.1_22882_20240916_0822_x86_64.exe/STM32CubeIDE_1.16.1/STM32CubeIDE/plugins/com.st.stm32cube.ide.mcu.externaltools.gnu-tools-for-stm32.12.3.rel1.win32_1.0.200.202406191623/tools/bin/../lib/gcc/arm-none-eabi/12.3.1/../../../../arm-none-eabi/lib/thumb/v7e-m+fp/hard\libc_nano.a(libc_a-freer.o)
 .ARM.attributes
                0x00000793       0x34 D:/Program Files/en.st-stm32cubeide_1.16.1_22882_20240916_0822_x86_64.exe/STM32CubeIDE_1.16.1/STM32CubeIDE/plugins/com.st.stm32cube.ide.mcu.externaltools.gnu-tools-for-stm32.12.3.rel1.win32_1.0.200.202406191623/tools/bin/../lib/gcc/arm-none-eabi/12.3.1/../../../../arm-none-eabi/lib/thumb/v7e-m+fp/hard\libc_nano.a(libc_a-mallocr.o)
 .ARM.attributes
                0x000007c7       0x34 D:/Program Files/en.st-stm32cubeide_1.16.1_22882_20240916_0822_x86_64.exe/STM32CubeIDE_1.16.1/STM32CubeIDE/plugins/com.st.stm32cube.ide.mcu.externaltools.gnu-tools-for-stm32.12.3.rel1.win32_1.0.200.202406191623/tools/bin/../lib/gcc/arm-none-eabi/12.3.1/../../../../arm-none-eabi/lib/thumb/v7e-m+fp/hard\libc_nano.a(libc_a-mlock.o)
 .ARM.attributes
                0x000007fb       0x22 D:/Program Files/en.st-stm32cubeide_1.16.1_22882_20240916_0822_x86_64.exe/STM32CubeIDE_1.16.1/STM32CubeIDE/plugins/com.st.stm32cube.ide.mcu.externaltools.gnu-tools-for-stm32.12.3.rel1.win32_1.0.200.202406191623/tools/bin/../lib/gcc/arm-none-eabi/12.3.1/thumb/v7e-m+fp/hard\libgcc.a(_aeabi_uldivmod.o)
 .ARM.attributes
                0x0000081d       0x34 D:/Program Files/en.st-stm32cubeide_1.16.1_22882_20240916_0822_x86_64.exe/STM32CubeIDE_1.16.1/STM32CubeIDE/plugins/com.st.stm32cube.ide.mcu.externaltools.gnu-tools-for-stm32.12.3.rel1.win32_1.0.200.202406191623/tools/bin/../lib/gcc/arm-none-eabi/12.3.1/thumb/v7e-m+fp/hard\libgcc.a(_udivmoddi4.o)
 .ARM.attributes
                0x00000851       0x22 D:/Program Files/en.st-stm32cubeide_1.16.1_22882_20240916_0822_x86_64.exe/STM32CubeIDE_1.16.1/STM32CubeIDE/plugins/com.st.stm32cube.ide.mcu.externaltools.gnu-tools-for-stm32.12.3.rel1.win32_1.0.200.202406191623/tools/bin/../lib/gcc/arm-none-eabi/12.3.1/thumb/v7e-m+fp/hard\libgcc.a(_dvmd_tls.o)
 .ARM.attributes
                0x00000873       0x22 D:/Program Files/en.st-stm32cubeide_1.16.1_22882_20240916_0822_x86_64.exe/STM32CubeIDE_1.16.1/STM32CubeIDE/plugins/com.st.stm32cube.ide.mcu.externaltools.gnu-tools-for-stm32.12.3.rel1.win32_1.0.200.202406191623/tools/bin/../lib/gcc/arm-none-eabi/12.3.1/thumb/v7e-m+fp/hard/crtn.o
OUTPUT(ADASWithSDV.elf elf32-littlearm)
LOAD linker stubs
LOAD D:/Program Files/en.st-stm32cubeide_1.16.1_22882_20240916_0822_x86_64.exe/STM32CubeIDE_1.16.1/STM32CubeIDE/plugins/com.st.stm32cube.ide.mcu.externaltools.gnu-tools-for-stm32.12.3.rel1.win32_1.0.200.202406191623/tools/bin/../lib/gcc/arm-none-eabi/12.3.1/../../../../arm-none-eabi/lib/thumb/v7e-m+fp/hard\libc.a
LOAD D:/Program Files/en.st-stm32cubeide_1.16.1_22882_20240916_0822_x86_64.exe/STM32CubeIDE_1.16.1/STM32CubeIDE/plugins/com.st.stm32cube.ide.mcu.externaltools.gnu-tools-for-stm32.12.3.rel1.win32_1.0.200.202406191623/tools/bin/../lib/gcc/arm-none-eabi/12.3.1/../../../../arm-none-eabi/lib/thumb/v7e-m+fp/hard\libm.a
LOAD D:/Program Files/en.st-stm32cubeide_1.16.1_22882_20240916_0822_x86_64.exe/STM32CubeIDE_1.16.1/STM32CubeIDE/plugins/com.st.stm32cube.ide.mcu.externaltools.gnu-tools-for-stm32.12.3.rel1.win32_1.0.200.202406191623/tools/bin/../lib/gcc/arm-none-eabi/12.3.1/thumb/v7e-m+fp/hard\libgcc.a

.debug_info     0x00000000    0x18f7e
 .debug_info    0x00000000      0xc36 ./Core/Src/main.o
 .debug_info    0x00000c36      0xb05 ./Core/Src/stm32f4xx_hal_msp.o
 .debug_info    0x0000173b      0xb6f ./Core/Src/stm32f4xx_hal_timebase_tim.o
 .debug_info    0x000022aa      0x6ee ./Core/Src/stm32f4xx_it.o
 .debug_info    0x00002998      0x53e ./Core/Src/system_stm32f4xx.o
 .debug_info    0x00002ed6       0x30 ./Core/Startup/startup_stm32f401rctx.o
 .debug_info    0x00002f06      0xa95 ./Core/code/src/actuating/HAL/motor/motor.o
 .debug_info    0x0000399b      0xc01 ./Core/code/src/actuating/app/app.o
 .debug_info    0x0000459c      0x7da ./Core/code/src/communication/communication.o
 .debug_info    0x00004d76      0x64a ./Core/code/src/communication/receiver/reception/reception.o
 .debug_info    0x000053c0      0x119 ./Core/code/src/communication/sender/formatter/serialization.o
 .debug_info    0x000054d9      0x6ed ./Core/code/src/communication/sender/transmission/transmission.o
 .debug_info    0x00005bc6      0xcba ./Core/code/src/perception/HAL/ultraSonic/ultraSonic.o
 .debug_info    0x00006880     0x1024 ./Core/code/src/perception/app/app.o
 .debug_info    0x000078a4      0x8bb ./Drivers/STM32F4xx_HAL_Driver/Src/stm32f4xx_hal.o
 .debug_info    0x0000815f      0xcf6 ./Drivers/STM32F4xx_HAL_Driver/Src/stm32f4xx_hal_cortex.o
 .debug_info    0x00008e55      0x6f9 ./Drivers/STM32F4xx_HAL_Driver/Src/stm32f4xx_hal_gpio.o
 .debug_info    0x0000954e      0x8f1 ./Drivers/STM32F4xx_HAL_Driver/Src/stm32f4xx_hal_rcc.o
 .debug_info    0x00009e3f     0x1530 ./Drivers/STM32F4xx_HAL_Driver/Src/stm32f4xx_hal_spi.o
 .debug_info    0x0000b36f     0x2996 ./Drivers/STM32F4xx_HAL_Driver/Src/stm32f4xx_hal_tim.o
 .debug_info    0x0000dd05     0x14d4 ./Drivers/STM32F4xx_HAL_Driver/Src/stm32f4xx_hal_tim_ex.o
 .debug_info    0x0000f1d9     0x4073 ./Middlewares/Third_Party/FreeRTOS/Source/CMSIS_RTOS_V2/cmsis_os2.o
 .debug_info    0x0001324c      0x2af ./Middlewares/Third_Party/FreeRTOS/Source/list.o
 .debug_info    0x000134fb     0x164a ./Middlewares/Third_Party/FreeRTOS/Source/queue.o
 .debug_info    0x00014b45     0x23f7 ./Middlewares/Third_Party/FreeRTOS/Source/tasks.o
 .debug_info    0x00016f3c     0x190f ./Middlewares/Third_Party/FreeRTOS/Source/timers.o
 .debug_info    0x0001884b      0x300 ./Middlewares/Third_Party/FreeRTOS/Source/portable/GCC/ARM_CM4F/port.o
 .debug_info    0x00018b4b      0x433 ./Middlewares/Third_Party/FreeRTOS/Source/portable/MemMang/heap_4.o

.debug_abbrev   0x00000000     0x3d25
 .debug_abbrev  0x00000000      0x260 ./Core/Src/main.o
 .debug_abbrev  0x00000260      0x1c9 ./Core/Src/stm32f4xx_hal_msp.o
 .debug_abbrev  0x00000429      0x207 ./Core/Src/stm32f4xx_hal_timebase_tim.o
 .debug_abbrev  0x00000630      0x194 ./Core/Src/stm32f4xx_it.o
 .debug_abbrev  0x000007c4      0x11a ./Core/Src/system_stm32f4xx.o
 .debug_abbrev  0x000008de       0x24 ./Core/Startup/startup_stm32f401rctx.o
 .debug_abbrev  0x00000902      0x1fc ./Core/code/src/actuating/HAL/motor/motor.o
 .debug_abbrev  0x00000afe      0x206 ./Core/code/src/actuating/app/app.o
 .debug_abbrev  0x00000d04      0x18f ./Core/code/src/communication/communication.o
 .debug_abbrev  0x00000e93      0x178 ./Core/code/src/communication/receiver/reception/reception.o
 .debug_abbrev  0x0000100b       0xa5 ./Core/code/src/communication/sender/formatter/serialization.o
 .debug_abbrev  0x000010b0      0x1a4 ./Core/code/src/communication/sender/transmission/transmission.o
 .debug_abbrev  0x00001254      0x23e ./Core/code/src/perception/HAL/ultraSonic/ultraSonic.o
 .debug_abbrev  0x00001492      0x226 ./Core/code/src/perception/app/app.o
 .debug_abbrev  0x000016b8      0x24b ./Drivers/STM32F4xx_HAL_Driver/Src/stm32f4xx_hal.o
 .debug_abbrev  0x00001903      0x31d ./Drivers/STM32F4xx_HAL_Driver/Src/stm32f4xx_hal_cortex.o
 .debug_abbrev  0x00001c20      0x1d3 ./Drivers/STM32F4xx_HAL_Driver/Src/stm32f4xx_hal_gpio.o
 .debug_abbrev  0x00001df3      0x2b6 ./Drivers/STM32F4xx_HAL_Driver/Src/stm32f4xx_hal_rcc.o
 .debug_abbrev  0x000020a9      0x276 ./Drivers/STM32F4xx_HAL_Driver/Src/stm32f4xx_hal_spi.o
 .debug_abbrev  0x0000231f      0x28b ./Drivers/STM32F4xx_HAL_Driver/Src/stm32f4xx_hal_tim.o
 .debug_abbrev  0x000025aa      0x296 ./Drivers/STM32F4xx_HAL_Driver/Src/stm32f4xx_hal_tim_ex.o
 .debug_abbrev  0x00002840      0x548 ./Middlewares/Third_Party/FreeRTOS/Source/CMSIS_RTOS_V2/cmsis_os2.o
 .debug_abbrev  0x00002d88       0xf5 ./Middlewares/Third_Party/FreeRTOS/Source/list.o
 .debug_abbrev  0x00002e7d      0x3a6 ./Middlewares/Third_Party/FreeRTOS/Source/queue.o
 .debug_abbrev  0x00003223      0x3fe ./Middlewares/Third_Party/FreeRTOS/Source/tasks.o
 .debug_abbrev  0x00003621      0x328 ./Middlewares/Third_Party/FreeRTOS/Source/timers.o
 .debug_abbrev  0x00003949      0x223 ./Middlewares/Third_Party/FreeRTOS/Source/portable/GCC/ARM_CM4F/port.o
 .debug_abbrev  0x00003b6c      0x1b9 ./Middlewares/Third_Party/FreeRTOS/Source/portable/MemMang/heap_4.o

.debug_aranges  0x00000000     0x14f8
 .debug_aranges
                0x00000000       0x40 ./Core/Src/main.o
 .debug_aranges
                0x00000040       0x30 ./Core/Src/stm32f4xx_hal_msp.o
 .debug_aranges
                0x00000070       0x30 ./Core/Src/stm32f4xx_hal_timebase_tim.o
 .debug_aranges
                0x000000a0       0x68 ./Core/Src/stm32f4xx_it.o
 .debug_aranges
                0x00000108       0x28 ./Core/Src/system_stm32f4xx.o
 .debug_aranges
                0x00000130       0x28 ./Core/Startup/startup_stm32f401rctx.o
 .debug_aranges
                0x00000158       0x40 ./Core/code/src/actuating/HAL/motor/motor.o
 .debug_aranges
                0x00000198       0x30 ./Core/code/src/actuating/app/app.o
 .debug_aranges
                0x000001c8       0x20 ./Core/code/src/communication/communication.o
 .debug_aranges
                0x000001e8       0x20 ./Core/code/src/communication/receiver/reception/reception.o
 .debug_aranges
                0x00000208       0x20 ./Core/code/src/communication/sender/formatter/serialization.o
 .debug_aranges
                0x00000228       0x20 ./Core/code/src/communication/sender/transmission/transmission.o
 .debug_aranges
                0x00000248       0x50 ./Core/code/src/perception/HAL/ultraSonic/ultraSonic.o
 .debug_aranges
                0x00000298       0x48 ./Core/code/src/perception/app/app.o
 .debug_aranges
                0x000002e0       0xf0 ./Drivers/STM32F4xx_HAL_Driver/Src/stm32f4xx_hal.o
 .debug_aranges
                0x000003d0      0x130 ./Drivers/STM32F4xx_HAL_Driver/Src/stm32f4xx_hal_cortex.o
 .debug_aranges
                0x00000500       0x58 ./Drivers/STM32F4xx_HAL_Driver/Src/stm32f4xx_hal_gpio.o
 .debug_aranges
                0x00000558       0x88 ./Drivers/STM32F4xx_HAL_Driver/Src/stm32f4xx_hal_rcc.o
 .debug_aranges
                0x000005e0      0x1d0 ./Drivers/STM32F4xx_HAL_Driver/Src/stm32f4xx_hal_spi.o
 .debug_aranges
                0x000007b0      0x3d0 ./Drivers/STM32F4xx_HAL_Driver/Src/stm32f4xx_hal_tim.o
 .debug_aranges
                0x00000b80      0x168 ./Drivers/STM32F4xx_HAL_Driver/Src/stm32f4xx_hal_tim_ex.o
 .debug_aranges
                0x00000ce8      0x2b0 ./Middlewares/Third_Party/FreeRTOS/Source/CMSIS_RTOS_V2/cmsis_os2.o
 .debug_aranges
                0x00000f98       0x40 ./Middlewares/Third_Party/FreeRTOS/Source/list.o
 .debug_aranges
                0x00000fd8      0x158 ./Middlewares/Third_Party/FreeRTOS/Source/queue.o
 .debug_aranges
                0x00001130      0x208 ./Middlewares/Third_Party/FreeRTOS/Source/tasks.o
 .debug_aranges
                0x00001338       0xf0 ./Middlewares/Third_Party/FreeRTOS/Source/timers.o
 .debug_aranges
                0x00001428       0x78 ./Middlewares/Third_Party/FreeRTOS/Source/portable/GCC/ARM_CM4F/port.o
 .debug_aranges
                0x000014a0       0x58 ./Middlewares/Third_Party/FreeRTOS/Source/portable/MemMang/heap_4.o

.debug_rnglists
                0x00000000     0x1001
 .debug_rnglists
                0x00000000       0x2d ./Core/Src/main.o
 .debug_rnglists
                0x0000002d       0x20 ./Core/Src/stm32f4xx_hal_msp.o
 .debug_rnglists
                0x0000004d       0x20 ./Core/Src/stm32f4xx_hal_timebase_tim.o
 .debug_rnglists
                0x0000006d       0x49 ./Core/Src/stm32f4xx_it.o
 .debug_rnglists
                0x000000b6       0x1a ./Core/Src/system_stm32f4xx.o
 .debug_rnglists
                0x000000d0       0x19 ./Core/Startup/startup_stm32f401rctx.o
 .debug_rnglists
                0x000000e9       0x2e ./Core/code/src/actuating/HAL/motor/motor.o
 .debug_rnglists
                0x00000117       0x20 ./Core/code/src/actuating/app/app.o
 .debug_rnglists
                0x00000137       0x14 ./Core/code/src/communication/communication.o
 .debug_rnglists
                0x0000014b       0x13 ./Core/code/src/communication/receiver/reception/reception.o
 .debug_rnglists
                0x0000015e       0x13 ./Core/code/src/communication/sender/formatter/serialization.o
 .debug_rnglists
                0x00000171       0x13 ./Core/code/src/communication/sender/transmission/transmission.o
 .debug_rnglists
                0x00000184       0x39 ./Core/code/src/perception/HAL/ultraSonic/ultraSonic.o
 .debug_rnglists
                0x000001bd       0x32 ./Core/code/src/perception/app/app.o
 .debug_rnglists
                0x000001ef       0xaf ./Drivers/STM32F4xx_HAL_Driver/Src/stm32f4xx_hal.o
 .debug_rnglists
                0x0000029e       0xe0 ./Drivers/STM32F4xx_HAL_Driver/Src/stm32f4xx_hal_cortex.o
 .debug_rnglists
                0x0000037e       0x3f ./Drivers/STM32F4xx_HAL_Driver/Src/stm32f4xx_hal_gpio.o
 .debug_rnglists
                0x000003bd       0x66 ./Drivers/STM32F4xx_HAL_Driver/Src/stm32f4xx_hal_rcc.o
 .debug_rnglists
                0x00000423      0x16f ./Drivers/STM32F4xx_HAL_Driver/Src/stm32f4xx_hal_spi.o
 .debug_rnglists
                0x00000592      0x31a ./Drivers/STM32F4xx_HAL_Driver/Src/stm32f4xx_hal_tim.o
 .debug_rnglists
                0x000008ac      0x125 ./Drivers/STM32F4xx_HAL_Driver/Src/stm32f4xx_hal_tim_ex.o
 .debug_rnglists
                0x000009d1      0x212 ./Middlewares/Third_Party/FreeRTOS/Source/CMSIS_RTOS_V2/cmsis_os2.o
 .debug_rnglists
                0x00000be3       0x2b ./Middlewares/Third_Party/FreeRTOS/Source/list.o
 .debug_rnglists
                0x00000c0e      0x107 ./Middlewares/Third_Party/FreeRTOS/Source/queue.o
 .debug_rnglists
                0x00000d15      0x19f ./Middlewares/Third_Party/FreeRTOS/Source/tasks.o
 .debug_rnglists
                0x00000eb4       0xb6 ./Middlewares/Third_Party/FreeRTOS/Source/timers.o
 .debug_rnglists
                0x00000f6a       0x55 ./Middlewares/Third_Party/FreeRTOS/Source/portable/GCC/ARM_CM4F/port.o
 .debug_rnglists
                0x00000fbf       0x42 ./Middlewares/Third_Party/FreeRTOS/Source/portable/MemMang/heap_4.o

.debug_macro    0x00000000     0x419e
 .debug_macro   0x00000000      0x321 ./Core/Src/main.o
 .debug_macro   0x00000321      0x168 ./Core/Src/main.o
 .debug_macro   0x00000489       0x66 ./Core/Src/main.o
 .debug_macro   0x000004ef       0x74 ./Core/Src/main.o
 .debug_macro   0x00000563       0xdd ./Core/Src/main.o
 .debug_macro   0x00000640       0x52 ./Core/Src/main.o
 .debug_macro   0x00000692       0x10 ./Core/Src/main.o
 .debug_macro   0x000006a2      0x1d8 ./Core/Src/stm32f4xx_hal_msp.o
 .debug_macro   0x0000087a      0x1ce ./Core/Src/stm32f4xx_hal_timebase_tim.o
 .debug_macro   0x00000a48      0x1e2 ./Core/Src/stm32f4xx_it.o
 .debug_macro   0x00000c2a      0x1ce ./Core/Src/system_stm32f4xx.o
 .debug_macro   0x00000df8      0x1d7 ./Core/code/src/actuating/HAL/motor/motor.o
 .debug_macro   0x00000fcf       0x3a ./Core/code/src/actuating/HAL/motor/motor.o
 .debug_macro   0x00001009      0x317 ./Core/code/src/actuating/app/app.o
 .debug_macro   0x00001320      0x1ea ./Core/code/src/communication/communication.o
 .debug_macro   0x0000150a      0x1e1 ./Core/code/src/communication/receiver/reception/reception.o
 .debug_macro   0x000016eb       0x77 ./Core/code/src/communication/sender/formatter/serialization.o
 .debug_macro   0x00001762      0x2c2 ./Core/code/src/communication/sender/transmission/transmission.o
 .debug_macro   0x00001a24       0x10 ./Core/code/src/communication/sender/transmission/transmission.o
 .debug_macro   0x00001a34       0x20 ./Core/code/src/communication/sender/transmission/transmission.o
 .debug_macro   0x00001a54       0x10 ./Core/code/src/communication/sender/transmission/transmission.o
 .debug_macro   0x00001a64      0x1d7 ./Core/code/src/perception/HAL/ultraSonic/ultraSonic.o
 .debug_macro   0x00001c3b       0x64 ./Core/code/src/perception/HAL/ultraSonic/ultraSonic.o
 .debug_macro   0x00001c9f      0x32a ./Core/code/src/perception/app/app.o
 .debug_macro   0x00001fc9      0x22e ./Drivers/STM32F4xx_HAL_Driver/Src/stm32f4xx_hal.o
 .debug_macro   0x000021f7      0x1ce ./Drivers/STM32F4xx_HAL_Driver/Src/stm32f4xx_hal_cortex.o
 .debug_macro   0x000023c5      0x1d4 ./Drivers/STM32F4xx_HAL_Driver/Src/stm32f4xx_hal_gpio.o
 .debug_macro   0x00002599      0x1f2 ./Drivers/STM32F4xx_HAL_Driver/Src/stm32f4xx_hal_rcc.o
 .debug_macro   0x0000278b      0x1dd ./Drivers/STM32F4xx_HAL_Driver/Src/stm32f4xx_hal_spi.o
 .debug_macro   0x00002968      0x1cf ./Drivers/STM32F4xx_HAL_Driver/Src/stm32f4xx_hal_tim.o
 .debug_macro   0x00002b37      0x1ce ./Drivers/STM32F4xx_HAL_Driver/Src/stm32f4xx_hal_tim_ex.o
 .debug_macro   0x00002d05      0x3d7 ./Middlewares/Third_Party/FreeRTOS/Source/CMSIS_RTOS_V2/cmsis_os2.o
 .debug_macro   0x000030dc       0x10 ./Middlewares/Third_Party/FreeRTOS/Source/CMSIS_RTOS_V2/cmsis_os2.o
 .debug_macro   0x000030ec       0xf5 ./Middlewares/Third_Party/FreeRTOS/Source/CMSIS_RTOS_V2/cmsis_os2.o
 .debug_macro   0x000031e1       0x16 ./Middlewares/Third_Party/FreeRTOS/Source/CMSIS_RTOS_V2/cmsis_os2.o
 .debug_macro   0x000031f7       0x91 ./Middlewares/Third_Party/FreeRTOS/Source/CMSIS_RTOS_V2/cmsis_os2.o
 .debug_macro   0x00003288       0x8d ./Middlewares/Third_Party/FreeRTOS/Source/CMSIS_RTOS_V2/cmsis_os2.o
 .debug_macro   0x00003315       0x9a ./Middlewares/Third_Party/FreeRTOS/Source/CMSIS_RTOS_V2/cmsis_os2.o
 .debug_macro   0x000033af       0x22 ./Middlewares/Third_Party/FreeRTOS/Source/CMSIS_RTOS_V2/cmsis_os2.o